TAP version 13
# Subtest: F02b operator quality software validation, synthetic real-branch data
    # Subtest: normalized upload is actual WebP with bound hashes; output and depth stay PNG
    ok 1 - normalized upload is actual WebP with bound hashes; output and depth stay PNG
      ---
      duration_ms: 33.569862
      type: 'test'
      ...
    # Subtest: otherwise valid synthetic real branch accepts, evidence is canonical, final locks are account then job
    ok 2 - otherwise valid synthetic real branch accepts, evidence is canonical, final locks are account then job
      ---
      duration_ms: 30.721211
      type: 'test'
      ...
    # Subtest: GEOM-03 fixture-quality exclusion targeted assertion, otherwise-valid byte/report provenance
    not ok 3 - GEOM-03 fixture-quality exclusion targeted assertion, otherwise-valid byte/report provenance
      ---
      duration_ms: 19.759377
      type: 'test'
      location: '/tmp/n8-i7-fixture-copy-f4ttrtjr/tests/quality.test.js:60:13'
      failureType: 'testCodeFailure'
      error: 'quality_mode_invalid'
      code: 'ERR_TEST_FAILURE'
      stack: |-
        requireRealQuality (file:///tmp/n8-i7-fixture-copy-f4ttrtjr/web/quality.js:49:37)
        Object.review (file:///tmp/n8-i7-fixture-copy-f4ttrtjr/web/quality.js:64:7)
        async TestContext.<anonymous> (file:///tmp/n8-i7-fixture-copy-f4ttrtjr/tests/quality.test.js:63:11)
        async Test.run (node:internal/test_runner/test:1054:7)
        async TestContext.<anonymous> (file:///tmp/n8-i7-fixture-copy-f4ttrtjr/tests/quality.test.js:60:5)
        async Test.run (node:internal/test_runner/test:1054:7)
        async startSubtestAfterBootstrap (node:internal/test_runner/harness:296:3)
      ...
    # Subtest: ordinary actor, absent report, mismatched report, changed bytes and modified immutable evidence refuse
    ok 4 - ordinary actor, absent report, mismatched report, changed bytes and modified immutable evidence refuse
      ---
      duration_ms: 28.66875
      type: 'test'
      ...
    # Subtest: measured corpus thresholds, coverage, source, config, report hashes and synthetic flag
    ok 5 - measured corpus thresholds, coverage, source, config, report hashes and synthetic flag
      ---
      duration_ms: 28.294231
      type: 'test'
      ...
    # Subtest: 12 aliases of one complete input plus 11 single-style inputs cannot satisfy distinct 12x3 coverage
    ok 6 - 12 aliases of one complete input plus 11 single-style inputs cannot satisfy distinct 12x3 coverage
      ---
      duration_ms: 20.428947
      type: 'test'
      ...
    1..6
not ok 1 - F02b operator quality software validation, synthetic real-branch data
  ---
  duration_ms: 178.167803
  type: 'test'
  location: '/tmp/n8-i7-fixture-copy-f4ttrtjr/tests/quality.test.js:33:1'
  failureType: 'subtestsFailed'
  error: '1 subtest failed'
  code: 'ERR_TEST_FAILURE'
  ...
1..1
# tests 7
# suites 0
# pass 5
# fail 2
# cancelled 0
# skipped 0
# todo 0
# duration_ms 186.325337
