TAP version 13
# Subtest: F03b real PG durable final authority, all stop races, sink privacy and outcomes
    # Subtest: B1/B2 SC-US-003-4 revoke
    ok 1 - B1/B2 SC-US-003-4 revoke
      ---
      duration_ms: 511.019842
      type: 'test'
      ...
    # Subtest: B1/B2 SC-US-003-5 revoke
    ok 2 - B1/B2 SC-US-003-5 revoke
      ---
      duration_ms: 497.646178
      type: 'test'
      ...
    # Subtest: B1/B2 SC-US-003-4 version
    ok 3 - B1/B2 SC-US-003-4 version
      ---
      duration_ms: 381.993237
      type: 'test'
      ...
    # Subtest: B1/B2 SC-US-003-5 version
    ok 4 - B1/B2 SC-US-003-5 version
      ---
      duration_ms: 396.819051
      type: 'test'
      ...
    # Subtest: B1/B2 SC-US-003-4 pause
    ok 5 - B1/B2 SC-US-003-4 pause
      ---
      duration_ms: 354.715897
      type: 'test'
      ...
    # Subtest: B1/B2 SC-US-003-5 pause
    ok 6 - B1/B2 SC-US-003-5 pause
      ---
      duration_ms: 393.216471
      type: 'test'
      ...
    # Subtest: B1/B2 SC-US-003-4 sender_withdraw
    ok 7 - B1/B2 SC-US-003-4 sender_withdraw
      ---
      duration_ms: 451.101011
      type: 'test'
      ...
    # Subtest: B1/B2 SC-US-003-5 sender_withdraw
    ok 8 - B1/B2 SC-US-003-5 sender_withdraw
      ---
      duration_ms: 580.138387
      type: 'test'
      ...
    # Subtest: B1/B2 SC-US-003-4 recipient_withdraw
    ok 9 - B1/B2 SC-US-003-4 recipient_withdraw
      ---
      duration_ms: 508.772572
      type: 'test'
      ...
    # Subtest: B1/B2 SC-US-003-5 recipient_withdraw
    ok 10 - B1/B2 SC-US-003-5 recipient_withdraw
      ---
      duration_ms: 524.566727
      type: 'test'
      ...
    # Subtest: B1/B2 SC-US-003-4 reply
    ok 11 - B1/B2 SC-US-003-4 reply
      ---
      duration_ms: 555.156579
      type: 'test'
      ...
    # Subtest: B1/B2 SC-US-003-5 reply
    ok 12 - B1/B2 SC-US-003-5 reply
      ---
      duration_ms: 475.9699
      type: 'test'
      ...
    # Subtest: B1/B2 SC-US-003-4 unsubscribe
    ok 13 - B1/B2 SC-US-003-4 unsubscribe
      ---
      duration_ms: 404.495324
      type: 'test'
      ...
    # Subtest: B1/B2 SC-US-003-5 unsubscribe
    ok 14 - B1/B2 SC-US-003-5 unsubscribe
      ---
      duration_ms: 415.972269
      type: 'test'
      ...
    # Subtest: B1/B2 SC-US-003-4 complaint
    ok 15 - B1/B2 SC-US-003-4 complaint
      ---
      duration_ms: 350.679695
      type: 'test'
      ...
    # Subtest: B1/B2 SC-US-003-5 complaint
    ok 16 - B1/B2 SC-US-003-5 complaint
      ---
      duration_ms: 405.931515
      type: 'test'
      ...
    # Subtest: B1/B2 SC-US-003-4 disable
    ok 17 - B1/B2 SC-US-003-4 disable
      ---
      duration_ms: 369.020502
      type: 'test'
      ...
    # Subtest: B1/B2 SC-US-003-5 disable
    ok 18 - B1/B2 SC-US-003-5 disable
      ---
      duration_ms: 300.510917
      type: 'test'
      ...
    # Subtest: B1/B2 SC-US-003-4 limit
    ok 19 - B1/B2 SC-US-003-4 limit
      ---
      duration_ms: 361.220078
      type: 'test'
      ...
    # Subtest: B1/B2 SC-US-003-5 limit
    ok 20 - B1/B2 SC-US-003-5 limit
      ---
      duration_ms: 459.081413
      type: 'test'
      ...
    # Subtest: B3 durable rendered sink/token/message refs with own OR intended pool peer read only
    ok 21 - B3 durable rendered sink/token/message refs with own OR intended pool peer read only
      ---
      duration_ms: 1117.796899
      type: 'test'
      ...
    # Subtest: R2 B5 authenticated disabled inspection unavailable before either reader
    ok 22 - R2 B5 authenticated disabled inspection unavailable before either reader
      ---
      duration_ms: 513.704513
      type: 'test'
      ...
    # Subtest: R1 post-lock clock lease45s rejects expired waiter with zero adapter calls
    ok 23 - R1 post-lock clock lease45s rejects expired waiter with zero adapter calls
      ---
      duration_ms: 358.356038
      type: 'test'
      ...
    # Subtest: R1 post-lock clock poll60s rejects stale waiter with live lease and zero adapter calls
    ok 24 - R1 post-lock clock poll60s rejects stale waiter with live lease and zero adapter calls
      ---
      duration_ms: 331.156728
      type: 'test'
      ...
    # Subtest: R1 post-lock clock retry120s rejects ceiling waiter with zero adapter calls
    ok 25 - R1 post-lock clock retry120s rejects ceiling waiter with zero adapter calls
      ---
      duration_ms: 342.872323
      type: 'test'
      ...
    # Subtest: R1 post-lock clock midnight concurrent waiters enforce new-day provider limit1 and reservations
    ok 26 - R1 post-lock clock midnight concurrent waiters enforce new-day provider limit1 and reservations
      ---
      duration_ms: 351.697465
      type: 'test'
      ...
    # Subtest: B1/B5 default disabled, wrong/expired lease, exact poll boundaries and incomplete scan
    ok 27 - B1/B5 default disabled, wrong/expired lease, exact poll boundaries and incomplete scan
      ---
      duration_ms: 2234.107588
      type: 'test'
      ...
    # Subtest: B5 midnight reservations move under concurrent final guard; provider lowered, no off-by-one
    ok 28 - B5 midnight reservations move under concurrent final guard; provider lowered, no off-by-one
      ---
      duration_ms: 306.593999
      type: 'test'
      ...
    # Subtest: B4 proved pre-DATA only, 60s pacing within original120s ceiling, re-enter guards/quota
    ok 29 - B4 proved pre-DATA only, 60s pacing within original120s ceiling, re-enter guards/quota
      ---
      duration_ms: 963.839644
      type: 'test'
      ...
    # Subtest: B4/B5 retry120s exact ceiling, ambiguous timeout/crash retain quota, never recover resend
    ok 30 - B4/B5 retry120s exact ceiling, ambiguous timeout/crash retain quota, never recover resend
      ---
      duration_ms: 2726.662793
      type: 'test'
      ...
    1..30
ok 1 - F03b real PG durable final authority, all stop races, sink privacy and outcomes
  ---
  duration_ms: 18232.183668
  type: 'test'
  ...
1..1
# tests 31
# suites 0
# pass 31
# fail 0
# cancelled 0
# skipped 0
# todo 0
# duration_ms 18805.320253
