
> roomkind-f01@0.1.0 test
> node tests/boundaries.test.js && node tests/media.test.js

TAP version 13
# Subtest: AUTH-01 canonical email and all password edges, including Unicode
ok 1 - AUTH-01 canonical email and all password edges, including Unicode
  ---
  duration_ms: 2.928411
  type: 'test'
  ...
# Subtest: AUTH-03 exact Origin denies missing, null, foreign, prefixes
ok 2 - AUTH-03 exact Origin denies missing, null, foreign, prefixes
  ---
  duration_ms: 0.55731
  type: 'test'
  ...
# Subtest: SEC-02 UUID path traversal/URL/malformed boundaries
ok 3 - SEC-02 UUID path traversal/URL/malformed boundaries
  ---
  duration_ms: 1.447251
  type: 'test'
  ...
# Subtest: AUTH-03 JSON 16KiB and streamed body boundaries
ok 4 - AUTH-03 JSON 16KiB and streamed body boundaries
  ---
  duration_ms: 10.031854
  type: 'test'
  ...
# Subtest: AUTH-03/SEC-02 exact rate edges, expiry and distinct NAT account keys
ok 5 - AUTH-03/SEC-02 exact rate edges, expiry and distinct NAT account keys
  ---
  duration_ms: 1.35784
  type: 'test'
  ...
# Subtest: capacity rejects parallel overflow without holding a DB connection or queuing
ok 6 - capacity rejects parallel overflow without holding a DB connection or queuing
  ---
  duration_ms: 0.66274
  type: 'test'
  ...
# Subtest: SEC-01 missing and unsafe config fails closed; local/nonlocal cookie policy
ok 7 - SEC-01 missing and unsafe config fails closed; local/nonlocal cookie policy
  ---
  duration_ms: 5.156622
  type: 'test'
  ...
1..7
# tests 7
# suites 0
# pass 7
# fail 0
# cancelled 0
# skipped 0
# todo 0
# duration_ms 38.610243
TAP version 13
# Subtest: AUTH-02 random 32-byte token, HMAC-only record and cookie flags
ok 1 - AUTH-02 random 32-byte token, HMAC-only record and cookie flags
  ---
  duration_ms: 2.767541
  type: 'test'
  ...
# Subtest: AUTH-01 all 128 Unicode characters affect bcrypt; dummy hash uses cost 10
ok 2 - AUTH-01 all 128 Unicode characters affect bcrypt; dummy hash uses cost 10
  ---
  duration_ms: 366.756781
  type: 'test'
  ...
# Subtest: UPLOAD-01 JPEG/PNG/WebP real decode, matching magic and invalid/truncated data
ok 3 - UPLOAD-01 JPEG/PNG/WebP real decode, matching magic and invalid/truncated data
  ---
  duration_ms: 130.480357
  type: 'test'
  ...
# Subtest: UPLOAD-01 exact byte limit and orientation normalization strips EXIF
ok 4 - UPLOAD-01 exact byte limit and orientation normalization strips EXIF
  ---
  duration_ms: 86.432421
  type: 'test'
  ...
# Subtest: UPLOAD-01 exact 20MP and one-row beyond for each allowed format
ok 5 - UPLOAD-01 exact 20MP and one-row beyond for each allowed format
  ---
  duration_ms: 9105.47713
  type: 'test'
  ...
1..5
# tests 5
# suites 0
# pass 5
# fail 0
# cancelled 0
# skipped 0
# todo 0
# duration_ms 9703.434414
