TAP version 13
# Subtest: uncertain response survives reload with same body/key; selection and account isolate
not ok 1 - uncertain response survives reload with same body/key; selection and account isolate
  ---
  duration_ms: 3.804972
  type: 'test'
  location: '/tmp/n8-ui-mutation-oloagucc/test.js:5:1'
  failureType: 'testCodeFailure'
  error: |-
    Expected values to be strictly deep-equal:
    + actual - expected
    
      {
    +   idempotency_key: '2',
    -   idempotency_key: '1',
        style: 'warm',
        upload_id: 'room1'
      }
    
  code: 'ERR_ASSERTION'
  name: 'AssertionError'
  expected:
    upload_id: 'room1'
    style: 'warm'
    idempotency_key: '1'
  actual:
    upload_id: 'room1'
    style: 'warm'
    idempotency_key: '2'
  operator: 'deepStrictEqual'
  stack: |-
    TestContext.<anonymous> (file:///tmp/n8-ui-mutation-oloagucc/test.js:8:61)
    Test.runInAsyncScope (node:async_hooks:214:14)
    Test.run (node:internal/test_runner/test:1047:25)
    Test.start (node:internal/test_runner/test:944:17)
    startSubtestAfterBootstrap (node:internal/test_runner/harness:296:17)
  ...
# Subtest: account switch aborts and rejects late former-owner image even if transport ignores abort
ok 2 - account switch aborts and rejects late former-owner image even if transport ignores abort
  ---
  duration_ms: 1.2925
  type: 'test'
  ...
# Subtest: native outcomes depend on promise; invocation starts immediately in user gesture
ok 3 - native outcomes depend on promise; invocation starts immediately in user gesture
  ---
  duration_ms: 0.769981
  type: 'test'
  ...
# Subtest: checkout rejects executable/insecure/credential URLs; fixture stays local
ok 4 - checkout rejects executable/insecure/credential URLs; fixture stays local
  ---
  duration_ms: 0.52647
  type: 'test'
  ...
1..4
# tests 4
# suites 0
# pass 3
# fail 1
# cancelled 0
# skipped 0
# todo 0
# duration_ms 23.904599
