TAP version 13
# Subtest: uncertain response survives reload with same body/key; selection and account isolate
ok 1 - uncertain response survives reload with same body/key; selection and account isolate
  ---
  duration_ms: 3.132401
  type: 'test'
  ...
# Subtest: account switch aborts and rejects late former-owner image even if transport ignores abort
not ok 2 - account switch aborts and rejects late former-owner image even if transport ignores abort
  ---
  duration_ms: 1.846301
  type: 'test'
  location: '/tmp/n8-ui-mutation-yq9x3vc6/test.js:14:1'
  failureType: 'testCodeFailure'
  error: 'Missing expected rejection.'
  code: 'ERR_ASSERTION'
  name: 'AssertionError'
  expected:
  operator: 'rejects'
  stack: |-
    async TestContext.<anonymous> (file:///tmp/n8-ui-mutation-yq9x3vc6/test.js:17:82)
    async Test.run (node:internal/test_runner/test:1054:7)
    async Test.processPendingSubtests (node:internal/test_runner/test:744:7)
  ...
# Subtest: native outcomes depend on promise; invocation starts immediately in user gesture
ok 3 - native outcomes depend on promise; invocation starts immediately in user gesture
  ---
  duration_ms: 1.05153
  type: 'test'
  ...
# Subtest: checkout rejects executable/insecure/credential URLs; fixture stays local
ok 4 - checkout rejects executable/insecure/credential URLs; fixture stays local
  ---
  duration_ms: 2.361861
  type: 'test'
  ...
1..4
# tests 4
# suites 0
# pass 3
# fail 1
# cancelled 0
# skipped 0
# todo 0
# duration_ms 25.42693
