TAP version 13
# Subtest: tests/attribution.test.js
ok 1 - tests/attribution.test.js
  ---
  duration_ms: 672.09774
  type: 'test'
  ...
# Subtest: tests/jobs.test.js
ok 2 - tests/jobs.test.js
  ---
  duration_ms: 485.005173
  type: 'test'
  ...
# Subtest: tests/partners.test.js
ok 3 - tests/partners.test.js
  ---
  duration_ms: 407.414416
  type: 'test'
  ...
# Subtest: tests/payments.test.js
ok 4 - tests/payments.test.js
  ---
  duration_ms: 10590.96584
  type: 'test'
  ...
# Subtest: tests/quality.test.js
ok 5 - tests/quality.test.js
  ---
  duration_ms: 684.636624
  type: 'test'
  ...
# Subtest: tests/sharing.http.test.js
ok 6 - tests/sharing.http.test.js
  ---
  duration_ms: 1573.378141
  type: 'test'
  ...
# Subtest: tests/sharing.test.js
ok 7 - tests/sharing.test.js
  ---
  duration_ms: 4152.513652
  type: 'test'
  ...
1..7
# tests 7
# suites 0
# pass 7
# fail 0
# cancelled 0
# skipped 0
# todo 0
# duration_ms 10627.303494
