TAP version 13
# Subtest: uncertain response survives reload with same body/key; selection and account isolate
ok 1 - uncertain response survives reload with same body/key; selection and account isolate
  ---
  duration_ms: 3.114482
  type: 'test'
  ...
# Subtest: account switch aborts and rejects late former-owner image even if transport ignores abort
ok 2 - account switch aborts and rejects late former-owner image even if transport ignores abort
  ---
  duration_ms: 1.32445
  type: 'test'
  ...
# Subtest: native outcomes depend on promise; invocation starts immediately in user gesture
ok 3 - native outcomes depend on promise; invocation starts immediately in user gesture
  ---
  duration_ms: 2.225541
  type: 'test'
  ...
# Subtest: checkout rejects executable/insecure/credential URLs; fixture stays local
ok 4 - checkout rejects executable/insecure/credential URLs; fixture stays local
  ---
  duration_ms: 0.67307
  type: 'test'
  ...
1..4
# tests 4
# suites 0
# pass 4
# fail 0
# cancelled 0
# skipped 0
# todo 0
# duration_ms 26.398509
