 Container n8-f04b-candidate-maintenance-1 Stopping 
 Container n8-f04b-candidate-maintenance-1 Stopped 
 Container n8-f04b-candidate-maintenance-1 Removing 
 Container n8-f04b-candidate-maintenance-1 Removed 
 Container n8-f04b-candidate-web-1 Stopping 
 Container n8-f04b-candidate-web-1 Stopped 
 Container n8-f04b-candidate-web-1 Removing 
 Container n8-f04b-candidate-web-1 Removed 
 Container n8-f04b-candidate-db-1 Stopping 
 Container n8-f04b-candidate-db-1 Stopped 
 Container n8-f04b-candidate-db-1 Removing 
 Container n8-f04b-candidate-db-1 Removed 
 Volume n8-f04b-candidate_media Removing 
 Network n8-f04b-candidate_frontend Removing 
 Volume n8-f04b-candidate_database Removing 
 Network n8-f04b-candidate_private Removing 
 Volume n8-f04b-candidate_media Removed 
 Volume n8-f04b-candidate_database Removed 
 Network n8-f04b-candidate_frontend Removed 
 Network n8-f04b-candidate_private Removed 
