#1 [internal] load local bake definitions
#1 reading from stdin 1.38kB done
#1 DONE 0.0s

#2 [maintenance internal] load build definition from Dockerfile
#2 DONE 0.0s

#2 [maintenance internal] load build definition from Dockerfile
#2 transferring dockerfile: 381B 0.0s done
#2 DONE 0.0s

#3 [web internal] load metadata for docker.io/library/node:22.20.0-bookworm-slim
#3 DONE 0.0s

#4 [web internal] load .dockerignore
#4 transferring context: 101B done
#4 DONE 0.0s

#5 [web 1/8] FROM docker.io/library/node:22.20.0-bookworm-slim@sha256:b21fe589dfbe5cc39365d0544b9be3f1f33f55f3c86c87a76ff65a02f8f5848e
#5 resolve docker.io/library/node:22.20.0-bookworm-slim@sha256:b21fe589dfbe5cc39365d0544b9be3f1f33f55f3c86c87a76ff65a02f8f5848e 0.1s done
#5 DONE 0.1s

#6 [maintenance internal] load build context
#6 transferring context: 68.26kB 0.0s done
#6 DONE 0.0s

#7 [web 3/8] COPY package.json package-lock.json ./
#7 CACHED

#8 [web 2/8] WORKDIR /app
#8 CACHED

#9 [web 4/8] RUN npm ci --omit=dev --include=optional && npm cache clean --force
#9 CACHED

#10 [maintenance 5/8] COPY web ./web
#10 DONE 0.9s

#11 [maintenance 6/8] COPY db ./db
#11 DONE 0.1s

#12 [web 7/8] COPY scripts ./scripts
#12 DONE 0.1s

#13 [web 8/8] RUN mkdir -p /private && chown node:node /private
#13 DONE 1.0s

#14 [maintenance] exporting to image
#14 exporting layers
#14 exporting layers 0.2s done
#14 exporting manifest sha256:bc353ce7c8ab4b621d79f2d5621fcd0f785594d5d63ebdf7c5f5972e9bb2afba 0.0s done
#14 exporting config sha256:29f352a9ffddbec113d05df94973266756a12fb678aad92329d2d07f65fbd6f1 0.0s done
#14 exporting attestation manifest sha256:9ed1836a13055a60b16e8040bc073284262da5571488a9eb8d9e7fc93b43da8e
#14 exporting attestation manifest sha256:9ed1836a13055a60b16e8040bc073284262da5571488a9eb8d9e7fc93b43da8e 0.0s done
#14 exporting manifest list sha256:4be084ee0d4d6efb2534dfae755604ea0babd3eea41904418ac3bfa70f540638 0.0s done
#14 naming to docker.io/library/n8-f04b-candidate-maintenance:latest 0.0s done
#14 unpacking to docker.io/library/n8-f04b-candidate-maintenance:latest
#14 unpacking to docker.io/library/n8-f04b-candidate-maintenance:latest 0.2s done
#14 DONE 0.7s

#15 [web] exporting to image
#15 exporting layers 0.2s done
#15 exporting manifest sha256:2b737eda7b2c2419a572c89763336bd1bf452df54687855512baa9dab8de4ae0 0.0s done
#15 exporting config sha256:206007f6aaf7406d48ff454648599e62c788c1253d87fb449a183ce37ad0988c 0.0s done
#15 exporting attestation manifest sha256:a7d305ca86fd2f26bb9dcac88d2fad5ad55500a333e9799bf39fc17a61ca158a 0.0s done
#15 exporting manifest list sha256:d0b90f1354ada435065d88274700ba4a92033a15cc9f46ab12769b3f3c8b83bd 0.0s done
#15 naming to docker.io/library/n8-f04b-candidate-web:latest done
#15 unpacking to docker.io/library/n8-f04b-candidate-web:latest 0.2s done
#15 DONE 0.7s

#16 [maintenance] resolving provenance for metadata file
#16 DONE 0.0s

#17 [web] resolving provenance for metadata file
#17 DONE 0.0s
 Image n8-f04b-candidate-web Building 
 Image n8-f04b-candidate-maintenance Building 
 Image n8-f04b-candidate-web Built 
 Image n8-f04b-candidate-maintenance Built 
