TAP version 13
# Subtest: F02b real subprocess bounds, cancellation, lease and cleanup
    # Subtest: one persistent subprocess survives two requests; fixture has actual independent hashes
    ok 1 - one persistent subprocess survives two requests; fixture has actual independent hashes
      ---
      duration_ms: 91.415273
      type: 'test'
      ...
    # Subtest: actual bytes/hash mismatch refuses completion and removes all orphan artifacts
    ok 2 - actual bytes/hash mismatch refuses completion and removes all orphan artifacts
      ---
      duration_ms: 63.871472
      type: 'test'
      ...
    # Subtest: deadline kills actual subprocess; partial artifacts removed
    ok 3 - deadline kills actual subprocess; partial artifacts removed
      ---
      duration_ms: 129.504257
      type: 'test'
      ...
    # Subtest: lost heartbeat cancels child and fences attach
    ok 4 - lost heartbeat cancels child and fences attach
      ---
      duration_ms: 29.01928
      type: 'test'
      ...
    # Subtest: external cancellation kills subprocess
    ok 5 - external cancellation kills subprocess
      ---
      duration_ms: 38.708934
      type: 'test'
      ...
    # Subtest: invalid and oversized stdout or stderr fail bounded protocol
    ok 6 - invalid and oversized stdout or stderr fail bounded protocol
      ---
      duration_ms: 157.039846
      type: 'test'
      ...
    # Subtest: malformed response then awaited stop terminates failed child before healthy restart
    ok 7 - malformed response then awaited stop terminates failed child before healthy restart
      ---
      duration_ms: 128.228575
      type: 'test'
      ...
    # Subtest: obsolete child exit cannot reject an immediate replacement request
    ok 8 - obsolete child exit cannot reject an immediate replacement request
      ---
      duration_ms: 102.996277
      type: 'test'
      ...
    # Subtest: concurrent requests still refuse engine_busy without disturbing active request
    ok 9 - concurrent requests still refuse engine_busy without disturbing active request
      ---
      duration_ms: 59.057201
      type: 'test'
      ...
    # Subtest: stale fence cleans otherwise valid result
    ok 10 - stale fence cleans otherwise valid result
      ---
      duration_ms: 64.466263
      type: 'test'
      ...
    # Subtest: symlinks and unbounded artifact bytes denied
    ok 11 - symlinks and unbounded artifact bytes denied
      ---
      duration_ms: 5.786142
      type: 'test'
      ...
    # Subtest: private reads enforce owner/rejection twice and exact immutable bytes
    ok 12 - private reads enforce owner/rejection twice and exact immutable bytes
      ---
      duration_ms: 8.583303
      type: 'test'
      ...
    1..12
ok 1 - F02b real subprocess bounds, cancellation, lease and cleanup
  ---
  duration_ms: 911.518985
  type: 'test'
  ...
1..1
# tests 13
# suites 0
# pass 13
# fail 0
# cancelled 0
# skipped 0
# todo 0
# duration_ms 918.512758
