TAP version 13
# Subtest: JOB-01 style/key/UUID boundaries and canonical body hash
ok 1 - JOB-01 style/key/UUID boundaries and canonical body hash
  ---
  duration_ms: 4.835102
  type: 'test'
  ...
# Subtest: PERF-01/SEC-01 required positive integer lower-only budget config
ok 2 - PERF-01/SEC-01 required positive integer lower-only budget config
  ---
  duration_ms: 4.603362
  type: 'test'
  ...
# Subtest: Output contract requires complete evidence and refuses production fixture
ok 3 - Output contract requires complete evidence and refuses production fixture
  ---
  duration_ms: 2.46228
  type: 'test'
  ...
# Subtest: Trusted clock injection is restricted to explicit test runtime
ok 4 - Trusted clock injection is restricted to explicit test runtime
  ---
  duration_ms: 1.434681
  type: 'test'
  ...
# Subtest: Provenance rejects unsupported shapes and serializes a detached canonical revision object
ok 5 - Provenance rejects unsupported shapes and serializes a detached canonical revision object
  ---
  duration_ms: 2.719661
  type: 'test'
  ...
1..5
# tests 5
# suites 0
# pass 5
# fail 0
# cancelled 0
# skipped 0
# todo 0
# duration_ms 37.471114
