TAP version 13
# Subtest: F07 I4b worker on owned internal PostgreSQL16
    # Subtest: real I1 create poll I3 bytes and I5a atomic private completion
    ok 1 - real I1 create poll I3 bytes and I5a atomic private completion
      ---
      duration_ms: 879.715534
      type: 'test'
      ...
    # Subtest: known-ID recovery GET only preserves original ticket deadline attempt and spend
    ok 2 - known-ID recovery GET only preserves original ticket deadline attempt and spend
      ---
      duration_ms: 945.408907
      type: 'test'
      ...
    # Subtest: changed seed settings request transform and bytes deny before ANY GET
        # Subtest: seed
        ok 1 - seed
          ---
          duration_ms: 595.190032
          type: 'test'
          ...
        # Subtest: style
        ok 2 - style
          ---
          duration_ms: 503.16358
          type: 'test'
          ...
        # Subtest: request
        ok 3 - request
          ---
          duration_ms: 764.848713
          type: 'test'
          ...
        # Subtest: transform
        ok 4 - transform
          ---
          duration_ms: 508.070132
          type: 'test'
          ...
        # Subtest: bytes
        ok 5 - bytes
          ---
          duration_ms: 458.151483
          type: 'test'
          ...
        1..5
    ok 3 - changed seed settings request transform and bytes deny before ANY GET
      ---
      duration_ms: 2831.98625
      type: 'test'
      ...
    # Subtest: submitting without identity and ambiguity never authorize or replay
    ok 4 - submitting without identity and ambiguity never authorize or replay
      ---
      duration_ms: 1151.590151
      type: 'test'
      ...
    # Subtest: hold before CAS denies, hold after CAS allows already authorized private work
    ok 5 - hold before CAS denies, hold after CAS allows already authorized private work
      ---
      duration_ms: 1250.520006
      type: 'test'
      ...
    # Subtest: deletion during actual send observation prevents private attachment and releases once
    ok 6 - deletion during actual send observation prevents private attachment and releases once
      ---
      duration_ms: 579.287397
      type: 'test'
      ...
    # Subtest: stale claim and lost real heartbeat cannot attach
    ok 7 - stale claim and lost real heartbeat cannot attach
      ---
      duration_ms: 1247.967996
      type: 'test'
      ...
    # Subtest: unknown missing and zero spend envelope never creates
    ok 8 - unknown missing and zero spend envelope never creates
      ---
      duration_ms: 873.830102
      type: 'test'
      ...
    # Subtest: uncertain actual committed winner survives false/throw completion responses
        # Subtest: false
        ok 1 - false
          ---
          duration_ms: 714.876075
          type: 'test'
          ...
        # Subtest: throw
        ok 2 - throw
          ---
          duration_ms: 665.809758
          type: 'test'
          ...
        1..2
    ok 9 - uncertain actual committed winner survives false/throw completion responses
      ---
      duration_ms: 1381.485743
      type: 'test'
      ...
    # Subtest: unavailable reference lookup preserves actual winner files and no fail
    ok 10 - unavailable reference lookup preserves actual winner files and no fail
      ---
      duration_ms: 688.572666
      type: 'test'
      ...
    # Subtest: R1 real stale-fence false completion cleans unreferenced artifacts and releases once
    ok 11 - R1 real stale-fence false completion cleans unreferenced artifacts and releases once
      ---
      duration_ms: 860.997637
      type: 'test'
      ...
    # Subtest: R1 global and evidence-only references protect actual completion-generated bytes
        # Subtest: global
        ok 1 - global
          ---
          duration_ms: 790.096312
          type: 'test'
          ...
        # Subtest: evidence-only
        ok 2 - evidence-only
          ---
          duration_ms: 861.048847
          type: 'test'
          ...
        1..2
    ok 12 - R1 global and evidence-only references protect actual completion-generated bytes
      ---
      duration_ms: 1652.264519
      type: 'test'
      ...
    1..12
ok 1 - F07 I4b worker on owned internal PostgreSQL16
  ---
  duration_ms: 15010.029108
  type: 'test'
  ...
1..1
# tests 22
# suites 0
# pass 22
# fail 0
# cancelled 0
# skipped 0
# todo 0
# duration_ms 15369.436117
 Container n8f07i4br1-tests-run-c8da956dee56 Creating 
 Container n8f07i4br1-tests-run-c8da956dee56 Created 
