TAP version 13
# Subtest: JOB-01 style/key/UUID boundaries and canonical body hash
ok 1 - JOB-01 style/key/UUID boundaries and canonical body hash
  ---
  duration_ms: 3.899781
  type: 'test'
  ...
# Subtest: PERF-01/SEC-01 required positive integer lower-only budget config
ok 2 - PERF-01/SEC-01 required positive integer lower-only budget config
  ---
  duration_ms: 4.831041
  type: 'test'
  ...
# Subtest: Output contract requires complete evidence and refuses production fixture
ok 3 - Output contract requires complete evidence and refuses production fixture
  ---
  duration_ms: 2.976731
  type: 'test'
  ...
# Subtest: Trusted clock injection is restricted to explicit test runtime
ok 4 - Trusted clock injection is restricted to explicit test runtime
  ---
  duration_ms: 5.270581
  type: 'test'
  ...
# Subtest: Provenance rejects unsupported shapes and serializes a detached canonical revision object
ok 5 - Provenance rejects unsupported shapes and serializes a detached canonical revision object
  ---
  duration_ms: 2.851361
  type: 'test'
  ...
# Subtest: standalone cleanup opt-in exact pins/private token; absent/false disabled; no create settings
ok 6 - standalone cleanup opt-in exact pins/private token; absent/false disabled; no create settings
  ---
  duration_ms: 7.901503
  type: 'test'
  ...
# Subtest: cancel request persisted before sole first action; next pass GET; canceled confirmation only
ok 7 - cancel request persisted before sole first action; next pass GET; canceled confirmation only
  ---
  duration_ms: 15.694585
  type: 'test'
  ...
# Subtest: stale cleanup fence observation and finalization write nothing (mutation oracle)
ok 8 - stale cleanup fence observation and finalization write nothing (mutation oracle)
  ---
  duration_ms: 2.672331
  type: 'test'
  ...
# Subtest: expired lease observes nothing; reclaim gets fresh fence and GET after persisted cancel
ok 9 - expired lease observes nothing; reclaim gets fresh fence and GET after persisted cancel
  ---
  duration_ms: 3.604952
  type: 'test'
  ...
# Subtest: unknown, quarantine, missing/future timestamp and retention boundary unresolved zero HTTP
ok 10 - unknown, quarantine, missing/future timestamp and retention boundary unresolved zero HTTP
  ---
  duration_ms: 3.569341
  type: 'test'
  ...
# Subtest: recorded terminal done without network; success race exposes counts only and no cancellation confirmation
ok 11 - recorded terminal done without network; success race exposes counts only and no cancellation confirmation
  ---
  duration_ms: 3.936741
  type: 'test'
  ...
# Subtest: errors/404/429/malformed never done; cancel requested retained and GET next pass
ok 12 - errors/404/429/malformed never done; cancel requested retained and GET next pass
  ---
  duration_ms: 17.162306
  type: 'test'
  ...
# Subtest: one scan, max100 sequential actions, original expired attempt identity, pass budget exhaustion
ok 13 - one scan, max100 sequential actions, original expired attempt identity, pass budget exhaustion
  ---
  duration_ms: 92.618393
  type: 'test'
  ...
# Subtest: new create poll import: real files, closed evidence, durable queue and null metrics
ok 14 - new create poll import: real files, closed evidence, durable queue and null metrics
  ---
  duration_ms: 165.247099
  type: 'test'
  ...
# Subtest: known identity recovery reconstructs request and uses GET only
ok 15 - known identity recovery reconstructs request and uses GET only
  ---
  duration_ms: 157.764026
  type: 'test'
  ...
# Subtest: changed recovery seed or request binding makes ZERO GET/POST
    # Subtest: seed
    ok 1 - seed
      ---
      duration_ms: 91.839423
      type: 'test'
      ...
    # Subtest: request
    ok 2 - request
      ---
      duration_ms: 73.839087
      type: 'test'
      ...
    # Subtest: transmitted
    ok 3 - transmitted
      ---
      duration_ms: 72.855076
      type: 'test'
      ...
    # Subtest: transform
    ok 4 - transform
      ---
      duration_ms: 110.122739
      type: 'test'
      ...
    # Subtest: settings
    ok 5 - settings
      ---
      duration_ms: 105.761138
      type: 'test'
      ...
    1..5
ok 16 - changed recovery seed or request binding makes ZERO GET/POST
  ---
  duration_ms: 457.725604
  type: 'test'
  ...
# Subtest: changed actual private bytes fail before any recovery GET
ok 17 - changed actual private bytes fail before any recovery GET
  ---
  duration_ms: 82.61684
  type: 'test'
  ...
# Subtest: no-ID submitting and ambiguous never replay or authorize
ok 18 - no-ID submitting and ambiguous never replay or authorize
  ---
  duration_ms: 143.335681
  type: 'test'
  ...
# Subtest: original consumed timestamp refreshed after authorization UTC replacement
ok 19 - original consumed timestamp refreshed after authorization UTC replacement
  ---
  duration_ms: 139.34764
  type: 'test'
  ...
# Subtest: false or throw completion preserves referenced winner and never fails it
    # Subtest: false
    ok 1 - false
      ---
      duration_ms: 107.215518
      type: 'test'
      ...
    # Subtest: throw
    ok 2 - throw
      ---
      duration_ms: 80.682959
      type: 'test'
      ...
    1..2
ok 20 - false or throw completion preserves referenced winner and never fails it
  ---
  duration_ms: 188.866377
  type: 'test'
  ...
# Subtest: unavailable DB after uncertain completion preserves files
ok 21 - unavailable DB after uncertain completion preserves files
  ---
  duration_ms: 72.781346
  type: 'test'
  ...
# Subtest: definitely unreferenced rejection guards cleanup and fenced fail
ok 22 - definitely unreferenced rejection guards cleanup and fenced fail
  ---
  duration_ms: 80.396079
  type: 'test'
  ...
# Subtest: serialized lost heartbeat aborts provider and prevents attachment
ok 23 - serialized lost heartbeat aborts provider and prevents attachment
  ---
  duration_ms: 39.340464
  type: 'test'
  ...
# Subtest: external abort and unknown errors expose safe fixed codes only
ok 24 - external abort and unknown errors expose safe fixed codes only
  ---
  duration_ms: 23.226609
  type: 'test'
  ...
# Subtest: invalid original DB remaining budget never sends or creates a replacement
ok 25 - invalid original DB remaining budget never sends or creates a replacement
  ---
  duration_ms: 64.298003
  type: 'test'
  ...
# Subtest: one monotonic original budget expires during GET with no import or new create
ok 26 - one monotonic original budget expires during GET with no import or new create
  ---
  duration_ms: 45.957356
  type: 'test'
  ...
# Subtest: initial context transaction time reduces original budget
ok 27 - initial context transaction time reduces original budget
  ---
  duration_ms: 19.343467
  type: 'test'
  ...
# Subtest: hosted config exact pins, fixed styles and nonenumerable private token
ok 28 - hosted config exact pins, fixed styles and nonenumerable private token
  ---
  duration_ms: 6.041912
  type: 'test'
  ...
# Subtest: missing/invalid pins, token, accepts, envelope, seed or source deny
ok 29 - missing/invalid pins, token, accepts, envelope, seed or source deny
  ---
  duration_ms: 5.178241
  type: 'test'
  ...
# Subtest: fixture retains wider seed and existing common validation
ok 30 - fixture retains wider seed and existing common validation
  ---
  duration_ms: 1.61219
  type: 'test'
  ...
# Subtest: missing hosted authorization makes zero creates
    # Subtest: absent
    ok 1 - absent
      ---
      duration_ms: 3.363771
      type: 'test'
      ...
    # Subtest: empty
    ok 2 - empty
      ---
      duration_ms: 0.38145
      type: 'test'
      ...
    # Subtest: model
    ok 3 - model
      ---
      duration_ms: 0.34566
      type: 'test'
      ...
    # Subtest: version
    ok 4 - version
      ---
      duration_ms: 0.30702
      type: 'test'
      ...
    # Subtest: digest
    ok 5 - digest
      ---
      duration_ms: 0.31287
      type: 'test'
      ...
    # Subtest: missing token
    ok 6 - missing token
      ---
      duration_ms: 0.30461
      type: 'test'
      ...
    # Subtest: empty token
    ok 7 - empty token
      ---
      duration_ms: 0.80302
      type: 'test'
      ...
    # Subtest: whitespace token
    ok 8 - whitespace token
      ---
      duration_ms: 1.40415
      type: 'test'
      ...
    # Subtest: newline token
    ok 9 - newline token
      ---
      duration_ms: 0.837171
      type: 'test'
      ...
    # Subtest: token too long
    ok 10 - token too long
      ---
      duration_ms: 0.58789
      type: 'test'
      ...
    # Subtest: origin override
    ok 11 - origin override
      ---
      duration_ms: 0.26492
      type: 'test'
      ...
    # Subtest: TLS override
    ok 12 - TLS override
      ---
      duration_ms: 0.236121
      type: 'test'
      ...
    # Subtest: response limit override
    ok 13 - response limit override
      ---
      duration_ms: 0.50519
      type: 'test'
      ...
    1..13
ok 31 - missing hosted authorization makes zero creates
  ---
  duration_ms: 14.874075
  type: 'test'
  ...
# Subtest: prepared request is closed, bounded, pinned and cryptographically bound
    # Subtest: version
    ok 1 - version
      ---
      duration_ms: 4.505532
      type: 'test'
      ...
    # Subtest: extra top field
    ok 2 - extra top field
      ---
      duration_ms: 2.258551
      type: 'test'
      ...
    # Subtest: unknown input
    ok 3 - unknown input
      ---
      duration_ms: 0.75178
      type: 'test'
      ...
    # Subtest: URL image
    ok 4 - URL image
      ---
      duration_ms: 1.031401
      type: 'test'
      ...
    # Subtest: PNG not prepared JPEG
    ok 5 - PNG not prepared JPEG
      ---
      duration_ms: 0.91521
      type: 'test'
      ...
    # Subtest: noncanonical base64
    ok 6 - noncanonical base64
      ---
      duration_ms: 0.67064
      type: 'test'
      ...
    # Subtest: empty image
    ok 7 - empty image
      ---
      duration_ms: 0.452821
      type: 'test'
      ...
    # Subtest: oversize image
    ok 8 - oversize image
      ---
      duration_ms: 3.000041
      type: 'test'
      ...
    # Subtest: oversize JSON
    ok 9 - oversize JSON
      ---
      duration_ms: 1.24132
      type: 'test'
      ...
    # Subtest: prompt bytes
    ok 10 - prompt bytes
      ---
      duration_ms: 2.863021
      type: 'test'
      ...
    # Subtest: empty prompt
    ok 11 - empty prompt
      ---
      duration_ms: 0.687931
      type: 'test'
      ...
    # Subtest: samples
    ok 12 - samples
      ---
      duration_ms: 0.28243
      type: 'test'
      ...
    # Subtest: resolution
    ok 13 - resolution
      ---
      duration_ms: 0.25048
      type: 'test'
      ...
    # Subtest: detect
    ok 14 - detect
      ---
      duration_ms: 0.33603
      type: 'test'
      ...
    # Subtest: steps
    ok 15 - steps
      ---
      duration_ms: 0.29368
      type: 'test'
      ...
    # Subtest: scale
    ok 16 - scale
      ---
      duration_ms: 0.30784
      type: 'test'
      ...
    # Subtest: eta
    ok 17 - eta
      ---
      duration_ms: 0.2387
      type: 'test'
      ...
    # Subtest: random seed
    ok 18 - random seed
      ---
      duration_ms: 0.28039
      type: 'test'
      ...
    # Subtest: seed fraction
    ok 19 - seed fraction
      ---
      duration_ms: 0.38712
      type: 'test'
      ...
    # Subtest: large seed
    ok 20 - large seed
      ---
      duration_ms: 0.34692
      type: 'test'
      ...
    # Subtest: getter
    ok 21 - getter
      ---
      duration_ms: 0.53543
      type: 'test'
      ...
    # Subtest: bad request_sha
    ok 22 - bad request_sha
      ---
      duration_ms: 0.938641
      type: 'test'
      ...
    # Subtest: bad transmitted_input_sha
    ok 23 - bad transmitted_input_sha
      ---
      duration_ms: 0.55862
      type: 'test'
      ...
    # Subtest: bad contract_sha
    ok 24 - bad contract_sha
      ---
      duration_ms: 0.30263
      type: 'test'
      ...
    # Subtest: bad version
    ok 25 - bad version
      ---
      duration_ms: 0.40758
      type: 'test'
      ...
    # Subtest: bad source_input_sha
    ok 26 - bad source_input_sha
      ---
      duration_ms: 0.42796
      type: 'test'
      ...
    1..26
ok 32 - prepared request is closed, bounded, pinned and cryptographically bound
  ---
  duration_ms: 52.666119
  type: 'test'
  ...
# Subtest: async create/get/cancel use exact fixed paths, TLS and header flags
ok 33 - async create/get/cancel use exact fixed paths, TLS and header flags
  ---
  duration_ms: 13.199375
  type: 'test'
  ...
# Subtest: durable authority denial and throw cause zero POST
    # Subtest: false
    ok 1 - false
      ---
      duration_ms: 0.87117
      type: 'test'
      ...
    # Subtest: throw
    ok 2 - throw
      ---
      duration_ms: 0.848791
      type: 'test'
      ...
    # Subtest: truthy
    ok 3 - truthy
      ---
      duration_ms: 0.57563
      type: 'test'
      ...
    # Subtest: missing final callback
    ok 4 - missing final callback
      ---
      duration_ms: 0.59141
      type: 'test'
      ...
    # Subtest: throwing final callback
    ok 5 - throwing final callback
      ---
      duration_ms: 0.87784
      type: 'test'
      ...
    1..5
ok 34 - durable authority denial and throw cause zero POST
  ---
  duration_ms: 4.471411
  type: 'test'
  ...
# Subtest: lost create response never creates twice
ok 35 - lost create response never creates twice
  ---
  duration_ms: 1.321461
  type: 'test'
  ...
# Subtest: crash after committed submitting before invocation remains no-replay to another caller
ok 36 - crash after committed submitting before invocation remains no-replay to another caller
  ---
  duration_ms: 0.84729
  type: 'test'
  ...
# Subtest: every bad POST class is one-shot and keeps conservative reservation
    # Subtest: HTTP 400
    ok 1 - HTTP 400
      ---
      duration_ms: 1.50356
      type: 'test'
      ...
    # Subtest: HTTP 401
    ok 2 - HTTP 401
      ---
      duration_ms: 1.00971
      type: 'test'
      ...
    # Subtest: HTTP 403
    ok 3 - HTTP 403
      ---
      duration_ms: 1.027831
      type: 'test'
      ...
    # Subtest: HTTP 404
    ok 4 - HTTP 404
      ---
      duration_ms: 1.3297
      type: 'test'
      ...
    # Subtest: HTTP 422
    ok 5 - HTTP 422
      ---
      duration_ms: 1.223331
      type: 'test'
      ...
    # Subtest: HTTP 429
    ok 6 - HTTP 429
      ---
      duration_ms: 1.36556
      type: 'test'
      ...
    # Subtest: HTTP 500
    ok 7 - HTTP 500
      ---
      duration_ms: 1.204221
      type: 'test'
      ...
    # Subtest: HTTP 502
    ok 8 - HTTP 502
      ---
      duration_ms: 1.07944
      type: 'test'
      ...
    # Subtest: HTTP 503
    ok 9 - HTTP 503
      ---
      duration_ms: 1.210971
      type: 'test'
      ...
    # Subtest: reset
    ok 10 - reset
      ---
      duration_ms: 1.17961
      type: 'test'
      ...
    # Subtest: timeout
    ok 11 - timeout
      ---
      duration_ms: 1.064181
      type: 'test'
      ...
    # Subtest: socket error
    ok 12 - socket error
      ---
      duration_ms: 0.85599
      type: 'test'
      ...
    # Subtest: malformed
    ok 13 - malformed
      ---
      duration_ms: 1.979221
      type: 'test'
      ...
    # Subtest: lost ID
    ok 14 - lost ID
      ---
      duration_ms: 1.48163
      type: 'test'
      ...
    # Subtest: invalid ID
    ok 15 - invalid ID
      ---
      duration_ms: 1.401381
      type: 'test'
      ...
    # Subtest: oversized ID
    ok 16 - oversized ID
      ---
      duration_ms: 1.660461
      type: 'test'
      ...
    # Subtest: unicode ID
    ok 17 - unicode ID
      ---
      duration_ms: 1.53472
      type: 'test'
      ...
    # Subtest: wrong model
    ok 18 - wrong model
      ---
      duration_ms: 1.562881
      type: 'test'
      ...
    # Subtest: wrong version
    ok 19 - wrong version
      ---
      duration_ms: 1.908601
      type: 'test'
      ...
    # Subtest: unknown status
    ok 20 - unknown status
      ---
      duration_ms: 1.57608
      type: 'test'
      ...
    # Subtest: redirect
    ok 21 - redirect
      ---
      duration_ms: 0.85441
      type: 'test'
      ...
    # Subtest: header oversize
    ok 22 - header oversize
      ---
      duration_ms: 0.85163
      type: 'test'
      ...
    # Subtest: stream oversize
    ok 23 - stream oversize
      ---
      duration_ms: 1.22833
      type: 'test'
      ...
    # Subtest: encoded response
    ok 24 - encoded response
      ---
      duration_ms: 1.053321
      type: 'test'
      ...
    # Subtest: wrong MIME
    ok 25 - wrong MIME
      ---
      duration_ms: 4.001541
      type: 'test'
      ...
    # Subtest: length mismatch
    ok 26 - length mismatch
      ---
      duration_ms: 1.334801
      type: 'test'
      ...
    # Subtest: wrong output count
    ok 27 - wrong output count
      ---
      duration_ms: 1.20252
      type: 'test'
      ...
    # Subtest: wrong output slots
    ok 28 - wrong output slots
      ---
      duration_ms: 1.117531
      type: 'test'
      ...
    1..28
ok 37 - every bad POST class is one-shot and keeps conservative reservation
  ---
  duration_ms: 43.485326
  type: 'test'
  ...
# Subtest: returned authorization must match immutable request, version, claim and prepared binding
    # Subtest: request
    ok 1 - request
      ---
      duration_ms: 0.64514
      type: 'test'
      ...
    # Subtest: version
    ok 2 - version
      ---
      duration_ms: 1.082511
      type: 'test'
      ...
    # Subtest: contract
    ok 3 - contract
      ---
      duration_ms: 0.49769
      type: 'test'
      ...
    # Subtest: model
    ok 4 - model
      ---
      duration_ms: 0.4642
      type: 'test'
      ...
    # Subtest: transform
    ok 5 - transform
      ---
      duration_ms: 0.76521
      type: 'test'
      ...
    # Subtest: job
    ok 6 - job
      ---
      duration_ms: 0.54519
      type: 'test'
      ...
    # Subtest: attempt
    ok 7 - attempt
      ---
      duration_ms: 1.30284
      type: 'test'
      ...
    # Subtest: fence
    ok 8 - fence
      ---
      duration_ms: 1.631781
      type: 'test'
      ...
    # Subtest: deadline
    ok 9 - deadline
      ---
      duration_ms: 0.56331
      type: 'test'
      ...
    # Subtest: state
    ok 10 - state
      ---
      duration_ms: 0.69405
      type: 'test'
      ...
    # Subtest: identity already known
    ok 11 - identity already known
      ---
      duration_ms: 0.65584
      type: 'test'
      ...
    # Subtest: quarantine
    ok 12 - quarantine
      ---
      duration_ms: 0.606041
      type: 'test'
      ...
    # Subtest: bad submission ID
    ok 13 - bad submission ID
      ---
      duration_ms: 0.62142
      type: 'test'
      ...
    # Subtest: bad ticket
    ok 14 - bad ticket
      ---
      duration_ms: 0.61788
      type: 'test'
      ...
    # Subtest: acceptance
    ok 15 - acceptance
      ---
      duration_ms: 0.897121
      type: 'test'
      ...
    1..15
ok 38 - returned authorization must match immutable request, version, claim and prepared binding
  ---
  duration_ms: 13.468995
  type: 'test'
  ...
# Subtest: final abort, deadline and revocation prevent invocation after committed authorization
    # Subtest: abort
    ok 1 - abort
      ---
      duration_ms: 1.31946
      type: 'test'
      ...
    # Subtest: deadline
    ok 2 - deadline
      ---
      duration_ms: 0.805251
      type: 'test'
      ...
    # Subtest: revoked
    ok 3 - revoked
      ---
      duration_ms: 0.62361
      type: 'test'
      ...
    # Subtest: final clock throw
    ok 4 - final clock throw
      ---
      duration_ms: 0.70648
      type: 'test'
      ...
    # Subtest: final binding mutation
    ok 5 - final binding mutation
      ---
      duration_ms: 0.67267
      type: 'test'
      ...
    # Subtest: claim mutation
    ok 6 - claim mutation
      ---
      duration_ms: 0.948201
      type: 'test'
      ...
    1..6
ok 39 - final abort, deadline and revocation prevent invocation after committed authorization
  ---
  duration_ms: 8.985283
  type: 'test'
  ...
# Subtest: late valid ID is bound for cleanup after abort/deadline and never grants output
    # Subtest: abort
    ok 1 - abort
      ---
      duration_ms: 2.824541
      type: 'test'
      ...
    # Subtest: deadline
    ok 2 - deadline
      ---
      duration_ms: 1.437721
      type: 'test'
      ...
    # Subtest: lease expired
    ok 3 - lease expired
      ---
      duration_ms: 1.49823
      type: 'test'
      ...
    1..3
ok 40 - late valid ID is bound for cleanup after abort/deadline and never grants output
  ---
  duration_ms: 6.928002
  type: 'test'
  ...
# Subtest: lost ID commit and identity conflict never replay or overwrite/publish
    # Subtest: lost ID commit
    ok 1 - lost ID commit
      ---
      duration_ms: 2.45
      type: 'test'
      ...
    # Subtest: durably bound but commit acknowledgement lost
    ok 2 - durably bound but commit acknowledgement lost
      ---
      duration_ms: 2.867681
      type: 'test'
      ...
    # Subtest: identity conflict quarantined
    ok 3 - identity conflict quarantined
      ---
      duration_ms: 1.76457
      type: 'test'
      ...
    1..3
ok 41 - lost ID commit and identity conflict never replay or overwrite/publish
  ---
  duration_ms: 7.938953
  type: 'test'
  ...
# Subtest: provider bodies and unknown metrics cannot leak or become measurements
ok 42 - provider bodies and unknown metrics cannot leak or become measurements
  ---
  duration_ms: 1.795831
  type: 'test'
  ...
# Subtest: GET validates identity and status, rejects redirects and bounds streamed responses
    # Subtest: identity
    ok 1 - identity
      ---
      duration_ms: 3.540091
      type: 'test'
      ...
    # Subtest: status
    ok 2 - status
      ---
      duration_ms: 1.225061
      type: 'test'
      ...
    # Subtest: model
    ok 3 - model
      ---
      duration_ms: 1.05585
      type: 'test'
      ...
    # Subtest: version
    ok 4 - version
      ---
      duration_ms: 1.666401
      type: 'test'
      ...
    # Subtest: redirect
    ok 5 - redirect
      ---
      duration_ms: 1.19679
      type: 'test'
      ...
    # Subtest: body oversize
    ok 6 - body oversize
      ---
      duration_ms: 1.394661
      type: 'test'
      ...
    # Subtest: header oversize
    ok 7 - header oversize
      ---
      duration_ms: 4.077161
      type: 'test'
      ...
    # Subtest: succeeded missing depth
    ok 8 - succeeded missing depth
      ---
      duration_ms: 1.399951
      type: 'test'
      ...
    # Subtest: succeeded extra output
    ok 9 - succeeded extra output
      ---
      duration_ms: 1.63194
      type: 'test'
      ...
    # Subtest: succeeded raw invalid URI
    ok 10 - succeeded raw invalid URI
      ---
      duration_ms: 1.32412
      type: 'test'
      ...
    # Subtest: succeeded HTTP URI
    ok 11 - succeeded HTTP URI
      ---
      duration_ms: 1.314981
      type: 'test'
      ...
    # Subtest: succeeded long URI
    ok 12 - succeeded long URI
      ---
      duration_ms: 1.55866
      type: 'test'
      ...
    1..12
ok 43 - GET validates identity and status, rejects redirects and bounds streamed responses
  ---
  duration_ms: 23.187618
  type: 'test'
  ...
# Subtest: bounded GET retries handle 429, faults, fixed deadline and abort
    # Subtest: 429 Retry-After is at most five seconds
    ok 1 - 429 Retry-After is at most five seconds
      ---
      duration_ms: 2.331701
      type: 'test'
      ...
    # Subtest: 429 fractional Retry-After
    ok 2 - 429 fractional Retry-After
      ---
      duration_ms: 1.504761
      type: 'test'
      ...
    # Subtest: transient faults stop at three consecutive failures
    ok 3 - transient faults stop at three consecutive failures
      ---
      duration_ms: 1.99802
      type: 'test'
      ...
    # Subtest: success resets consecutive fault count; ordinary interval is two seconds
    ok 4 - success resets consecutive fault count; ordinary interval is two seconds
      ---
      duration_ms: 1.46088
      type: 'test'
      ...
    # Subtest: wait is capped at original remaining deadline
    ok 5 - wait is capped at original remaining deadline
      ---
      duration_ms: 0.94103
      type: 'test'
      ...
    # Subtest: abort during retry wait prevents another GET
    ok 6 - abort during retry wait prevents another GET
      ---
      duration_ms: 2.320661
      type: 'test'
      ...
    # Subtest: total HTTP timer caps a stalled injected stream
    ok 7 - total HTTP timer caps a stalled injected stream
      ---
      duration_ms: 57.991311
      type: 'test'
      ...
    1..7
ok 44 - bounded GET retries handle 429, faults, fixed deadline and abort
  ---
  duration_ms: 69.875585
  type: 'test'
  ...
# Subtest: budgets cannot reset, increase, run backwards or hide invalid trusted values
ok 45 - budgets cannot reset, increase, run backwards or hide invalid trusted values
  ---
  duration_ms: 1.227491
  type: 'test'
  ...
# Subtest: cancellation is safe observation without replay, completion or refund authority
ok 46 - cancellation is safe observation without replay, completion or refund authority
  ---
  duration_ms: 1.49502
  type: 'test'
  ...
# Subtest: hosted mode remains disabled without activation evidence
ok 47 - hosted mode remains disabled without activation evidence
  ---
  duration_ms: 0.49905
  type: 'test'
  ...
# Subtest: maximum prepared JPEG and prompts stay below literal request limit; response limit is inclusive
ok 48 - maximum prepared JPEG and prompts stay below literal request limit; response limit is inclusive
  ---
  duration_ms: 28.00103
  type: 'test'
  ...
# Subtest: trailing newline token and IDs fail closed before transport or identity binding
ok 49 - trailing newline token and IDs fail closed before transport or identity binding
  ---
  duration_ms: 1.271461
  type: 'test'
  ...
# Subtest: all provider terminal statuses are observations without local job completion
    # Subtest: starting
    ok 1 - starting
      ---
      duration_ms: 0.61766
      type: 'test'
      ...
    # Subtest: processing
    ok 2 - processing
      ---
      duration_ms: 0.51811
      type: 'test'
      ...
    # Subtest: succeeded
    ok 3 - succeeded
      ---
      duration_ms: 0.588141
      type: 'test'
      ...
    # Subtest: failed
    ok 4 - failed
      ---
      duration_ms: 0.47606
      type: 'test'
      ...
    # Subtest: canceled
    ok 5 - canceled
      ---
      duration_ms: 0.76765
      type: 'test'
      ...
    # Subtest: aborted
    ok 6 - aborted
      ---
      duration_ms: 0.6
      type: 'test'
      ...
    1..6
ok 50 - all provider terminal statuses are observations without local job completion
  ---
  duration_ms: 4.394121
  type: 'test'
  ...
# Subtest: abort in flight is ambiguous, attempts no retry and exposes no raw error
ok 51 - abort in flight is ambiguous, attempts no retry and exposes no raw error
  ---
  duration_ms: 4.271462
  type: 'test'
  ...
# Subtest: invalid UTF8 response fails closed and does not bind an ID
ok 52 - invalid UTF8 response fails closed and does not bind an ID
  ---
  duration_ms: 1.24708
  type: 'test'
  ...
# Subtest: injected sleepers remain abortable and capped at the original deadline
ok 53 - injected sleepers remain abortable and capped at the original deadline
  ---
  duration_ms: 21.682758
  type: 'test'
  ...
# Subtest: observation crossing the deadline cannot make private output eligible
ok 54 - observation crossing the deadline cannot make private output eligible
  ---
  duration_ms: 2.811871
  type: 'test'
  ...
# Subtest: I3 remaining-budget accessor shares the fixed cap and abort signal
ok 55 - I3 remaining-budget accessor shares the fixed cap and abort signal
  ---
  duration_ms: 0.78303
  type: 'test'
  ...
1..55
# tests 186
# suites 0
# pass 186
# fail 0
# cancelled 0
# skipped 0
# todo 0
# duration_ms 3506.674922
