TAP version 13
# Subtest: cleanup-only includes every non-none durable marker
ok 1 - cleanup-only includes every non-none durable marker
  ---
  duration_ms: 1.44953
  type: 'test'
  ...
# Subtest: F07 I4a durable hosted lifecycle on dedicated PostgreSQL16
    # Subtest: two reclaimers have one winner, same consumed ticket/attempt/deadline and only new job fence
    ok 1 - two reclaimers have one winner, same consumed ticket/attempt/deadline and only new job fence
      ---
      duration_ms: 759.963392
      type: 'test'
      ...
    # Subtest: maintenance leaves known recovery in original attempt; succeeded also needs remaining private import time
    ok 2 - maintenance leaves known recovery in original attempt; succeeded also needs remaining private import time
      ---
      duration_ms: 1520.412092
      type: 'test'
      ...
    # Subtest: late identity after lease loss stays cleanup-only before claim, with or without maintenance
    not ok 3 - late identity after lease loss stays cleanup-only before claim, with or without maintenance
      ---
      duration_ms: 428.623733
      type: 'test'
      location: '/app/tests/replicate-lifecycle.integration.test.js:152:13'
      failureType: 'testCodeFailure'
      error: |-
        The validation function is expected to return "true". Received false
        
        Caught error:
        
        ProviderSubmissionError: submission_fence_expired
      code: 'ERR_ASSERTION'
      name: 'AssertionError'
      expected: [Function (anonymous)]
      actual:
        name: 'ProviderSubmissionError'
      error: 'submission_fence_expired'
      code: 'submission_fence_expired'
      name: 'ProviderSubmissionError'
      stack: |-
        deny (file:///app/web/provider-submissions.js:15:25)
        workerLocked (file:///app/web/provider-submissions.js:136:35)
        process.processTicksAndRejections (node:internal/process/task_queues:105:5)
        async transaction (file:///app/web/db.js:12:20)
        async waitForActual (node:assert:644:5)
        async Function.rejects (node:assert:767:25)
        async TestContext.<anonymous> (file:///app/tests/replicate-lifecycle.integration.test.js:164:9)
        async Test.run (node:internal/test_runner/test:1054:7)
        async TestContext.<anonymous> (file:///app/tests/replicate-lifecycle.integration.test.js:152:5)
        async Test.run (node:internal/test_runner/test:1054:7)
      operator: 'rejects'
      stack: |-
        process.processTicksAndRejections (node:internal/process/task_queues:105:5)
        async TestContext.<anonymous> (file:///app/tests/replicate-lifecycle.integration.test.js:164:9)
        async Test.run (node:internal/test_runner/test:1054:7)
        async TestContext.<anonymous> (file:///app/tests/replicate-lifecycle.integration.test.js:152:5)
        async Test.run (node:internal/test_runner/test:1054:7)
        async Test.processPendingSubtests (node:internal/test_runner/test:744:7)
      ...
    # Subtest: attempt deadline after expired lease terminalizes on maintenance/get/fail/claim and releases exactly once
    ok 4 - attempt deadline after expired lease terminalizes on maintenance/get/fail/claim and releases exactly once
      ---
      duration_ms: 2315.144086
      type: 'test'
      ...
    # Subtest: hard deadline is enforced after lease expiry without assigning a new 180s budget
    ok 5 - hard deadline is enforced after lease expiry without assigning a new 180s budget
      ---
      duration_ms: 369.018662
      type: 'test'
      ...
    # Subtest: submitting without ID after crash and explicitly ambiguous work never retry or create ticket2
    ok 6 - submitting without ID after crash and explicitly ambiguous work never retry or create ticket2
      ---
      duration_ms: 2956.235366
      type: 'test'
      ...
    # Subtest: known provider failed/canceled/aborted and quarantine fail closed before lease expires
    ok 7 - known provider failed/canceled/aborted and quarantine fail closed before lease expires
      ---
      duration_ms: 7187.362366
      type: 'test'
      ...
    # Subtest: current worker failure after submitting always terminalizes even with retryable=true
    ok 8 - current worker failure after submitting always terminalizes even with retryable=true
      ---
      duration_ms: 1022.278235
      type: 'test'
      ...
    # Subtest: hold before CAS denies; hold after CAS preserves final check, heartbeat and private recovery
    ok 9 - hold before CAS denies; hold after CAS preserves final check, heartbeat and private recovery
      ---
      duration_ms: 2375.966288
      type: 'test'
      ...
    # Subtest: delete tombstones input/job, returns owner404 and releases once; late ID persists cleanup without revival
    ok 10 - delete tombstones input/job, returns owner404 and releases once; late ID persists cleanup without revival
      ---
      duration_ms: 1261.539471
      type: 'test'
      ...
    # Subtest: finalAuthorize samples clock after account/envelope waits and denies deadline or revoked authorization
    ok 11 - finalAuthorize samples clock after account/envelope waits and denies deadline or revoked authorization
      ---
      duration_ms: 2383.660361
      type: 'test'
      ...
    # Subtest: post-lock clock also fences a reclaim that waits past original deadline at UTC midnight
    ok 12 - post-lock clock also fences a reclaim that waits past original deadline at UTC midnight
      ---
      duration_ms: 393.13918
      type: 'test'
      ...
    # Subtest: final send check rejects wrong identity/fence/deletion and unavailable authority with literal false
    ok 13 - final send check rejects wrong identity/fence/deletion and unavailable authority with literal false
      ---
      duration_ms: 621.269452
      type: 'test'
      ...
    # Subtest: submission row prevents fixture/controlnet evidence attachment regardless caller mode
    ok 14 - submission row prevents fixture/controlnet evidence attachment regardless caller mode
      ---
      duration_ms: 711.548264
      type: 'test'
      ...
    # Subtest: no-submission fixture/controlnet local retry remains two tickets/two attempts and valid completion
    ok 15 - no-submission fixture/controlnet local retry remains two tickets/two attempts and valid completion
      ---
      duration_ms: 791.253992
      type: 'test'
      ...
    # Subtest: existing caller-owned terminal hold transaction uses same release and honors hosted recovery
    ok 16 - existing caller-owned terminal hold transaction uses same release and honors hosted recovery
      ---
      duration_ms: 505.41861
      type: 'test'
      ...
    1..16
not ok 2 - F07 I4a durable hosted lifecycle on dedicated PostgreSQL16
  ---
  duration_ms: 26248.67677
  type: 'test'
  location: '/app/tests/replicate-lifecycle.integration.test.js:20:1'
  failureType: 'subtestsFailed'
  error: '1 subtest failed'
  code: 'ERR_TEST_FAILURE'
  ...
1..2
# tests 18
# suites 0
# pass 16
# fail 2
# cancelled 0
# skipped 0
# todo 0
# duration_ms 26266.510197
 Container n8f07i4af1-tests-run-9b78199cd76e Creating 
 Container n8f07i4af1-tests-run-9b78199cd76e Created 

