TAP version 13
# Subtest: changed recovery seed or request binding makes ZERO GET/POST
    # Subtest: seed
    not ok 1 - seed
      ---
      duration_ms: 128.928706
      type: 'test'
      location: '/tmp/n8-i4b-mutation-gwclvz1r/tests/replicate-generation.test.js:62:87'
      failureType: 'testCodeFailure'
      error: |-
        changed reconstruction must refuse before any GET
        
        3 !== 0
        
      code: 'ERR_ASSERTION'
      name: 'AssertionError'
      expected: 0
      actual: 3
      operator: 'strictEqual'
      stack: |-
        TestContext.<anonymous> (file:///tmp/n8-i4b-mutation-gwclvz1r/tests/replicate-generation.test.js:69:12)
        process.processTicksAndRejections (node:internal/process/task_queues:105:5)
        async Test.run (node:internal/test_runner/test:1054:7)
        async TestContext.<anonymous> (file:///tmp/n8-i4b-mutation-gwclvz1r/tests/replicate-generation.test.js:62:79)
        async Test.run (node:internal/test_runner/test:1054:7)
        async startSubtestAfterBootstrap (node:internal/test_runner/harness:296:3)
      ...
    # Subtest: request
    not ok 2 - request
      ---
      duration_ms: 157.699566
      type: 'test'
      location: '/tmp/n8-i4b-mutation-gwclvz1r/tests/replicate-generation.test.js:62:87'
      failureType: 'testCodeFailure'
      error: |-
        changed reconstruction must refuse before any GET
        
        3 !== 0
        
      code: 'ERR_ASSERTION'
      name: 'AssertionError'
      expected: 0
      actual: 3
      operator: 'strictEqual'
      stack: |-
        TestContext.<anonymous> (file:///tmp/n8-i4b-mutation-gwclvz1r/tests/replicate-generation.test.js:69:12)
        process.processTicksAndRejections (node:internal/process/task_queues:105:5)
        async Test.run (node:internal/test_runner/test:1054:7)
        async TestContext.<anonymous> (file:///tmp/n8-i4b-mutation-gwclvz1r/tests/replicate-generation.test.js:62:79)
        async Test.run (node:internal/test_runner/test:1054:7)
        async startSubtestAfterBootstrap (node:internal/test_runner/harness:296:3)
      ...
    # Subtest: transmitted
    not ok 3 - transmitted
      ---
      duration_ms: 161.962958
      type: 'test'
      location: '/tmp/n8-i4b-mutation-gwclvz1r/tests/replicate-generation.test.js:62:87'
      failureType: 'testCodeFailure'
      error: |-
        changed reconstruction must refuse before any GET
        
        3 !== 0
        
      code: 'ERR_ASSERTION'
      name: 'AssertionError'
      expected: 0
      actual: 3
      operator: 'strictEqual'
      stack: |-
        TestContext.<anonymous> (file:///tmp/n8-i4b-mutation-gwclvz1r/tests/replicate-generation.test.js:69:12)
        process.processTicksAndRejections (node:internal/process/task_queues:105:5)
        async Test.run (node:internal/test_runner/test:1054:7)
        async TestContext.<anonymous> (file:///tmp/n8-i4b-mutation-gwclvz1r/tests/replicate-generation.test.js:62:79)
        async Test.run (node:internal/test_runner/test:1054:7)
        async startSubtestAfterBootstrap (node:internal/test_runner/harness:296:3)
      ...
    # Subtest: transform
    not ok 4 - transform
      ---
      duration_ms: 141.355731
      type: 'test'
      location: '/tmp/n8-i4b-mutation-gwclvz1r/tests/replicate-generation.test.js:62:87'
      failureType: 'testCodeFailure'
      error: |-
        changed reconstruction must refuse before any GET
        
        3 !== 0
        
      code: 'ERR_ASSERTION'
      name: 'AssertionError'
      expected: 0
      actual: 3
      operator: 'strictEqual'
      stack: |-
        TestContext.<anonymous> (file:///tmp/n8-i4b-mutation-gwclvz1r/tests/replicate-generation.test.js:69:12)
        process.processTicksAndRejections (node:internal/process/task_queues:105:5)
        async Test.run (node:internal/test_runner/test:1054:7)
        async TestContext.<anonymous> (file:///tmp/n8-i4b-mutation-gwclvz1r/tests/replicate-generation.test.js:62:79)
        async Test.run (node:internal/test_runner/test:1054:7)
        async startSubtestAfterBootstrap (node:internal/test_runner/harness:296:3)
      ...
    # Subtest: settings
    not ok 5 - settings
      ---
      duration_ms: 93.353443
      type: 'test'
      location: '/tmp/n8-i4b-mutation-gwclvz1r/tests/replicate-generation.test.js:62:87'
      failureType: 'testCodeFailure'
      error: |-
        changed reconstruction must refuse before any GET
        
        3 !== 0
        
      code: 'ERR_ASSERTION'
      name: 'AssertionError'
      expected: 0
      actual: 3
      operator: 'strictEqual'
      stack: |-
        TestContext.<anonymous> (file:///tmp/n8-i4b-mutation-gwclvz1r/tests/replicate-generation.test.js:69:12)
        process.processTicksAndRejections (node:internal/process/task_queues:105:5)
        async Test.run (node:internal/test_runner/test:1054:7)
        async TestContext.<anonymous> (file:///tmp/n8-i4b-mutation-gwclvz1r/tests/replicate-generation.test.js:62:79)
        async Test.run (node:internal/test_runner/test:1054:7)
        async startSubtestAfterBootstrap (node:internal/test_runner/harness:296:3)
      ...
    1..5
not ok 1 - changed recovery seed or request binding makes ZERO GET/POST
  ---
  duration_ms: 687.713216
  type: 'test'
  location: '/tmp/n8-i4b-mutation-gwclvz1r/tests/replicate-generation.test.js:61:1'
  failureType: 'subtestsFailed'
  error: '5 subtests failed'
  code: 'ERR_TEST_FAILURE'
  ...
1..1
# tests 6
# suites 0
# pass 0
# fail 6
# cancelled 0
# skipped 0
# todo 0
# duration_ms 971.885257
