TAP version 13
# Subtest: F07 I4b worker on owned internal PostgreSQL16
    # Subtest: real I1 create poll I3 bytes and I5a atomic private completion
    ok 1 - real I1 create poll I3 bytes and I5a atomic private completion
      ---
      duration_ms: 696.693909
      type: 'test'
      ...
    # Subtest: known-ID recovery GET only preserves original ticket deadline attempt and spend
    ok 2 - known-ID recovery GET only preserves original ticket deadline attempt and spend
      ---
      duration_ms: 877.265163
      type: 'test'
      ...
    # Subtest: changed seed settings request transform and bytes deny before ANY GET
        # Subtest: seed
        ok 1 - seed
          ---
          duration_ms: 569.358774
          type: 'test'
          ...
        # Subtest: style
        ok 2 - style
          ---
          duration_ms: 484.770083
          type: 'test'
          ...
        # Subtest: request
        ok 3 - request
          ---
          duration_ms: 476.80635
          type: 'test'
          ...
        # Subtest: transform
        ok 4 - transform
          ---
          duration_ms: 668.161019
          type: 'test'
          ...
        # Subtest: bytes
        ok 5 - bytes
          ---
          duration_ms: 522.942827
          type: 'test'
          ...
        1..5
    ok 3 - changed seed settings request transform and bytes deny before ANY GET
      ---
      duration_ms: 2724.229823
      type: 'test'
      ...
    # Subtest: submitting without identity and ambiguity never authorize or replay
    ok 4 - submitting without identity and ambiguity never authorize or replay
      ---
      duration_ms: 852.846164
      type: 'test'
      ...
    # Subtest: hold before CAS denies, hold after CAS allows already authorized private work
    ok 5 - hold before CAS denies, hold after CAS allows already authorized private work
      ---
      duration_ms: 1092.2504
      type: 'test'
      ...
    # Subtest: deletion during actual send observation prevents private attachment and releases once
    ok 6 - deletion during actual send observation prevents private attachment and releases once
      ---
      duration_ms: 466.495136
      type: 'test'
      ...
    # Subtest: stale claim and lost real heartbeat cannot attach
    ok 7 - stale claim and lost real heartbeat cannot attach
      ---
      duration_ms: 1018.960994
      type: 'test'
      ...
    # Subtest: unknown missing and zero spend envelope never creates
    ok 8 - unknown missing and zero spend envelope never creates
      ---
      duration_ms: 1143.567138
      type: 'test'
      ...
    # Subtest: uncertain actual committed winner survives false/throw completion responses
        # Subtest: false
        not ok 1 - false
          ---
          duration_ms: 606.203037
          type: 'test'
          location: '/app/tests/replicate-generation.integration.test.js:155:54'
          failureType: 'testCodeFailure'
          error: 'replicate_completion_uncertain'
          code: 'ERR_TEST_FAILURE'
          stack: |-
            safe (file:///app/web/replicate-generation.js:19:30)
            runReplicateClaim (file:///app/web/replicate-generation.js:128:45)
            process.processTicksAndRejections (node:internal/process/task_queues:105:5)
            async TestContext.<anonymous> (file:///app/tests/replicate-generation.integration.test.js:159:22)
            async Test.run (node:internal/test_runner/test:1054:7)
            async TestContext.<anonymous> (file:///app/tests/replicate-generation.integration.test.js:155:46)
            async Test.run (node:internal/test_runner/test:1054:7)
            async TestContext.<anonymous> (file:///app/tests/replicate-generation.integration.test.js:154:5)
            async Test.run (node:internal/test_runner/test:1054:7)
            async startSubtestAfterBootstrap (node:internal/test_runner/harness:296:3)
          ...
        # Subtest: throw
        not ok 2 - throw
          ---
          duration_ms: 653.924453
          type: 'test'
          location: '/app/tests/replicate-generation.integration.test.js:155:54'
          failureType: 'testCodeFailure'
          error: 'replicate_completion_uncertain'
          code: 'ERR_TEST_FAILURE'
          stack: |-
            safe (file:///app/web/replicate-generation.js:19:30)
            runReplicateClaim (file:///app/web/replicate-generation.js:128:45)
            process.processTicksAndRejections (node:internal/process/task_queues:105:5)
            async TestContext.<anonymous> (file:///app/tests/replicate-generation.integration.test.js:159:22)
            async Test.run (node:internal/test_runner/test:1054:7)
            async TestContext.<anonymous> (file:///app/tests/replicate-generation.integration.test.js:155:46)
            async Test.run (node:internal/test_runner/test:1054:7)
            async TestContext.<anonymous> (file:///app/tests/replicate-generation.integration.test.js:154:5)
            async Test.run (node:internal/test_runner/test:1054:7)
            async startSubtestAfterBootstrap (node:internal/test_runner/harness:296:3)
          ...
        1..2
    not ok 9 - uncertain actual committed winner survives false/throw completion responses
      ---
      duration_ms: 1261.523071
      type: 'test'
      location: '/app/tests/replicate-generation.integration.test.js:154:13'
      failureType: 'subtestsFailed'
      error: '2 subtests failed'
      code: 'ERR_TEST_FAILURE'
      stack: |-
        async TestContext.<anonymous> (file:///app/tests/replicate-generation.integration.test.js:154:5)
      ...
    # Subtest: unavailable reference lookup preserves actual winner files and no fail
    ok 10 - unavailable reference lookup preserves actual winner files and no fail
      ---
      duration_ms: 733.503782
      type: 'test'
      ...
    1..10
not ok 1 - F07 I4b worker on owned internal PostgreSQL16
  ---
  duration_ms: 11433.845871
  type: 'test'
  location: '/app/tests/replicate-generation.integration.test.js:22:1'
  failureType: 'subtestsFailed'
  error: '1 subtest failed'
  code: 'ERR_TEST_FAILURE'
  ...
1..1
# tests 18
# suites 0
# pass 14
# fail 4
# cancelled 0
# skipped 0
# todo 0
# duration_ms 11759.112907
 Container n8f07i4b-tests-run-5da687bef07d Creating 
 Container n8f07i4b-tests-run-5da687bef07d Created 

