TAP version 13
# Subtest: cleanup-only includes every non-none durable marker
ok 1 - cleanup-only includes every non-none durable marker
  ---
  duration_ms: 1.32251
  type: 'test'
  ...
# Subtest: F07 I4a durable hosted lifecycle on dedicated PostgreSQL16
    # Subtest: two reclaimers have one winner, same consumed ticket/attempt/deadline and only new job fence
    ok 1 - two reclaimers have one winner, same consumed ticket/attempt/deadline and only new job fence
      ---
      duration_ms: 515.722245
      type: 'test'
      ...
    # Subtest: maintenance leaves known recovery in original attempt; succeeded also needs remaining private import time
    ok 2 - maintenance leaves known recovery in original attempt; succeeded also needs remaining private import time
      ---
      duration_ms: 617.00165
      type: 'test'
      ...
    # Subtest: late identity after lease loss stays cleanup-only before claim, with or without maintenance
    ok 3 - late identity after lease loss stays cleanup-only before claim, with or without maintenance
      ---
      duration_ms: 1613.940136
      type: 'test'
      ...
    # Subtest: attempt deadline after expired lease terminalizes on maintenance/get/fail/claim and releases exactly once
    ok 4 - attempt deadline after expired lease terminalizes on maintenance/get/fail/claim and releases exactly once
      ---
      duration_ms: 1709.23403
      type: 'test'
      ...
    # Subtest: hard deadline is enforced after lease expiry without assigning a new 180s budget
    ok 5 - hard deadline is enforced after lease expiry without assigning a new 180s budget
      ---
      duration_ms: 438.465556
      type: 'test'
      ...
    # Subtest: submitting without ID after crash and explicitly ambiguous work never retry or create ticket2
    ok 6 - submitting without ID after crash and explicitly ambiguous work never retry or create ticket2
      ---
      duration_ms: 1826.791562
      type: 'test'
      ...
    # Subtest: known provider failed/canceled/aborted and quarantine fail closed before lease expires
    ok 7 - known provider failed/canceled/aborted and quarantine fail closed before lease expires
      ---
      duration_ms: 6248.06205
      type: 'test'
      ...
    # Subtest: current worker failure after submitting always terminalizes even with retryable=true
    ok 8 - current worker failure after submitting always terminalizes even with retryable=true
      ---
      duration_ms: 412.511347
      type: 'test'
      ...
    # Subtest: hold before CAS denies; hold after CAS preserves final check, heartbeat and private recovery
    ok 9 - hold before CAS denies; hold after CAS preserves final check, heartbeat and private recovery
      ---
      duration_ms: 652.982243
      type: 'test'
      ...
    # Subtest: delete tombstones input/job, returns owner404 and releases once; late ID persists cleanup without revival
    ok 10 - delete tombstones input/job, returns owner404 and releases once; late ID persists cleanup without revival
      ---
      duration_ms: 837.443719
      type: 'test'
      ...
    # Subtest: finalAuthorize samples clock after account/envelope waits and denies deadline or revoked authorization
    ok 11 - finalAuthorize samples clock after account/envelope waits and denies deadline or revoked authorization
      ---
      duration_ms: 1811.648767
      type: 'test'
      ...
    # Subtest: post-lock clock also fences a reclaim that waits past original deadline at UTC midnight
    ok 12 - post-lock clock also fences a reclaim that waits past original deadline at UTC midnight
      ---
      duration_ms: 386.693078
      type: 'test'
      ...
    # Subtest: final send check rejects wrong identity/fence/deletion and unavailable authority with literal false
    ok 13 - final send check rejects wrong identity/fence/deletion and unavailable authority with literal false
      ---
      duration_ms: 449.507311
      type: 'test'
      ...
    # Subtest: submission row prevents fixture/controlnet evidence attachment regardless caller mode
    ok 14 - submission row prevents fixture/controlnet evidence attachment regardless caller mode
      ---
      duration_ms: 658.881035
      type: 'test'
      ...
    # Subtest: no-submission fixture/controlnet local retry remains two tickets/two attempts and valid completion
    ok 15 - no-submission fixture/controlnet local retry remains two tickets/two attempts and valid completion
      ---
      duration_ms: 790.521202
      type: 'test'
      ...
    # Subtest: existing caller-owned terminal hold transaction uses same release and honors hosted recovery
    ok 16 - existing caller-owned terminal hold transaction uses same release and honors hosted recovery
      ---
      duration_ms: 341.002262
      type: 'test'
      ...
    1..16
ok 2 - F07 I4a durable hosted lifecycle on dedicated PostgreSQL16
  ---
  duration_ms: 20247.485778
  type: 'test'
  ...
1..2
# tests 18
# suites 0
# pass 18
# fail 0
# cancelled 0
# skipped 0
# todo 0
# duration_ms 20578.466376
 Container n8f07i4b-tests-run-850220d984f5 Creating 
 Container n8f07i4b-tests-run-850220d984f5 Created 
