TAP version 13
# Subtest: F07 I4a durable hosted lifecycle on dedicated PostgreSQL16
    # Subtest: two reclaimers have one winner, same consumed ticket/attempt/deadline and only new job fence
    ok 1 - two reclaimers have one winner, same consumed ticket/attempt/deadline and only new job fence
      ---
      duration_ms: 757.479151
      type: 'test'
      ...
    # Subtest: maintenance leaves known recovery in original attempt; succeeded also needs remaining private import time
    ok 2 - maintenance leaves known recovery in original attempt; succeeded also needs remaining private import time
      ---
      duration_ms: 1001.344087
      type: 'test'
      ...
    # Subtest: attempt deadline after expired lease terminalizes on maintenance/get/fail/claim and releases exactly once
    ok 3 - attempt deadline after expired lease terminalizes on maintenance/get/fail/claim and releases exactly once
      ---
      duration_ms: 1774.887074
      type: 'test'
      ...
    # Subtest: hard deadline is enforced after lease expiry without assigning a new 180s budget
    ok 4 - hard deadline is enforced after lease expiry without assigning a new 180s budget
      ---
      duration_ms: 546.912615
      type: 'test'
      ...
    # Subtest: submitting without ID after crash and explicitly ambiguous work never retry or create ticket2
    ok 5 - submitting without ID after crash and explicitly ambiguous work never retry or create ticket2
      ---
      duration_ms: 2190.454251
      type: 'test'
      ...
    # Subtest: known provider failed/canceled/aborted and quarantine fail closed before lease expires
    ok 6 - known provider failed/canceled/aborted and quarantine fail closed before lease expires
      ---
      duration_ms: 5999.484631
      type: 'test'
      ...
    # Subtest: current worker failure after submitting always terminalizes even with retryable=true
    ok 7 - current worker failure after submitting always terminalizes even with retryable=true
      ---
      duration_ms: 443.009389
      type: 'test'
      ...
    # Subtest: hold before CAS denies; hold after CAS preserves final check, heartbeat and private recovery
    ok 8 - hold before CAS denies; hold after CAS preserves final check, heartbeat and private recovery
      ---
      duration_ms: 965.279134
      type: 'test'
      ...
    # Subtest: delete tombstones input/job, returns owner404 and releases once; late ID persists cleanup without revival
    ok 9 - delete tombstones input/job, returns owner404 and releases once; late ID persists cleanup without revival
      ---
      duration_ms: 758.558231
      type: 'test'
      ...
    # Subtest: finalAuthorize samples clock after account/envelope waits and denies deadline or revoked authorization
    ok 10 - finalAuthorize samples clock after account/envelope waits and denies deadline or revoked authorization
      ---
      duration_ms: 2124.315469
      type: 'test'
      ...
    # Subtest: post-lock clock also fences a reclaim that waits past original deadline at UTC midnight
    ok 11 - post-lock clock also fences a reclaim that waits past original deadline at UTC midnight
      ---
      duration_ms: 543.641264
      type: 'test'
      ...
    # Subtest: final send check rejects wrong identity/fence/deletion and unavailable authority with literal false
    ok 12 - final send check rejects wrong identity/fence/deletion and unavailable authority with literal false
      ---
      duration_ms: 497.226648
      type: 'test'
      ...
    # Subtest: submission row prevents fixture/controlnet evidence attachment regardless caller mode
    ok 13 - submission row prevents fixture/controlnet evidence attachment regardless caller mode
      ---
      duration_ms: 831.579256
      type: 'test'
      ...
    # Subtest: no-submission fixture/controlnet local retry remains two tickets/two attempts and valid completion
    ok 14 - no-submission fixture/controlnet local retry remains two tickets/two attempts and valid completion
      ---
      duration_ms: 1434.222842
      type: 'test'
      ...
    # Subtest: existing caller-owned terminal hold transaction uses same release and honors hosted recovery
    ok 15 - existing caller-owned terminal hold transaction uses same release and honors hosted recovery
      ---
      duration_ms: 905.177483
      type: 'test'
      ...
    1..15
ok 1 - F07 I4a durable hosted lifecycle on dedicated PostgreSQL16
  ---
  duration_ms: 21406.329992
  type: 'test'
  ...
1..1
# tests 16
# suites 0
# pass 16
# fail 0
# cancelled 0
# skipped 0
# todo 0
# duration_ms 21418.602086
 Container n8f07i4a-tests-run-064b7e063a13 Creating 
 Container n8f07i4a-tests-run-064b7e063a13 Created 
