TAP version 13
# Subtest: changed recovery seed or request binding makes ZERO GET/POST
    # Subtest: seed
    ok 1 - seed
      ---
      duration_ms: 149.080244
      type: 'test'
      ...
    # Subtest: request
    ok 2 - request
      ---
      duration_ms: 129.497166
      type: 'test'
      ...
    # Subtest: transmitted
    ok 3 - transmitted
      ---
      duration_ms: 130.802197
      type: 'test'
      ...
    # Subtest: transform
    ok 4 - transform
      ---
      duration_ms: 102.258547
      type: 'test'
      ...
    # Subtest: settings
    ok 5 - settings
      ---
      duration_ms: 100.953996
      type: 'test'
      ...
    1..5
ok 1 - changed recovery seed or request binding makes ZERO GET/POST
  ---
  duration_ms: 616.63804
  type: 'test'
  ...
1..1
# tests 6
# suites 0
# pass 6
# fail 0
# cancelled 0
# skipped 0
# todo 0
# duration_ms 955.304921
