TAP version 13
# Subtest: F04 PG16 composite/publication authorization, atomic revoke, events and hold serialization
    # Subtest: two owners; accepted-only per-job consent; boundaries and byte/evidence mismatch
    ok 1 - two owners; accepted-only per-job consent; boundaries and byte/evidence mismatch
      ---
      duration_ms: 2789.180346
      type: 'test'
      ...
    # Subtest: revoke/republication/delete/reject atomically close old tokens without ledger regression
    ok 2 - revoke/republication/delete/reject atomically close old tokens without ledger regression
      ---
      duration_ms: 1789.912669
      type: 'test'
      ...
    # Subtest: cache hit waits for concurrent hold account lock then rejects stale unbadged image
    ok 3 - cache hit waits for concurrent hold account lock then rejects stale unbadged image
      ---
      duration_ms: 1428.332839
      type: 'test'
      ...
    # Subtest: concurrent event replay admits one attempt/completion/export and abort/error/unavailable zero completion
    ok 4 - concurrent event replay admits one attempt/completion/export and abort/error/unavailable zero completion
      ---
      duration_ms: 719.900597
      type: 'test'
      ...
    # Subtest: public list keyset pagination is bounded and consent remains job scoped
    ok 5 - public list keyset pagination is bounded and consent remains job scoped
      ---
      duration_ms: 3786.589431
      type: 'test'
      ...
    1..5
ok 1 - F04 PG16 composite/publication authorization, atomic revoke, events and hold serialization
  ---
  duration_ms: 11277.504726
  type: 'test'
  ...
1..1
# tests 6
# suites 0
# pass 6
# fail 0
# cancelled 0
# skipped 0
# todo 0
# duration_ms 11687.853562
 Container n8f07i5bfixture-tests-run-f84aa4953de0 Creating 
 Container n8f07i5bfixture-tests-run-f84aa4953de0 Created 
