TAP version 13
# Subtest: new create poll import: real files, closed evidence, durable queue and null metrics
ok 1 - new create poll import: real files, closed evidence, durable queue and null metrics
  ---
  duration_ms: 180.831715
  type: 'test'
  ...
# Subtest: known identity recovery reconstructs request and uses GET only
ok 2 - known identity recovery reconstructs request and uses GET only
  ---
  duration_ms: 208.636724
  type: 'test'
  ...
# Subtest: changed recovery seed or request binding makes ZERO GET/POST
    # Subtest: seed
    ok 1 - seed
      ---
      duration_ms: 113.0533
      type: 'test'
      ...
    # Subtest: request
    ok 2 - request
      ---
      duration_ms: 102.237947
      type: 'test'
      ...
    # Subtest: transmitted
    ok 3 - transmitted
      ---
      duration_ms: 77.526567
      type: 'test'
      ...
    # Subtest: transform
    ok 4 - transform
      ---
      duration_ms: 106.653809
      type: 'test'
      ...
    # Subtest: settings
    ok 5 - settings
      ---
      duration_ms: 98.652315
      type: 'test'
      ...
    1..5
ok 3 - changed recovery seed or request binding makes ZERO GET/POST
  ---
  duration_ms: 500.046589
  type: 'test'
  ...
# Subtest: changed actual private bytes fail before any recovery GET
ok 4 - changed actual private bytes fail before any recovery GET
  ---
  duration_ms: 58.437911
  type: 'test'
  ...
# Subtest: no-ID submitting and ambiguous never replay or authorize
ok 5 - no-ID submitting and ambiguous never replay or authorize
  ---
  duration_ms: 134.779238
  type: 'test'
  ...
# Subtest: original consumed timestamp refreshed after authorization UTC replacement
ok 6 - original consumed timestamp refreshed after authorization UTC replacement
  ---
  duration_ms: 112.20857
  type: 'test'
  ...
# Subtest: false or throw completion preserves referenced winner and never fails it
    # Subtest: false
    ok 1 - false
      ---
      duration_ms: 88.886011
      type: 'test'
      ...
    # Subtest: throw
    ok 2 - throw
      ---
      duration_ms: 87.484602
      type: 'test'
      ...
    1..2
ok 7 - false or throw completion preserves referenced winner and never fails it
  ---
  duration_ms: 177.354024
  type: 'test'
  ...
# Subtest: unavailable DB after uncertain completion preserves files
ok 8 - unavailable DB after uncertain completion preserves files
  ---
  duration_ms: 87.145841
  type: 'test'
  ...
# Subtest: definitely unreferenced rejection guards cleanup and fenced fail
ok 9 - definitely unreferenced rejection guards cleanup and fenced fail
  ---
  duration_ms: 84.28411
  type: 'test'
  ...
# Subtest: serialized lost heartbeat aborts provider and prevents attachment
ok 10 - serialized lost heartbeat aborts provider and prevents attachment
  ---
  duration_ms: 40.760335
  type: 'test'
  ...
# Subtest: external abort and unknown errors expose safe fixed codes only
ok 11 - external abort and unknown errors expose safe fixed codes only
  ---
  duration_ms: 15.774275
  type: 'test'
  ...
# Subtest: invalid original DB remaining budget never sends or creates a replacement
ok 12 - invalid original DB remaining budget never sends or creates a replacement
  ---
  duration_ms: 47.370857
  type: 'test'
  ...
# Subtest: one monotonic original budget expires during GET with no import or new create
ok 13 - one monotonic original budget expires during GET with no import or new create
  ---
  duration_ms: 45.369106
  type: 'test'
  ...
# Subtest: initial context transaction time reduces original budget
ok 14 - initial context transaction time reduces original budget
  ---
  duration_ms: 23.221589
  type: 'test'
  ...
# Subtest: hosted config exact pins, fixed styles and nonenumerable private token
ok 15 - hosted config exact pins, fixed styles and nonenumerable private token
  ---
  duration_ms: 4.408811
  type: 'test'
  ...
# Subtest: missing/invalid pins, token, accepts, envelope, seed or source deny
ok 16 - missing/invalid pins, token, accepts, envelope, seed or source deny
  ---
  duration_ms: 4.414522
  type: 'test'
  ...
# Subtest: fixture retains wider seed and existing common validation
ok 17 - fixture retains wider seed and existing common validation
  ---
  duration_ms: 1.199761
  type: 'test'
  ...
1..17
# tests 24
# suites 0
# pass 24
# fail 0
# cancelled 0
# skipped 0
# todo 0
# duration_ms 2273.588321
