TAP version 13
# Subtest: F07 I4c cleanup on owned internal PostgreSQL16
    # Subtest: two real PG owners produce one cancel while the other sees live claim
    ok 1 - two real PG owners produce one cancel while the other sees live claim
      ---
      duration_ms: 997.582856
      type: 'test'
      ...
    # Subtest: first cancel then GET one action each; only canceled confirms
    ok 2 - first cancel then GET one action each; only canceled confirms
      ---
      duration_ms: 704.303081
      type: 'test'
      ...
    # Subtest: expired lease/reclaim: late old observation and reconciliation make zero changes
    ok 3 - expired lease/reclaim: late old observation and reconciliation make zero changes
      ---
      duration_ms: 659.626355
      type: 'test'
      ...
    # Subtest: observation waits on real account lock past lease: no provider observation or finalization
    ok 4 - observation waits on real account lock past lease: no provider observation or finalization
      ---
      duration_ms: 758.558581
      type: 'test'
      ...
    # Subtest: request recorded before invocation then budget exhaustion: GET later, never assert cancel sent
    ok 5 - request recorded before invocation then budget exhaustion: GET later, never assert cancel sent
      ---
      duration_ms: 472.221429
      type: 'test'
      ...
    # Subtest: post-lock clock at retention boundary resolves without HTTP
    ok 6 - post-lock clock at retention boundary resolves without HTTP
      ---
      duration_ms: 500.660899
      type: 'test'
      ...
    # Subtest: expired original deadline, hold, revoked spend and deleted upload still permit cleanup
    ok 7 - expired original deadline, hold, revoked spend and deleted upload still permit cleanup
      ---
      duration_ms: 2310.905295
      type: 'test'
      ...
    # Subtest: success racing cancellation cannot attach output or refund reservations; terminal cannot regress
    ok 8 - success racing cancellation cannot attach output or refund reservations; terminal cannot regress
      ---
      duration_ms: 474.099759
      type: 'test'
      ...
    # Subtest: recorded terminal statuses done without network; no fabricated erasure confirmation
    ok 9 - recorded terminal statuses done without network; no fabricated erasure confirmation
      ---
      duration_ms: 2329.056512
      type: 'test'
      ...
    # Subtest: unknown identity, quarantine and retention remain unresolved with zero HTTP
    ok 10 - unknown identity, quarantine and retention remain unresolved with zero HTTP
      ---
      duration_ms: 1512.20709
      type: 'test'
      ...
    # Subtest: transport errors/429/404/timeout leave needed; later passes GET only; no confirmation
    ok 11 - transport errors/429/404/timeout leave needed; later passes GET only; no confirmation
      ---
      duration_ms: 2069.582839
      type: 'test'
      ...
    # Subtest: default disabled and invalid opt-in deny without outbound calls or row changes
    ok 12 - default disabled and invalid opt-in deny without outbound calls or row changes
      ---
      duration_ms: 375.171724
      type: 'test'
      ...
    # Subtest: scan at most100 once; sequential per-row actions and absolute pass exhaustion
    ok 13 - scan at most100 once; sequential per-row actions and absolute pass exhaustion
      ---
      duration_ms: 13421.077281
      type: 'test'
      ...
    1..13
ok 1 - F07 I4c cleanup on owned internal PostgreSQL16
  ---
  duration_ms: 27536.73504
  type: 'test'
  ...
1..1
# tests 14
# suites 0
# pass 14
# fail 0
# cancelled 0
# skipped 0
# todo 0
# duration_ms 27860.617016
 Container n8f07i4cr1-tests-run-e6e640e2552e Creating 
 Container n8f07i4cr1-tests-run-e6e640e2552e Created 
