TAP version 13
# Subtest: new create poll import: real files, closed evidence, durable queue and null metrics
ok 1 - new create poll import: real files, closed evidence, durable queue and null metrics
  ---
  duration_ms: 147.325733
  type: 'test'
  ...
# Subtest: known identity recovery reconstructs request and uses GET only
ok 2 - known identity recovery reconstructs request and uses GET only
  ---
  duration_ms: 132.597948
  type: 'test'
  ...
# Subtest: changed recovery seed or request binding makes ZERO GET/POST
    # Subtest: seed
    ok 1 - seed
      ---
      duration_ms: 80.709989
      type: 'test'
      ...
    # Subtest: request
    ok 2 - request
      ---
      duration_ms: 76.501607
      type: 'test'
      ...
    # Subtest: transmitted
    ok 3 - transmitted
      ---
      duration_ms: 70.606515
      type: 'test'
      ...
    # Subtest: transform
    ok 4 - transform
      ---
      duration_ms: 77.818438
      type: 'test'
      ...
    # Subtest: settings
    ok 5 - settings
      ---
      duration_ms: 66.593044
      type: 'test'
      ...
    1..5
ok 3 - changed recovery seed or request binding makes ZERO GET/POST
  ---
  duration_ms: 373.919593
  type: 'test'
  ...
# Subtest: changed actual private bytes fail before any recovery GET
ok 4 - changed actual private bytes fail before any recovery GET
  ---
  duration_ms: 51.197059
  type: 'test'
  ...
# Subtest: no-ID submitting and ambiguous never replay or authorize
ok 5 - no-ID submitting and ambiguous never replay or authorize
  ---
  duration_ms: 90.745762
  type: 'test'
  ...
# Subtest: original consumed timestamp refreshed after authorization UTC replacement
ok 6 - original consumed timestamp refreshed after authorization UTC replacement
  ---
  duration_ms: 72.159016
  type: 'test'
  ...
# Subtest: false or throw completion preserves referenced winner and never fails it
    # Subtest: false
    ok 1 - false
      ---
      duration_ms: 82.73736
      type: 'test'
      ...
    # Subtest: throw
    ok 2 - throw
      ---
      duration_ms: 88.962751
      type: 'test'
      ...
    1..2
ok 7 - false or throw completion preserves referenced winner and never fails it
  ---
  duration_ms: 172.451142
  type: 'test'
  ...
# Subtest: unavailable DB after uncertain completion preserves files
ok 8 - unavailable DB after uncertain completion preserves files
  ---
  duration_ms: 89.170571
  type: 'test'
  ...
# Subtest: definitely unreferenced rejection guards cleanup and fenced fail
ok 9 - definitely unreferenced rejection guards cleanup and fenced fail
  ---
  duration_ms: 107.407669
  type: 'test'
  ...
# Subtest: serialized lost heartbeat aborts provider and prevents attachment
ok 10 - serialized lost heartbeat aborts provider and prevents attachment
  ---
  duration_ms: 43.885775
  type: 'test'
  ...
# Subtest: external abort and unknown errors expose safe fixed codes only
ok 11 - external abort and unknown errors expose safe fixed codes only
  ---
  duration_ms: 24.740139
  type: 'test'
  ...
# Subtest: hosted config exact pins, fixed styles and nonenumerable private token
ok 12 - hosted config exact pins, fixed styles and nonenumerable private token
  ---
  duration_ms: 5.529132
  type: 'test'
  ...
# Subtest: missing/invalid pins, token, accepts, envelope, seed or source deny
ok 13 - missing/invalid pins, token, accepts, envelope, seed or source deny
  ---
  duration_ms: 5.363922
  type: 'test'
  ...
# Subtest: fixture retains wider seed and existing common validation
ok 14 - fixture retains wider seed and existing common validation
  ---
  duration_ms: 1.824061
  type: 'test'
  ...
1..14
# tests 21
# suites 0
# pass 21
# fail 0
# cancelled 0
# skipped 0
# todo 0
# duration_ms 1842.047737
