TAP version 13
# Subtest: hosted config exact pins, fixed styles and nonenumerable private token
ok 1 - hosted config exact pins, fixed styles and nonenumerable private token
  ---
  duration_ms: 6.650543
  type: 'test'
  ...
# Subtest: missing/invalid pins, token, accepts, envelope, seed or source deny
ok 2 - missing/invalid pins, token, accepts, envelope, seed or source deny
  ---
  duration_ms: 5.773812
  type: 'test'
  ...
# Subtest: fixture retains wider seed and existing common validation
ok 3 - fixture retains wider seed and existing common validation
  ---
  duration_ms: 1.542411
  type: 'test'
  ...
# Subtest: actual app: delayed A, B selection/submission, no overlap/stale render or mismatched intent
ok 4 - actual app: delayed A, B selection/submission, no overlap/stale render or mismatched intent
  ---
  duration_ms: 49.765358
  type: 'test'
  ...
# Subtest: actual app: old authentication_required after logout/new login keeps new account visible
ok 5 - actual app: old authentication_required after logout/new login keeps new account visible
  ---
  duration_ms: 15.400236
  type: 'test'
  ...
# Subtest: actual app: delayed logout blocks login until cookie-clearing response settles
ok 6 - actual app: delayed logout blocks login until cookie-clearing response settles
  ---
  duration_ms: 18.374926
  type: 'test'
  ...
# Subtest: actual app: earlier login completion keeps auth controls disabled until pending logout settles
ok 7 - actual app: earlier login completion keeps auth controls disabled until pending logout settles
  ---
  duration_ms: 10.287504
  type: 'test'
  ...
# Subtest: actual app: selection changes while reservation detail loads cannot render former selection
ok 8 - actual app: selection changes while reservation detail loads cannot render former selection
  ---
  duration_ms: 12.523525
  type: 'test'
  ...
# Subtest: real click barrier waits beyond hidden result through DELETE and every refresh; failures propagate and handler is restored
ok 9 - real click barrier waits beyond hidden result through DELETE and every refresh; failures propagate and handler is restored
  ---
  duration_ms: 8.577343
  type: 'test'
  ...
# Subtest: preceding intent readiness cannot settle target; temporary target lease waits for its own provider
ok 10 - preceding intent readiness cannot settle target; temporary target lease waits for its own provider
  ---
  duration_ms: 4.906521
  type: 'test'
  ...
# Subtest: unleased target becomes ready after preceding queue item, with no unnecessary sleep
ok 11 - unleased target becomes ready after preceding queue item, with no unnecessary sleep
  ---
  duration_ms: 0.84374
  type: 'test'
  ...
# Subtest: already-ready target is signaled without running an unrelated queue candidate
ok 12 - already-ready target is signaled without running an unrelated queue candidate
  ---
  duration_ms: 0.53777
  type: 'test'
  ...
# Subtest: missing, terminal and wrong fixture binding fail before queue or settlement
ok 13 - missing, terminal and wrong fixture binding fail before queue or settlement
  ---
  duration_ms: 1.906001
  type: 'test'
  ...
# Subtest: terminal transition during worker pass fails without a success signal
ok 14 - terminal transition during worker pass fails without a success signal
  ---
  duration_ms: 0.78309
  type: 'test'
  ...
# Subtest: not-ready target exhausts finite tries even when injected clock never advances
ok 15 - not-ready target exhausts finite tries even when injected clock never advances
  ---
  duration_ms: 13.080185
  type: 'test'
  ...
# Subtest: deadline stops retries and prevents signaling readiness attached too late
ok 16 - deadline stops retries and prevents signaling readiness attached too late
  ---
  duration_ms: 0.85086
  type: 'test'
  ...
# Subtest: deadline reached during a readiness read prevents a late success signal
ok 17 - deadline reached during a readiness read prevents a late success signal
  ---
  duration_ms: 0.557801
  type: 'test'
  ...
# Subtest: runtime/mode/UUID and existing dedicated ownership guards remain strict
ok 18 - runtime/mode/UUID and existing dedicated ownership guards remain strict
  ---
  duration_ms: 1.53434
  type: 'test'
  ...
# Subtest: query and worker failures propagate instead of reporting fixture success
ok 19 - query and worker failures propagate instead of reporting fixture success
  ---
  duration_ms: 1.003171
  type: 'test'
  ...
# Subtest: hosted fixture requires exact test runtime/origin/storage/caps and owned pool before SQL
ok 20 - hosted fixture requires exact test runtime/origin/storage/caps and owned pool before SQL
  ---
  duration_ms: 5.489071
  type: 'test'
  ...
# Subtest: mock boundaries always supply API and delivery transports, unique identities, safe counts only
ok 21 - mock boundaries always supply API and delivery transports, unique identities, safe counts only
  ---
  duration_ms: 10.702354
  type: 'test'
  ...
# Subtest: response gate proves send observation before release, and rejects a bounded expiry
ok 22 - response gate proves send observation before release, and rejects a bounded expiry
  ---
  duration_ms: 7.443722
  type: 'test'
  ...
# Subtest: actual worker config missing/disabled rejects before every mock HTTP and delivery call
ok 23 - actual worker config missing/disabled rejects before every mock HTTP and delivery call
  ---
  duration_ms: 2.918471
  type: 'test'
  ...
# Subtest: mock API failure is propagated with no delivery calls or alternative transport
ok 24 - mock API failure is propagated with no delivery calls or alternative transport
  ---
  duration_ms: 0.692591
  type: 'test'
  ...
# Subtest: accepted controlnet and replicate each require separate consent before actual publication action
ok 25 - accepted controlnet and replicate each require separate consent before actual publication action
  ---
  duration_ms: 7.845203
  type: 'test'
  ...
# Subtest: unverified hosted result must never enable publication even with forged checked consent
ok 26 - unverified hosted result must never enable publication even with forged checked consent
  ---
  duration_ms: 0.52834
  type: 'test'
  ...
# Subtest: fixture, unknown mode/quality, rejected and held accepted results preserve publication guards
ok 27 - fixture, unknown mode/quality, rejected and held accepted results preserve publication guards
  ---
  duration_ms: 3.906222
  type: 'test'
  ...
# Subtest: uncertain response survives reload with same body/key; selection and account isolate
ok 28 - uncertain response survives reload with same body/key; selection and account isolate
  ---
  duration_ms: 2.905791
  type: 'test'
  ...
# Subtest: account switch aborts and rejects late former-owner image even if transport ignores abort
ok 29 - account switch aborts and rejects late former-owner image even if transport ignores abort
  ---
  duration_ms: 1.396751
  type: 'test'
  ...
# Subtest: native outcomes depend on promise; invocation starts immediately in user gesture
ok 30 - native outcomes depend on promise; invocation starts immediately in user gesture
  ---
  duration_ms: 3.008681
  type: 'test'
  ...
# Subtest: checkout rejects executable/insecure/credential URLs; fixture stays local
ok 31 - checkout rejects executable/insecure/credential URLs; fixture stays local
  ---
  duration_ms: 0.45351
  type: 'test'
  ...
# Subtest: late A resolution cannot bind A job to the submitted B body/key
ok 32 - late A resolution cannot bind A job to the submitted B body/key
  ---
  duration_ms: 5.370832
  type: 'test'
  ...
# Subtest: late authentication rejection across logout/login cannot escape to new account
ok 33 - late authentication rejection across logout/login cannot escape to new account
  ---
  duration_ms: 0.90105
  type: 'test'
  ...
# Subtest: evicted CDP body is never read; fresh DOM UUID binds to authenticated owner metadata
ok 34 - evicted CDP body is never read; fresh DOM UUID binds to authenticated owner metadata
  ---
  duration_ms: 8.638423
  type: 'test'
  ...
# Subtest: stale selected upload cannot satisfy a new successful POST
ok 35 - stale selected upload cannot satisfy a new successful POST
  ---
  duration_ms: 4.828372
  type: 'test'
  ...
# Subtest: existing owner UUID absent from DOM still cannot count as fresh
ok 36 - existing owner UUID absent from DOM still cannot count as fresh
  ---
  duration_ms: 3.279891
  type: 'test'
  ...
# Subtest: previous DOM UUID absent from owner list still cannot count as fresh
ok 37 - previous DOM UUID absent from owner list still cannot count as fresh
  ---
  duration_ms: 3.153911
  type: 'test'
  ...
# Subtest: non-UUID selection is rejected
ok 38 - non-UUID selection is rejected
  ---
  duration_ms: 3.903852
  type: 'test'
  ...
# Subtest: failed POST is rejected before DOM or metadata can imply success
ok 39 - failed POST is rejected before DOM or metadata can imply success
  ---
  duration_ms: 5.426152
  type: 'test'
  ...
# Subtest: new DOM UUID must match the single new owner entry
ok 40 - new DOM UUID must match the single new owner entry
  ---
  duration_ms: 4.519342
  type: 'test'
  ...
# Subtest: missing or ambiguous new owner metadata fails
ok 41 - missing or ambiguous new owner metadata fails
  ---
  duration_ms: 8.362103
  type: 'test'
  ...
# Subtest: missing dimensions, MIME or creation time fails
ok 42 - missing dimensions, MIME or creation time fails
  ---
  duration_ms: 21.005487
  type: 'test'
  ...
# Subtest: unauthenticated owner response and missing owner list fail closed
ok 43 - unauthenticated owner response and missing owner list fail closed
  ---
  duration_ms: 8.203833
  type: 'test'
  ...
1..43
# tests 43
# suites 0
# pass 43
# fail 0
# cancelled 0
# skipped 0
# todo 0
# duration_ms 698.098659
