TAP version 13
# Subtest: CRC-correct APNG is denied by shared input preparation
ok 1 - CRC-correct APNG is denied by shared input preparation
  ---
  duration_ms: 57.84566
  type: 'test'
  ...
# Subtest: CRC-correct APNG depth is denied before second download and leaves zero artifacts
ok 2 - CRC-correct APNG depth is denied before second download and leaves zero artifacts
  ---
  duration_ms: 126.210395
  type: 'test'
  ...
1..2
# tests 2
# suites 0
# pass 2
# fail 0
# cancelled 0
# skipped 0
# todo 0
# duration_ms 529.218339
