TAP version 13
# Subtest: actual legacy deletion waits delayed generate gallery and resume promise, preserving DELETE200/three GET200/404 oracle
ok 1 - actual legacy deletion waits delayed generate gallery and resume promise, preserving DELETE200/three GET200/404 oracle
  ---
  duration_ms: 36.619613
  type: 'test'
  ...
# Subtest: original predecessor race reproduces extra prior gallery before unchanged three refreshes
ok 2 - original predecessor race reproduces extra prior gallery before unchanged three refreshes
  ---
  duration_ms: 17.649936
  type: 'test'
  ...
# Subtest: unchanged deletion oracle rejects failed DELETE, failed refresh, wrong order and missing owner404
ok 3 - unchanged deletion oracle rejects failed DELETE, failed refresh, wrong order and missing owner404
  ---
  duration_ms: 84.19873
  type: 'test'
  ...
1..3
# tests 3
# suites 0
# pass 3
# fail 0
# cancelled 0
# skipped 0
# todo 0
# duration_ms 522.451297
