TAP version 13
# Subtest: F07 I5a atomic hosted evidence on dedicated PostgreSQL16
    # Subtest: migration retains all historical fixture/controlnet values and hashes, idempotence and immutability
    ok 1 - migration retains all historical fixture/controlnet values and hashes, idempotence and immutability
      ---
      duration_ms: 413.315357
      type: 'test'
      ...
    # Subtest: hosted atomic winner binds null metrics; duplicate immutable evidence and hold-after-CAS preserve credit/spend
    ok 2 - hosted atomic winner binds null metrics; duplicate immutable evidence and hold-after-CAS preserve credit/spend
      ---
      duration_ms: 984.495991
      type: 'test'
      ...
    # Subtest: two genuine completion contenders commit exactly one result and no ticket/credit/spend changes
    ok 3 - two genuine completion contenders commit exactly one result and no ticket/credit/spend changes
      ---
      duration_ms: 600.340075
      type: 'test'
      ...
    # Subtest: clock after account/job/submission lock waits enforces original lease/attempt/hard deadline without release
    ok 4 - clock after account/job/submission lock waits enforces original lease/attempt/hard deadline without release
      ---
      duration_ms: 5269.433971
      type: 'test'
      ...
    # Subtest: reclaim current fence succeeds privately with original ticket/deadlines; stale old fence has no effect
    ok 5 - reclaim current fence succeeds privately with original ticket/deadlines; stale old fence has no effect
      ---
      duration_ms: 405.117695
      type: 'test'
      ...
    # Subtest: deleted input/job, changed hashes/owner/dimensions, wrong mode/ticket/deadline deny with no partial state
    ok 6 - deleted input/job, changed hashes/owner/dimensions, wrong mode/ticket/deadline deny with no partial state
      ---
      duration_ms: 5455.680307
      type: 'test'
      ...
    # Subtest: every cleanup designation, quarantine and nonsucceeded/unknown provider status excludes completion
    ok 7 - every cleanup designation, quarantine and nonsucceeded/unknown provider status excludes completion
      ---
      duration_ms: 6190.30275
      type: 'test'
      ...
    # Subtest: identity/input/request/transform and separately verified worker settings fail closed
    ok 8 - identity/input/request/transform and separately verified worker settings fail closed
      ---
      duration_ms: 6408.891348
      type: 'test'
      ...
    # Subtest: hosted without submission/local with submission and SQL mixed/null-local evidence are denied
    ok 9 - hosted without submission/local with submission and SQL mixed/null-local evidence are denied
      ---
      duration_ms: 3252.226691
      type: 'test'
      ...
    # Subtest: SQL hosted constraints reject unknown/sensitive keys, invented metrics and mixed local provenance
    ok 10 - SQL hosted constraints reject unknown/sensitive keys, invented metrics and mixed local provenance
      ---
      duration_ms: 4867.243537
      type: 'test'
      ...
    # Subtest: deletion or cleanup committed while completion waits cannot attach a late result
    ok 11 - deletion or cleanup committed while completion waits cannot attach a late result
      ---
      duration_ms: 1219.510765
      type: 'test'
      ...
    # Subtest: atomic rollback if final job update fails leaves no evidence, output or financial effects
    ok 12 - atomic rollback if final job update fails leaves no evidence, output or financial effects
      ---
      duration_ms: 573.317555
      type: 'test'
      ...
    # Subtest: local fixture/controlnet retry and completion preserve their original evidence contract
    ok 13 - local fixture/controlnet retry and completion preserve their original evidence contract
      ---
      duration_ms: 1680.71493
      type: 'test'
      ...
    1..13
ok 1 - F07 I5a atomic hosted evidence on dedicated PostgreSQL16
  ---
  duration_ms: 38468.615262
  type: 'test'
  ...
1..1
# tests 14
# suites 0
# pass 14
# fail 0
# cancelled 0
# skipped 0
# todo 0
# duration_ms 39251.785212
 Container n8f07i5a-tests-run-6c6758a456dc Creating 
 Container n8f07i5a-tests-run-6c6758a456dc Created 
