TAP version 13
# Subtest: accepted controlnet and replicate each require separate consent before actual publication action
ok 1 - accepted controlnet and replicate each require separate consent before actual publication action
  ---
  duration_ms: 5.567792
  type: 'test'
  ...
# Subtest: unverified hosted result must never enable publication even with forged checked consent
ok 2 - unverified hosted result must never enable publication even with forged checked consent
  ---
  duration_ms: 2.13378
  type: 'test'
  ...
# Subtest: fixture, unknown mode/quality, rejected and held accepted results preserve publication guards
ok 3 - fixture, unknown mode/quality, rejected and held accepted results preserve publication guards
  ---
  duration_ms: 1.826261
  type: 'test'
  ...
1..3
# tests 3
# suites 0
# pass 3
# fail 0
# cancelled 0
# skipped 0
# todo 0
# duration_ms 146.970923
