TAP version 13
# Subtest: changed recovery seed or request binding makes ZERO GET/POST
    # Subtest: seed
    ok 1 - seed
      ---
      duration_ms: 119.780683
      type: 'test'
      ...
    # Subtest: request
    ok 2 - request
      ---
      duration_ms: 139.56323
      type: 'test'
      ...
    # Subtest: transmitted
    ok 3 - transmitted
      ---
      duration_ms: 98.334045
      type: 'test'
      ...
    # Subtest: transform
    ok 4 - transform
      ---
      duration_ms: 95.396944
      type: 'test'
      ...
    # Subtest: settings
    ok 5 - settings
      ---
      duration_ms: 105.971577
      type: 'test'
      ...
    1..5
ok 1 - changed recovery seed or request binding makes ZERO GET/POST
  ---
  duration_ms: 562.408491
  type: 'test'
  ...
1..1
# tests 6
# suites 0
# pass 6
# fail 0
# cancelled 0
# skipped 0
# todo 0
# duration_ms 875.574913
