TAP version 13
# Subtest: changed recovery seed or request binding makes ZERO GET/POST
    # Subtest: seed
    ok 1 - seed
      ---
      duration_ms: 223.7753
      type: 'test'
      ...
    # Subtest: request
    ok 2 - request
      ---
      duration_ms: 147.046643
      type: 'test'
      ...
    # Subtest: transmitted
    ok 3 - transmitted
      ---
      duration_ms: 163.918399
      type: 'test'
      ...
    # Subtest: transform
    ok 4 - transform
      ---
      duration_ms: 144.347581
      type: 'test'
      ...
    # Subtest: settings
    ok 5 - settings
      ---
      duration_ms: 108.351729
      type: 'test'
      ...
    1..5
ok 1 - changed recovery seed or request binding makes ZERO GET/POST
  ---
  duration_ms: 790.962092
  type: 'test'
  ...
1..1
# tests 6
# suites 0
# pass 6
# fail 0
# cancelled 0
# skipped 0
# todo 0
# duration_ms 1170.983268
