TAP version 13
# Subtest: F02a real PostgreSQL durable queue, budget, deadlines, fencing and owner APIs
    # Subtest: JOB-01 same-key concurrent replay and changed body conflict have one effect even at caps/hold
    ok 1 - JOB-01 same-key concurrent replay and changed body conflict have one effect even at caps/hold
      ---
      duration_ms: 449.877661
      type: 'test'
      ...
    # Subtest: JOB-01/02 style and wrong owner upload cannot reserve; last credit concurrent race
    ok 2 - JOB-01/02 style and wrong owner upload cannot reserve; last credit concurrent race
      ---
      duration_ms: 652.753433
      type: 'test'
      ...
    # Subtest: PERF-01 platform last ticket concurrent admission changes both buckets atomically
    ok 3 - PERF-01 platform last ticket concurrent admission changes both buckets atomically
      ---
      duration_ms: 444.701498
      type: 'test'
      ...
    # Subtest: PERF-01 account last ticket concurrent admission rolls back platform and credit
    ok 4 - PERF-01 account last ticket concurrent admission rolls back platform and credit
      ---
      duration_ms: 516.490135
      type: 'test'
      ...
    # Subtest: JOB-03 first same-day claim reuses ticket; concurrent workers cannot double start
    ok 5 - JOB-03 first same-day claim reuses ticket; concurrent workers cannot double start
      ---
      duration_ms: 1005.394099
      type: 'test'
      ...
    # Subtest: JOB-04 retry consumes new capacity and max two starts; duplicate/stale failures release once
    ok 6 - JOB-04 retry consumes new capacity and max two starts; duplicate/stale failures release once
      ---
      duration_ms: 636.740917
      type: 'test'
      ...
    # Subtest: JOB-04 absent reserve cannot credit; actual reserve releases exactly once across repeated operations
    ok 7 - JOB-04 absent reserve cannot credit; actual reserve releases exactly once across repeated operations
      ---
      duration_ms: 791.712463
      type: 'test'
      ...
    # Subtest: JOB-04 retry budget exhaustion terminal release does not refund tickets
    ok 8 - JOB-04 retry budget exhaustion terminal release does not refund tickets
      ---
      duration_ms: 1242.337144
      type: 'test'
      ...
    # Subtest: PERF-02 UTC rollover replaces unstarted old ticket; exhaustion releases once
    ok 9 - PERF-02 UTC rollover replaces unstarted old ticket; exhaustion releases once
      ---
      duration_ms: 1055.607197
      type: 'test'
      ...
    # Subtest: JOB-03 queue expires at exactly 60s and repeated maintenance releases once
    ok 10 - JOB-03 queue expires at exactly 60s and repeated maintenance releases once
      ---
      duration_ms: 456.100803
      type: 'test'
      ...
    # Subtest: JOB-03 healthy 10s heartbeats cannot extend attempt 180s or absolute job 360s
    ok 11 - JOB-03 healthy 10s heartbeats cannot extend attempt 180s or absolute job 360s
      ---
      duration_ms: 1012.461541
      type: 'test'
      ...
    # Subtest: JOB-04 lease boundary fences expired attempt before retry; no late attach or release
    ok 12 - JOB-04 lease boundary fences expired attempt before retry; no late attach or release
      ---
      duration_ms: 274.349747
      type: 'test'
      ...
    # Subtest: Completion persists canonical sd/controlnet/depth revisions without invoking supplied toJSON
    ok 13 - Completion persists canonical sd/controlnet/depth revisions without invoking supplied toJSON
      ---
      duration_ms: 373.608113
      type: 'test'
      ...
    # Subtest: Atomic output attach rejects wrong input and rolls back evidence on output-key conflict
    ok 14 - Atomic output attach rejects wrong input and rolls back evidence on output-key conflict
      ---
      duration_ms: 417.753989
      type: 'test'
      ...
    # Subtest: PAY-05 applicable hold serialization: queued fail, active pre-hold finish, retry denied
    ok 15 - PAY-05 applicable hold serialization: queued fail, active pre-hold finish, retry denied
      ---
      duration_ms: 1079.148356
      type: 'test'
      ...
    # Subtest: PAY-05 hold race is serialized under account lock for admission and start
    ok 16 - PAY-05 hold race is serialized under account lock for admission and start
      ---
      duration_ms: 789.871572
      type: 'test'
      ...
    # Subtest: GALLERY-03 deletion tombstones upload/all jobs and fences completion; cleanup retries
    ok 17 - GALLERY-03 deletion tombstones upload/all jobs and fences completion; cleanup retries
      ---
      duration_ms: 586.000859
      type: 'test'
      ...
    # Subtest: GALLERY-03 deletion racing active complete cannot attach after tombstone or release twice
    ok 18 - GALLERY-03 deletion racing active complete cannot attach after tombstone or release twice
      ---
      duration_ms: 472.637939
      type: 'test'
      ...
    # Subtest: Output UUIDs live in separate registry sweep; bounded cursor protects live result and reaches tail
    ok 19 - Output UUIDs live in separate registry sweep; bounded cursor protects live result and reaches tail
      ---
      duration_ms: 670.488509
      type: 'test'
      ...
    # Subtest: AUTH-04/GALLERY-01 actual owner job routes, Origin, pagination, no-store and no worker endpoint
    ok 20 - AUTH-04/GALLERY-01 actual owner job routes, Origin, pagination, no-store and no worker endpoint
      ---
      duration_ms: 1199.280719
      type: 'test'
      ...
    1..20
ok 1 - F02a real PostgreSQL durable queue, budget, deadlines, fencing and owner APIs
  ---
  duration_ms: 14831.446204
  type: 'test'
  ...
1..1
# tests 21
# suites 0
# pass 21
# fail 0
# cancelled 0
# skipped 0
# todo 0
# duration_ms 14841.707238
 Container n8f07i4a-tests-run-27d6e4100d6e Creating 
 Container n8f07i4a-tests-run-27d6e4100d6e Created 
media_cleanup_pending
