TAP version 13
# Subtest: provider scalar claims and fake metric sources are rejected, including zero/false substitutes
not ok 1 - provider scalar claims and fake metric sources are rejected, including zero/false substitutes
  ---
  duration_ms: 7.015742
  type: 'test'
  location: '/tmp/n8-i5a-mutation-b_lt27fc/tests/replicate-evidence.test.js:35:1'
  failureType: 'testCodeFailure'
  error: 'Missing expected exception.'
  code: 'ERR_ASSERTION'
  name: 'AssertionError'
  expected:
  operator: 'throws'
  stack: |-
    invalid (file:///tmp/n8-i5a-mutation-b_lt27fc/tests/replicate-evidence.test.js:9:25)
    TestContext.<anonymous> (file:///tmp/n8-i5a-mutation-b_lt27fc/tests/replicate-evidence.test.js:37:75)
    Test.runInAsyncScope (node:async_hooks:214:14)
    Test.run (node:internal/test_runner/test:1047:25)
    Test.start (node:internal/test_runner/test:944:17)
    startSubtestAfterBootstrap (node:internal/test_runner/harness:296:17)
  ...
1..1
# tests 1
# suites 0
# pass 0
# fail 1
# cancelled 0
# skipped 0
# todo 0
# duration_ms 298.106057
