TAP version 13
# Subtest: F02b real subprocess bounds, cancellation, lease and cleanup
    # Subtest: one persistent subprocess survives two requests; fixture has actual independent hashes
    ok 1 - one persistent subprocess survives two requests; fixture has actual independent hashes
      ---
      duration_ms: 121.131243
      type: 'test'
      ...
    # Subtest: actual bytes/hash mismatch refuses completion and removes all orphan artifacts
    ok 2 - actual bytes/hash mismatch refuses completion and removes all orphan artifacts
      ---
      duration_ms: 76.697268
      type: 'test'
      ...
    # Subtest: deadline kills actual subprocess; partial artifacts removed
    ok 3 - deadline kills actual subprocess; partial artifacts removed
      ---
      duration_ms: 136.481089
      type: 'test'
      ...
    # Subtest: lost heartbeat cancels child and fences attach
    ok 4 - lost heartbeat cancels child and fences attach
      ---
      duration_ms: 30.785911
      type: 'test'
      ...
    # Subtest: external cancellation kills subprocess
    ok 5 - external cancellation kills subprocess
      ---
      duration_ms: 43.003015
      type: 'test'
      ...
    # Subtest: invalid and oversized stdout or stderr fail bounded protocol
    ok 6 - invalid and oversized stdout or stderr fail bounded protocol
      ---
      duration_ms: 192.502469
      type: 'test'
      ...
    # Subtest: malformed response then awaited stop terminates failed child before healthy restart
    ok 7 - malformed response then awaited stop terminates failed child before healthy restart
      ---
      duration_ms: 140.07758
      type: 'test'
      ...
    # Subtest: obsolete child exit cannot reject an immediate replacement request
    ok 8 - obsolete child exit cannot reject an immediate replacement request
      ---
      duration_ms: 154.294605
      type: 'test'
      ...
    # Subtest: concurrent requests still refuse engine_busy without disturbing active request
    ok 9 - concurrent requests still refuse engine_busy without disturbing active request
      ---
      duration_ms: 68.371354
      type: 'test'
      ...
    # Subtest: stale fence cleans otherwise valid result
    ok 10 - stale fence cleans otherwise valid result
      ---
      duration_ms: 91.742493
      type: 'test'
      ...
    # Subtest: symlinks and unbounded artifact bytes denied
    ok 11 - symlinks and unbounded artifact bytes denied
      ---
      duration_ms: 4.172442
      type: 'test'
      ...
    # Subtest: private reads enforce owner/rejection twice and exact immutable bytes
    ok 12 - private reads enforce owner/rejection twice and exact immutable bytes
      ---
      duration_ms: 12.519654
      type: 'test'
      ...
    1..12
ok 1 - F02b real subprocess bounds, cancellation, lease and cleanup
  ---
  duration_ms: 1124.669371
  type: 'test'
  ...
# Subtest: JOB-01 style/key/UUID boundaries and canonical body hash
ok 2 - JOB-01 style/key/UUID boundaries and canonical body hash
  ---
  duration_ms: 3.848182
  type: 'test'
  ...
# Subtest: PERF-01/SEC-01 required positive integer lower-only budget config
ok 3 - PERF-01/SEC-01 required positive integer lower-only budget config
  ---
  duration_ms: 3.387511
  type: 'test'
  ...
# Subtest: Output contract requires complete evidence and refuses production fixture
ok 4 - Output contract requires complete evidence and refuses production fixture
  ---
  duration_ms: 1.397401
  type: 'test'
  ...
# Subtest: Trusted clock injection is restricted to explicit test runtime
ok 5 - Trusted clock injection is restricted to explicit test runtime
  ---
  duration_ms: 1.04232
  type: 'test'
  ...
# Subtest: Provenance rejects unsupported shapes and serializes a detached canonical revision object
ok 6 - Provenance rejects unsupported shapes and serializes a detached canonical revision object
  ---
  duration_ms: 2.252181
  type: 'test'
  ...
# Subtest: prepared binding accepts only hashes and closed numeric image transform
ok 7 - prepared binding accepts only hashes and closed numeric image transform
  ---
  duration_ms: 7.283572
  type: 'test'
  ...
# Subtest: authority rejects absent/invalid limits and non-test trusted clock before SQL
ok 8 - authority rejects absent/invalid limits and non-test trusted clock before SQL
  ---
  duration_ms: 1.301491
  type: 'test'
  ...
# Subtest: new create poll import: real files, closed evidence, durable queue and null metrics
ok 9 - new create poll import: real files, closed evidence, durable queue and null metrics
  ---
  duration_ms: 158.929196
  type: 'test'
  ...
# Subtest: known identity recovery reconstructs request and uses GET only
ok 10 - known identity recovery reconstructs request and uses GET only
  ---
  duration_ms: 151.808155
  type: 'test'
  ...
# Subtest: changed recovery seed or request binding makes ZERO GET/POST
    # Subtest: seed
    ok 1 - seed
      ---
      duration_ms: 119.825113
      type: 'test'
      ...
    # Subtest: request
    ok 2 - request
      ---
      duration_ms: 108.507428
      type: 'test'
      ...
    # Subtest: transmitted
    ok 3 - transmitted
      ---
      duration_ms: 83.9207
      type: 'test'
      ...
    # Subtest: transform
    ok 4 - transform
      ---
      duration_ms: 88.852301
      type: 'test'
      ...
    # Subtest: settings
    ok 5 - settings
      ---
      duration_ms: 98.689825
      type: 'test'
      ...
    1..5
ok 11 - changed recovery seed or request binding makes ZERO GET/POST
  ---
  duration_ms: 501.965149
  type: 'test'
  ...
# Subtest: changed actual private bytes fail before any recovery GET
ok 12 - changed actual private bytes fail before any recovery GET
  ---
  duration_ms: 80.436019
  type: 'test'
  ...
# Subtest: no-ID submitting and ambiguous never replay or authorize
ok 13 - no-ID submitting and ambiguous never replay or authorize
  ---
  duration_ms: 123.152894
  type: 'test'
  ...
# Subtest: original consumed timestamp refreshed after authorization UTC replacement
ok 14 - original consumed timestamp refreshed after authorization UTC replacement
  ---
  duration_ms: 103.927867
  type: 'test'
  ...
# Subtest: false or throw completion preserves referenced winner and never fails it
    # Subtest: false
    ok 1 - false
      ---
      duration_ms: 105.671448
      type: 'test'
      ...
    # Subtest: throw
    ok 2 - throw
      ---
      duration_ms: 117.476612
      type: 'test'
      ...
    1..2
ok 15 - false or throw completion preserves referenced winner and never fails it
  ---
  duration_ms: 224.25615
  type: 'test'
  ...
# Subtest: unavailable DB after uncertain completion preserves files
ok 16 - unavailable DB after uncertain completion preserves files
  ---
  duration_ms: 80.424589
  type: 'test'
  ...
# Subtest: definitely unreferenced rejection guards cleanup and fenced fail
ok 17 - definitely unreferenced rejection guards cleanup and fenced fail
  ---
  duration_ms: 103.890887
  type: 'test'
  ...
# Subtest: serialized lost heartbeat aborts provider and prevents attachment
ok 18 - serialized lost heartbeat aborts provider and prevents attachment
  ---
  duration_ms: 40.866635
  type: 'test'
  ...
# Subtest: external abort and unknown errors expose safe fixed codes only
ok 19 - external abort and unknown errors expose safe fixed codes only
  ---
  duration_ms: 27.52966
  type: 'test'
  ...
# Subtest: hosted config exact pins, fixed styles and nonenumerable private token
ok 20 - hosted config exact pins, fixed styles and nonenumerable private token
  ---
  duration_ms: 4.926721
  type: 'test'
  ...
# Subtest: missing/invalid pins, token, accepts, envelope, seed or source deny
ok 21 - missing/invalid pins, token, accepts, envelope, seed or source deny
  ---
  duration_ms: 4.047431
  type: 'test'
  ...
# Subtest: fixture retains wider seed and existing common validation
ok 22 - fixture retains wider seed and existing common validation
  ---
  duration_ms: 1.651201
  type: 'test'
  ...
1..22
# tests 41
# suites 0
# pass 41
# fail 0
# cancelled 0
# skipped 0
# todo 0
# duration_ms 4138.580548
