TAP version 13
# Subtest: I5b labelled hosted software branch: strict row/config/corpus and actual bytes
    # Subtest: valid software shape with 12 inputs x 3 styles, distinct per-pair config/request
    ok 1 - valid software shape with 12 inputs x 3 styles, distinct per-pair config/request
      ---
      duration_ms: 75.433147
      type: 'test'
      ...
    # Subtest: guard oracle: synthetic hosted corpus cannot be accepted
    ok 2 - guard oracle: synthetic hosted corpus cannot be accepted
      ---
      duration_ms: 37.391883
      type: 'test'
      ...
    # Subtest: closed canonical row, all shared columns, style and SQL null metrics
    ok 3 - closed canonical row, all shared columns, style and SQL null metrics
      ---
      duration_ms: 49.330198
      type: 'test'
      ...
    # Subtest: corpus refuses source/attestation, mixed pins, aliases, substitution and geometry
    ok 4 - corpus refuses source/attestation, mixed pins, aliases, substitution and geometry
      ---
      duration_ms: 283.456641
      type: 'test'
      ...
    # Subtest: server-only review software acceptance, eligibility and once-only rejection
    ok 5 - server-only review software acceptance, eligibility and once-only rejection
      ---
      duration_ms: 96.943375
      type: 'test'
      ...
    # Subtest: missing/changed input, output, depth and config deny review and eligibility
    ok 6 - missing/changed input, output, depth and config deny review and eligibility
      ---
      duration_ms: 409.403356
      type: 'test'
      ...
    # Subtest: final eligibility rechecks deleted/quality/evidence authority after byte reads
    ok 7 - final eligibility rechecks deleted/quality/evidence authority after byte reads
      ---
      duration_ms: 386.329668
      type: 'test'
      ...
    # Subtest: private hosted unverified composite has existing UNVERIFIED pixels
    ok 8 - private hosted unverified composite has existing UNVERIFIED pixels
      ---
      duration_ms: 515.132354
      type: 'test'
      ...
    1..8
ok 1 - I5b labelled hosted software branch: strict row/config/corpus and actual bytes
  ---
  duration_ms: 1884.797513
  type: 'test'
  ...
# Subtest: I5b hosted sharing mode alone grants no public authority; private and final cache guards
ok 2 - I5b hosted sharing mode alone grants no public authority; private and final cache guards
  ---
  duration_ms: 2152.649539
  type: 'test'
  ...
1..2
# tests 10
# suites 0
# pass 10
# fail 0
# cancelled 0
# skipped 0
# todo 0
# duration_ms 4374.555321
