TAP version 13
# Subtest: F07 I4b worker on owned internal PostgreSQL16
    # Subtest: real I1 create poll I3 bytes and I5a atomic private completion
    ok 1 - real I1 create poll I3 bytes and I5a atomic private completion
      ---
      duration_ms: 602.868275
      type: 'test'
      ...
    # Subtest: known-ID recovery GET only preserves original ticket deadline attempt and spend
    ok 2 - known-ID recovery GET only preserves original ticket deadline attempt and spend
      ---
      duration_ms: 778.418478
      type: 'test'
      ...
    # Subtest: changed seed settings request transform and bytes deny before ANY GET
        # Subtest: seed
        ok 1 - seed
          ---
          duration_ms: 601.274174
          type: 'test'
          ...
        # Subtest: style
        ok 2 - style
          ---
          duration_ms: 474.830269
          type: 'test'
          ...
        # Subtest: request
        ok 3 - request
          ---
          duration_ms: 445.408349
          type: 'test'
          ...
        # Subtest: transform
        ok 4 - transform
          ---
          duration_ms: 533.519771
          type: 'test'
          ...
        # Subtest: bytes
        ok 5 - bytes
          ---
          duration_ms: 519.536025
          type: 'test'
          ...
        1..5
    ok 3 - changed seed settings request transform and bytes deny before ANY GET
      ---
      duration_ms: 2576.96542
      type: 'test'
      ...
    # Subtest: submitting without identity and ambiguity never authorize or replay
    ok 4 - submitting without identity and ambiguity never authorize or replay
      ---
      duration_ms: 962.357613
      type: 'test'
      ...
    # Subtest: hold before CAS denies, hold after CAS allows already authorized private work
    ok 5 - hold before CAS denies, hold after CAS allows already authorized private work
      ---
      duration_ms: 960.574433
      type: 'test'
      ...
    # Subtest: deletion during actual send observation prevents private attachment and releases once
    ok 6 - deletion during actual send observation prevents private attachment and releases once
      ---
      duration_ms: 797.305525
      type: 'test'
      ...
    # Subtest: stale claim and lost real heartbeat cannot attach
    ok 7 - stale claim and lost real heartbeat cannot attach
      ---
      duration_ms: 1126.302132
      type: 'test'
      ...
    # Subtest: unknown missing and zero spend envelope never creates
    ok 8 - unknown missing and zero spend envelope never creates
      ---
      duration_ms: 1303.394346
      type: 'test'
      ...
    # Subtest: uncertain actual committed winner survives false/throw completion responses
        # Subtest: false
        ok 1 - false
          ---
          duration_ms: 509.667622
          type: 'test'
          ...
        # Subtest: throw
        ok 2 - throw
          ---
          duration_ms: 588.68273
          type: 'test'
          ...
        1..2
    ok 9 - uncertain actual committed winner survives false/throw completion responses
      ---
      duration_ms: 1099.130032
      type: 'test'
      ...
    # Subtest: unavailable reference lookup preserves actual winner files and no fail
    ok 10 - unavailable reference lookup preserves actual winner files and no fail
      ---
      duration_ms: 518.853855
      type: 'test'
      ...
    # Subtest: R1 real stale-fence false completion cleans unreferenced artifacts and releases once
    ok 11 - R1 real stale-fence false completion cleans unreferenced artifacts and releases once
      ---
      duration_ms: 648.702422
      type: 'test'
      ...
    # Subtest: R1 global and evidence-only references protect actual completion-generated bytes
        # Subtest: global
        ok 1 - global
          ---
          duration_ms: 579.097997
          type: 'test'
          ...
        # Subtest: evidence-only
        ok 2 - evidence-only
          ---
          duration_ms: 574.968285
          type: 'test'
          ...
        1..2
    ok 12 - R1 global and evidence-only references protect actual completion-generated bytes
      ---
      duration_ms: 1155.223122
      type: 'test'
      ...
    1..12
ok 1 - F07 I4b worker on owned internal PostgreSQL16
  ---
  duration_ms: 13379.397106
  type: 'test'
  ...
1..1
# tests 22
# suites 0
# pass 22
# fail 0
# cancelled 0
# skipped 0
# todo 0
# duration_ms 13741.523165
 Container n8f07i4c-tests-run-b2a8a2360512 Creating 
 Container n8f07i4c-tests-run-b2a8a2360512 Created 
