TAP version 13
# Subtest: DNS validates all answers, pins lookup and original TLS hostname, never sends auth
not ok 1 - DNS validates all answers, pins lookup and original TLS hostname, never sends auth
  ---
  duration_ms: 203.017243
  type: 'test'
  location: '/tmp/n8-i3-mutation-460ldrn7/tests/replicate-media.test.js:196:1'
  failureType: 'testCodeFailure'
  error: |-
    nonglobal DNS must prevent every HTTPS connection
    
    2 !== 0
    
  code: 'ERR_ASSERTION'
  name: 'AssertionError'
  expected: 0
  actual: 2
  operator: 'strictEqual'
  stack: |-
    TestContext.<anonymous> (file:///tmp/n8-i3-mutation-460ldrn7/tests/replicate-media.test.js:213:12)
    async Test.run (node:internal/test_runner/test:1054:7)
    async startSubtestAfterBootstrap (node:internal/test_runner/harness:296:3)
  ...
1..1
# tests 1
# suites 0
# pass 0
# fail 1
# cancelled 0
# skipped 0
# todo 0
# duration_ms 538.766892
