#0 building with "default" instance using docker driver

#1 [internal] load build definition from Dockerfile
#1 transferring dockerfile: 381B done
#1 DONE 0.0s

#2 [internal] load metadata for docker.io/library/node:22.20.0-bookworm-slim
#2 DONE 0.0s

#3 [internal] load .dockerignore
#3 transferring context: 101B done
#3 DONE 0.0s

#4 [1/8] FROM docker.io/library/node:22.20.0-bookworm-slim@sha256:b21fe589dfbe5cc39365d0544b9be3f1f33f55f3c86c87a76ff65a02f8f5848e
#4 resolve docker.io/library/node:22.20.0-bookworm-slim@sha256:b21fe589dfbe5cc39365d0544b9be3f1f33f55f3c86c87a76ff65a02f8f5848e 0.0s done
#4 DONE 0.1s

#5 [internal] load build context
#5 transferring context: 10.10kB done
#5 DONE 0.0s

#6 [2/8] WORKDIR /app
#6 CACHED

#7 [3/8] COPY package.json package-lock.json ./
#7 CACHED

#8 [4/8] RUN npm ci --omit=dev --include=optional && npm cache clean --force
#8 CACHED

#9 [5/8] COPY web ./web
#9 CACHED

#10 [6/8] COPY db ./db
#10 CACHED

#11 [7/8] COPY scripts ./scripts
#11 DONE 1.0s

#12 [8/8] RUN mkdir -p /private && chown node:node /private
#12 DONE 1.3s

#13 exporting to image
#13 exporting layers
#13 exporting layers 0.2s done
#13 exporting manifest sha256:62a6795df423983da93442090497baae4aab6df9c6eda28b1e3b72a0fd26e54c 0.0s done
#13 exporting config sha256:a9cb6f496ed12441692d5db82e1aa85c49ea79dcade2b1628bd4736b305d85f7 0.0s done
#13 exporting attestation manifest sha256:2702c223e417d14f4345d3c03617c9ec40d5b8a1e1be5b9f633a56b63c1366f7 0.0s done
#13 exporting manifest list sha256:5ee3b901c0d85512f8a589f84d2ec01b3ca4df2aec1b76669d1e56e11dd15875
#13 exporting manifest list sha256:5ee3b901c0d85512f8a589f84d2ec01b3ca4df2aec1b76669d1e56e11dd15875 0.0s done
#13 naming to docker.io/library/n8-ui-e2e-2:63c19811 done
#13 unpacking to docker.io/library/n8-ui-e2e-2:63c19811 0.1s done
#13 DONE 0.5s
