 Container n8-ui-e2e-proxy-1 Stopping 
 Container n8-ui-e2e-maintenance-1 Stopping 
 Container n8-ui-e2e-proxy-1 Stopped 
 Container n8-ui-e2e-proxy-1 Removing 
 Container n8-ui-e2e-proxy-1 Removed 
 Container n8-ui-e2e-maintenance-1 Stopped 
 Container n8-ui-e2e-maintenance-1 Removing 
 Container n8-ui-e2e-maintenance-1 Removed 
 Container n8-ui-e2e-web-1 Stopping 
 Container n8-ui-e2e-web-1 Stopped 
 Container n8-ui-e2e-web-1 Removing 
 Container n8-ui-e2e-web-1 Removed 
 Container n8-ui-e2e-init-1 Stopping 
 Container n8-ui-e2e-init-1 Stopped 
 Container n8-ui-e2e-init-1 Removing 
 Container n8-ui-e2e-init-1 Removed 
 Container n8-ui-e2e-db-1 Stopping 
 Container n8-ui-e2e-db-1 Stopped 
 Container n8-ui-e2e-db-1 Removing 
 Container n8-ui-e2e-db-1 Removed 
 Volume n8-ui-e2e_private Removing 
 Network n8-ui-e2e Removing 
 Volume n8-ui-e2e_private Removed 
 Network n8-ui-e2e Removed 
