#0 building with "default" instance using docker driver

#1 [internal] load build definition from Dockerfile.overlay
#1 transferring dockerfile: 131B done
#1 DONE 0.0s

#2 [internal] load metadata for docker.io/library/n8-ui-e2e-6:8030270f
#2 DONE 0.1s

#3 [internal] load .dockerignore
#3 transferring context:
#3 transferring context: 101B 0.0s done
#3 DONE 0.1s

#4 [internal] load build context
#4 transferring context: 249.96kB 0.0s done
#4 DONE 0.1s

#5 [1/4] FROM docker.io/library/n8-ui-e2e-6:8030270f@sha256:0579a52816d8a012b68a02628b8ba9a9fc1c1686ba3329ea3fa28d3adfe53d18
#5 resolve docker.io/library/n8-ui-e2e-6:8030270f@sha256:0579a52816d8a012b68a02628b8ba9a9fc1c1686ba3329ea3fa28d3adfe53d18 0.1s done
#5 DONE 0.2s

#6 [2/4] COPY web /app/web
#6 DONE 0.1s

#7 [3/4] COPY db /app/db
#7 DONE 0.1s

#8 [4/4] COPY scripts /app/scripts
#8 DONE 0.1s

#9 exporting to image
#9 exporting layers
#9 exporting layers 0.3s done
#9 exporting manifest sha256:9c7a4d87d2541aebb62ed59ed41072b807aa43d211e11ab278cd79cccd293907 0.0s done
#9 exporting config sha256:33c722263346e5676bf6e775842107da627c097782c77765128299bc0db03600 0.0s done
#9 exporting attestation manifest sha256:fe9fd744c4cb815dcb9b445a5b547b5f554cfa9c43e63c2577ee170450f1ddcd
#9 exporting attestation manifest sha256:fe9fd744c4cb815dcb9b445a5b547b5f554cfa9c43e63c2577ee170450f1ddcd 0.0s done
#9 exporting manifest list sha256:39ff8ab3ffe852bcaae36952d6418239f1edd4727c0e1baf503fcef5ce44fb44 0.0s done
#9 naming to docker.io/library/n8-replicate-i8-2:05d154a4 done
#9 unpacking to docker.io/library/n8-replicate-i8-2:05d154a4
#9 unpacking to docker.io/library/n8-replicate-i8-2:05d154a4 0.2s done
#9 DONE 0.9s
