TAP version 13
# Subtest: F07 I6a actual send CAS and ambiguous replay on owned PostgreSQL16
    # Subtest: same durable submitting identity allows exactly one actual POST
    not ok 1 - same durable submitting identity allows exactly one actual POST
      ---
      duration_ms: 696.987018
      type: 'test'
      location: '/tmp/n8-f01-mutation-1aX2MC/tests/replicate-send-cas.integration.test.js:114:13'
      failureType: 'testCodeFailure'
      error: |-
        F07-CAS exactly one create POST
        
        2 !== 1
        
      code: 'ERR_ASSERTION'
      name: 'AssertionError'
      expected: 1
      actual: 2
      operator: 'strictEqual'
      stack: |-
        TestContext.<anonymous> (file:///tmp/n8-f01-mutation-1aX2MC/tests/replicate-send-cas.integration.test.js:135:16)
        process.processTicksAndRejections (node:internal/process/task_queues:105:5)
        async Test.run (node:internal/test_runner/test:1054:7)
        async TestContext.<anonymous> (file:///tmp/n8-f01-mutation-1aX2MC/tests/replicate-send-cas.integration.test.js:114:5)
        async Test.run (node:internal/test_runner/test:1054:7)
        async startSubtestAfterBootstrap (node:internal/test_runner/harness:296:3)
      ...
    # Subtest: failed first response is ambiguous and second create emits no POST
    ok 2 - failed first response is ambiguous and second create emits no POST
      ---
      duration_ms: 598.451483
      type: 'test'
      ...
    1..2
not ok 1 - F07 I6a actual send CAS and ambiguous replay on owned PostgreSQL16
  ---
  duration_ms: 2189.378662
  type: 'test'
  location: '/tmp/n8-f01-mutation-1aX2MC/tests/replicate-send-cas.integration.test.js:37:1'
  failureType: 'subtestsFailed'
  error: '1 subtest failed'
  code: 'ERR_TEST_FAILURE'
  ...
1..1
# tests 3
# suites 0
# pass 1
# fail 2
# cancelled 0
# skipped 0
# todo 0
# duration_ms 2615.692514
