 Container n8-f03a-96e76172-maintenance-1 Stopping 
 Container n8-f03a-96e76172-maintenance-1 Stopped 
 Container n8-f03a-96e76172-maintenance-1 Removing 
 Container n8-f03a-96e76172-maintenance-1 Removed 
 Container n8-f03a-96e76172-web-1 Stopping 
 Container n8-f03a-96e76172-web-1 Stopped 
 Container n8-f03a-96e76172-web-1 Removing 
 Container n8-f03a-96e76172-web-1 Removed 
 Container n8-f03a-96e76172-db-1 Stopping 
 Container n8-f03a-96e76172-db-1 Stopped 
 Container n8-f03a-96e76172-db-1 Removing 
 Container n8-f03a-96e76172-db-1 Removed 
 Volume n8-f03a-96e76172_media Removing 
 Volume n8-f03a-96e76172_database Removing 
 Network n8-f03a-96e76172_frontend Removing 
 Network n8-f03a-96e76172_private Removing 
 Volume n8-f03a-96e76172_media Removed 
 Network n8-f03a-96e76172_frontend Removed 
 Volume n8-f03a-96e76172_database Removed 
 Network n8-f03a-96e76172_private Removed 
