
> roomkind-f01@0.1.0 test
> node tests/boundaries.test.js && node tests/media.test.js

TAP version 13
# Subtest: AUTH-01 canonical email and all password edges, including Unicode
ok 1 - AUTH-01 canonical email and all password edges, including Unicode
  ---
  duration_ms: 3.764251
  type: 'test'
  ...
# Subtest: AUTH-03 exact Origin denies missing, null, foreign, prefixes
ok 2 - AUTH-03 exact Origin denies missing, null, foreign, prefixes
  ---
  duration_ms: 0.952631
  type: 'test'
  ...
# Subtest: SEC-02 UUID path traversal/URL/malformed boundaries
ok 3 - SEC-02 UUID path traversal/URL/malformed boundaries
  ---
  duration_ms: 1.21528
  type: 'test'
  ...
# Subtest: AUTH-03 JSON 16KiB and streamed body boundaries
ok 4 - AUTH-03 JSON 16KiB and streamed body boundaries
  ---
  duration_ms: 68.811995
  type: 'test'
  ...
# Subtest: AUTH-03/SEC-02 exact rate edges, expiry and distinct NAT account keys
ok 5 - AUTH-03/SEC-02 exact rate edges, expiry and distinct NAT account keys
  ---
  duration_ms: 1.07651
  type: 'test'
  ...
# Subtest: capacity rejects parallel overflow without holding a DB connection or queuing
ok 6 - capacity rejects parallel overflow without holding a DB connection or queuing
  ---
  duration_ms: 0.760081
  type: 'test'
  ...
# Subtest: SEC-01 missing and unsafe config fails closed; local/nonlocal cookie policy
ok 7 - SEC-01 missing and unsafe config fails closed; local/nonlocal cookie policy
  ---
  duration_ms: 4.696251
  type: 'test'
  ...
1..7
# tests 7
# suites 0
# pass 7
# fail 0
# cancelled 0
# skipped 0
# todo 0
# duration_ms 101.524046
TAP version 13
# Subtest: AUTH-02 random 32-byte token, HMAC-only record and cookie flags
ok 1 - AUTH-02 random 32-byte token, HMAC-only record and cookie flags
  ---
  duration_ms: 4.967232
  type: 'test'
  ...
# Subtest: AUTH-01 all 128 Unicode characters affect bcrypt; dummy hash uses cost 10
ok 2 - AUTH-01 all 128 Unicode characters affect bcrypt; dummy hash uses cost 10
  ---
  duration_ms: 319.455944
  type: 'test'
  ...
# Subtest: UPLOAD-01 JPEG/PNG/WebP real decode, matching magic and invalid/truncated data
ok 3 - UPLOAD-01 JPEG/PNG/WebP real decode, matching magic and invalid/truncated data
  ---
  duration_ms: 151.277404
  type: 'test'
  ...
# Subtest: UPLOAD-01 exact byte limit and orientation normalization strips EXIF
ok 4 - UPLOAD-01 exact byte limit and orientation normalization strips EXIF
  ---
  duration_ms: 87.923801
  type: 'test'
  ...
# Subtest: UPLOAD-01 exact 20MP and one-row beyond for each allowed format
ok 5 - UPLOAD-01 exact 20MP and one-row beyond for each allowed format
  ---
  duration_ms: 13244.573108
  type: 'test'
  ...
1..5
# tests 5
# suites 0
# pass 5
# fail 0
# cancelled 0
# skipped 0
# todo 0
# duration_ms 13819.434964
TAP version 13
# Subtest: JOB-01 style/key/UUID boundaries and canonical body hash
ok 1 - JOB-01 style/key/UUID boundaries and canonical body hash
  ---
  duration_ms: 3.119892
  type: 'test'
  ...
# Subtest: PERF-01/SEC-01 required positive integer lower-only budget config
ok 2 - PERF-01/SEC-01 required positive integer lower-only budget config
  ---
  duration_ms: 5.062962
  type: 'test'
  ...
# Subtest: Output contract requires complete evidence and refuses production fixture
ok 3 - Output contract requires complete evidence and refuses production fixture
  ---
  duration_ms: 1.70552
  type: 'test'
  ...
# Subtest: Trusted clock injection is restricted to explicit test runtime
ok 4 - Trusted clock injection is restricted to explicit test runtime
  ---
  duration_ms: 0.931291
  type: 'test'
  ...
# Subtest: Provenance rejects unsupported shapes and serializes a detached canonical revision object
ok 5 - Provenance rejects unsupported shapes and serializes a detached canonical revision object
  ---
  duration_ms: 1.56164
  type: 'test'
  ...
1..5
# tests 5
# suites 0
# pass 5
# fail 0
# cancelled 0
# skipped 0
# todo 0
# duration_ms 27.80322
TAP version 13
# Subtest: SEC-03 mutation oracle accepts only exact tagged owner assertion and rejects unrelated failures
ok 1 - SEC-03 mutation oracle accepts only exact tagged owner assertion and rejects unrelated failures
  ---
  duration_ms: 547.557555
  type: 'test'
  ...
# Subtest: SEC-03 baseline must pass before source changes; no-op and unexpected guards fail closed
ok 2 - SEC-03 baseline must pass before source changes; no-op and unexpected guards fail closed
  ---
  duration_ms: 187.666957
  type: 'test'
  ...
# Subtest: SEC-03 budget oracle requires exact assertion: expected one admission, actual two
ok 3 - SEC-03 budget oracle requires exact assertion: expected one admission, actual two
  ---
  duration_ms: 354.585826
  type: 'test'
  ...
# Subtest: PAY-02 payment mutation oracle targets only the exact merchant-binding assertion
ok 4 - PAY-02 payment mutation oracle targets only the exact merchant-binding assertion
  ---
  duration_ms: 104.232967
  type: 'test'
  ...
1..4
# tests 4
# suites 0
# pass 4
# fail 0
# cancelled 0
# skipped 0
# todo 0
# duration_ms 1202.783769
TAP version 13
# Subtest: F02b operator quality software validation, synthetic real-branch data
    # Subtest: normalized upload is actual WebP with bound hashes; output and depth stay PNG
    ok 1 - normalized upload is actual WebP with bound hashes; output and depth stay PNG
      ---
      duration_ms: 75.920517
      type: 'test'
      ...
    # Subtest: otherwise valid synthetic real branch accepts, evidence is canonical, final locks are account then job
    ok 2 - otherwise valid synthetic real branch accepts, evidence is canonical, final locks are account then job
      ---
      duration_ms: 29.02736
      type: 'test'
      ...
    # Subtest: GEOM-03 fixture-quality exclusion targeted assertion, otherwise-valid byte/report provenance
    ok 3 - GEOM-03 fixture-quality exclusion targeted assertion, otherwise-valid byte/report provenance
      ---
      duration_ms: 50.713148
      type: 'test'
      ...
    # Subtest: ordinary actor, absent report, mismatched report, changed bytes and modified immutable evidence refuse
    ok 4 - ordinary actor, absent report, mismatched report, changed bytes and modified immutable evidence refuse
      ---
      duration_ms: 37.008353
      type: 'test'
      ...
    # Subtest: measured corpus thresholds, coverage, source, config, report hashes and synthetic flag
    ok 5 - measured corpus thresholds, coverage, source, config, report hashes and synthetic flag
      ---
      duration_ms: 72.330416
      type: 'test'
      ...
    # Subtest: 12 aliases of one complete input plus 11 single-style inputs cannot satisfy distinct 12x3 coverage
    ok 6 - 12 aliases of one complete input plus 11 single-style inputs cannot satisfy distinct 12x3 coverage
      ---
      duration_ms: 18.500127
      type: 'test'
      ...
    1..6
ok 1 - F02b operator quality software validation, synthetic real-branch data
  ---
  duration_ms: 298.392437
  type: 'test'
  ...
1..1
# tests 7
# suites 0
# pass 7
# fail 0
# cancelled 0
# skipped 0
# todo 0
# duration_ms 305.894339
TAP version 13
# Subtest: PAY-01 price/input/key and notification signals are bounded
ok 1 - PAY-01 price/input/key and notification signals are bounded
  ---
  duration_ms: 4.140461
  type: 'test'
  ...
# Subtest: PAY-02 provider binding guard rejects the wrong merchant
ok 2 - PAY-02 provider binding guard rejects the wrong merchant
  ---
  duration_ms: 0.59956
  type: 'test'
  ...
# Subtest: PAY-02 every verified payment binding field rejects independently
ok 3 - PAY-02 every verified payment binding field rejects independently
  ---
  duration_ms: 0.85345
  type: 'test'
  ...
# Subtest: PAY-04 exact positive minor RUB and refund bindings
ok 4 - PAY-04 exact positive minor RUB and refund bindings
  ---
  duration_ms: 0.74679
  type: 'test'
  ...
# Subtest: SEC-01 disabled/missing live keys refuse; fixture explicit and production forbidden
ok 5 - SEC-01 disabled/missing live keys refuse; fixture explicit and production forbidden
  ---
  duration_ms: 5.270942
  type: 'test'
  ...
# Subtest: PAY-01 hosted confirmation permits HTTPS credentials-free, fixture local exception only
ok 6 - PAY-01 hosted confirmation permits HTTPS credentials-free, fixture local exception only
  ---
  duration_ms: 0.573061
  type: 'test'
  ...
# Subtest: PAY-02 adapter fixed endpoint, auth, immutable body/key and capped/invalid injected responses
ok 7 - PAY-02 adapter fixed endpoint, auth, immutable body/key and capped/invalid injected responses
  ---
  duration_ms: 61.830542
  type: 'test'
  ...
# Subtest: PAY-02 timeout bounds injected slow headers and streaming body to5s
ok 8 - PAY-02 timeout bounds injected slow headers and streaming body to5s
  ---
  duration_ms: 10002.39255
  type: 'test'
  ...
1..8
# tests 8
# suites 0
# pass 8
# fail 0
# cancelled 0
# skipped 0
# todo 0
# duration_ms 10087.004591
 Container n8-f03a-96e76172-web-run-cdd763b28e7f Creating 
 Container n8-f03a-96e76172-web-run-cdd763b28e7f Created 
npm notice
npm notice New major version of npm available! 10.9.3 -> 12.2.0
npm notice Changelog: https://github.com/npm/cli/releases/tag/v12.2.0
npm notice To update run: npm install -g npm@12.2.0
npm notice
