TAP version 13
# Subtest: native default transport preserves its global receiver and injected transport still works
not ok 1 - native default transport preserves its global receiver and injected transport still works
  ---
  duration_ms: 4.178182
  location: '/tmp/n7-f06b-r1/projects/07-cold-email-warmup/tests/web-unit.test.ts:1:671'
  failureType: 'testCodeFailure'
  error: 'network_error'
  code: 'network_error'
  stack: |-
    SessionClient.request (/tmp/n7-f06b-r1/projects/07-cold-email-warmup/src/web/client.ts:59:19)
    async TestContext.<anonymous> (/tmp/n7-f06b-r1/projects/07-cold-email-warmup/tests/web-unit.test.ts:17:19)
    async Test.run (node:internal/test_runner/test:797:9)
    async Test.processPendingSubtests (node:internal/test_runner/test:526:7)
  ...
# Subtest: A6 central401 clears private state, aborts pending, redirects; late success/error stay obsolete
ok 2 - A6 central401 clears private state, aborts pending, redirects; late success/error stay obsolete
  ---
  duration_ms: 47.289607
  ...
# Subtest: A1 session change fences old identity and body-resolution race
ok 3 - A1 session change fences old identity and body-resolution race
  ---
  duration_ms: 5.685382
  ...
# Subtest: A1 late action catch/finally cannot change fresh UI or release its pending bound
ok 4 - A1 late action catch/finally cannot change fresh UI or release its pending bound
  ---
  duration_ms: 0.835521
  ...
# Subtest: A6 product source security: explicit assets, same-origin shell, no private storage/untrusted HTML/operator access
ok 5 - A6 product source security: explicit assets, same-origin shell, no private storage/untrusted HTML/operator access
  ---
  duration_ms: 2.17674
  ...
1..5
# tests 5
# suites 0
# pass 4
# fail 1
# cancelled 0
# skipped 0
# todo 0
# duration_ms 577.656926
