TAP version 13
# Subtest: A6 central401 clears private state, aborts pending, redirects; late success/error stay obsolete
not ok 1 - A6 central401 clears private state, aborts pending, redirects; late success/error stay obsolete
  ---
  duration_ms: 50.909079
  location: '/tmp/n7-f06a-sol/projects/07-cold-email-warmup/tests/web-unit.test.ts:1:671'
  failureType: 'testCodeFailure'
  error: |-
    The input did not match the regular expression /obsolete/. Input:
    
    'Error: service_unavailable'
    
  code: 'ERR_ASSERTION'
  name: 'AssertionError'
  expected:
  actual:
  error: 'service_unavailable'
  stack: |-
    SessionClient.request (/tmp/n7-f06a-sol/projects/07-cold-email-warmup/src/web/client.ts:51:23)
    async waitForActual (node:assert:533:5)
    async Function.rejects (node:assert:654:25)
    async TestContext.<anonymous> (/tmp/n7-f06a-sol/projects/07-cold-email-warmup/tests/web-unit.test.ts:13:2)
    async Test.run (node:internal/test_runner/test:797:9)
    async Test.processPendingSubtests (node:internal/test_runner/test:526:7)
  operator: 'rejects'
  stack: |-
    async TestContext.<anonymous> (/tmp/n7-f06a-sol/projects/07-cold-email-warmup/tests/web-unit.test.ts:13:2)
    async Test.run (node:internal/test_runner/test:797:9)
    async Test.processPendingSubtests (node:internal/test_runner/test:526:7)
  ...
# Subtest: A1 session change fences old identity and body-resolution race
ok 2 - A1 session change fences old identity and body-resolution race
  ---
  duration_ms: 1.89948
  ...
# Subtest: A1 late action catch/finally cannot change fresh UI or release its pending bound
ok 3 - A1 late action catch/finally cannot change fresh UI or release its pending bound
  ---
  duration_ms: 0.59022
  ...
# Subtest: A6 product source security: explicit assets, same-origin shell, no private storage/untrusted HTML/operator access
ok 4 - A6 product source security: explicit assets, same-origin shell, no private storage/untrusted HTML/operator access
  ---
  duration_ms: 1.62152
  ...
1..4
# tests 4
# suites 0
# pass 3
# fail 1
# cancelled 0
# skipped 0
# todo 0
# duration_ms 10461.604054
