TAP version 13
# Subtest: native default transport preserves its global receiver and injected transport still works
ok 1 - native default transport preserves its global receiver and injected transport still works
  ---
  duration_ms: 41.425305
  ...
# Subtest: A6 central401 clears private state, aborts pending, redirects; late success/error stay obsolete
ok 2 - A6 central401 clears private state, aborts pending, redirects; late success/error stay obsolete
  ---
  duration_ms: 3.602442
  ...
# Subtest: A1 session change fences old identity and body-resolution race
ok 3 - A1 session change fences old identity and body-resolution race
  ---
  duration_ms: 4.153691
  ...
# Subtest: A1 late action catch/finally cannot change fresh UI or release its pending bound
ok 4 - A1 late action catch/finally cannot change fresh UI or release its pending bound
  ---
  duration_ms: 0.934221
  ...
# Subtest: A6 product source security: explicit assets, same-origin shell, no private storage/untrusted HTML/operator access
ok 5 - A6 product source security: explicit assets, same-origin shell, no private storage/untrusted HTML/operator access
  ---
  duration_ms: 1.64078
  ...
1..5
# tests 5
# suites 0
# pass 5
# fail 0
# cancelled 0
# skipped 0
# todo 0
# duration_ms 500.367469
