DEPRECATED: The legacy builder is deprecated and will be removed in a future release.
            BuildKit is currently disabled; enable it by removing the DOCKER_BUILDKIT=0
            environment-variable.

Sending build context to Docker daemon  823.8kB
Step 1/12 : FROM node:22.20.0-bookworm-slim
 ---> b21fe589dfbe
Step 2/12 : WORKDIR /app
 ---> Using cache
 ---> 957acab97279
Step 3/12 : COPY package.json package-lock.json ./
 ---> Using cache
 ---> a777a3594c4f
Step 4/12 : RUN npm ci --no-audit --no-fund
 ---> Using cache
 ---> 7d23e750862b
Step 5/12 : COPY tsconfig*.json eslint.config.js ./
 ---> Using cache
 ---> 79edfec56ce0
Step 6/12 : COPY src ./src
 ---> 2216ff1f9ac0
Step 7/12 : COPY db ./db
 ---> 3d0055a36831
Step 8/12 : COPY tests ./tests
 ---> 885e48754b79
Step 9/12 : RUN npm run build
 ---> Running in deafe8bf8603

> n7-cold-email-warmup@0.1.0 build
> tsc -p tsconfig.build.json

 ---> Removed intermediate container deafe8bf8603
 ---> 76056274a07f
Step 10/12 : USER node
 ---> Running in c34a2ea3569c
 ---> Removed intermediate container c34a2ea3569c
 ---> 7e9e90279115
Step 11/12 : EXPOSE 3000
 ---> Running in 058848e149e6
 ---> Removed intermediate container 058848e149e6
 ---> 58427a4a6da7
Step 12/12 : CMD ["node", "dist/main.js"]
 ---> Running in fca480385799
 ---> Removed intermediate container fca480385799
 ---> a65867e3f1af
Successfully built a65867e3f1af
Successfully tagged n7f06a-web:latest
