TAP version 13
# Subtest: F04B real PostgreSQL public stop and durable local operator polling
    # Subtest: B1/B4 generic accessible GET zero business writes; negative GET/POST and strict Origin
    not ok 1 - B1/B4 generic accessible GET zero business writes; negative GET/POST and strict Origin
      ---
      duration_ms: 443.181178
      type: 'test'
      location: '/app/tests/suppression-integration.test.ts:1:6428'
      failureType: 'testCodeFailure'
      error: |-
        Expected values to be strictly equal:
        + actual - expected
        
        + 'no-referrer'
        - 'same-origin'
        
      code: 'ERR_ASSERTION'
      name: 'AssertionError'
      expected: 'same-origin'
      actual: 'no-referrer'
      operator: 'strictEqual'
      stack: |-
        TestContext.<anonymous> (/app/tests/suppression-integration.test.ts:65:40)
        process.processTicksAndRejections (node:internal/process/task_queues:105:5)
        async Test.run (node:internal/test_runner/test:1054:7)
        async TestContext.<anonymous> (/app/tests/suppression-integration.test.ts:63:3)
        async Test.run (node:internal/test_runner/test:1054:7)
        async startSubtestAfterBootstrap (node:internal/test_runner/harness:296:3)
      ...
    # Subtest: B1 exact30day expiry boundary and corrupted job binding zero business writes
    ok 2 - B1 exact30day expiry boundary and corrupted job binding zero business writes
      ---
      duration_ms: 587.55561
      type: 'test'
      ...
    # Subtest: B2 concurrent stable tenant-wide suppression and post-lock expiry
    ok 3 - B2 concurrent stable tenant-wide suppression and post-lock expiry
      ---
      duration_ms: 1610.701915
      type: 'test'
      ...
    # Subtest: B3 complaints operator auth, closed absent config, durable dedup bound payload and 0 writes
    ok 4 - B3 complaints operator auth, closed absent config, durable dedup bound payload and 0 writes
      ---
      duration_ms: 548.440006
      type: 'test'
      ...
    # Subtest: B4 concurrent 31st request 429 counts failures and ignores forwarded IP
    ok 5 - B4 concurrent 31st request 429 counts failures and ignores forwarded IP
      ---
      duration_ms: 712.721025
      type: 'test'
      ...
    # Subtest: B2 pool optout globally withdraws intended recipient, preserves sender and in-flight
    ok 6 - B2 pool optout globally withdraws intended recipient, preserves sender and in-flight
      ---
      duration_ms: 509.654932
      type: 'test'
      ...
    # Subtest: B2/B3 actual unsubscribe shared-lock race before final: before0 after1 later0
    ok 7 - B2/B3 actual unsubscribe shared-lock race before final: before0 after1 later0
      ---
      duration_ms: 437.549686
      type: 'test'
      ...
    # Subtest: B2/B3 actual unsubscribe shared-lock race after final: before0 after1 later0
    ok 8 - B2/B3 actual unsubscribe shared-lock race after final: before0 after1 later0
      ---
      duration_ms: 534.053161
      type: 'test'
      ...
    # Subtest: B2/B3 actual complaint shared-lock race before final: before0 after1 later0
    ok 9 - B2/B3 actual complaint shared-lock race before final: before0 after1 later0
      ---
      duration_ms: 497.554238
      type: 'test'
      ...
    # Subtest: B2/B3 actual complaint shared-lock race after final: before0 after1 later0
    ok 10 - B2/B3 actual complaint shared-lock race after final: before0 after1 later0
      ---
      duration_ms: 591.896961
      type: 'test'
      ...
    # Subtest: B5/B6 actual operator CLI durable seed→poll→ReplyStore stops pending; tenant status safe
    ok 11 - B5/B6 actual operator CLI durable seed→poll→ReplyStore stops pending; tenant status safe
      ---
      duration_ms: 2064.417106
      type: 'test'
      ...
    # Subtest: B5 default/missing/failure pause, empty explicit complete, reset and incomplete explicit retry
    ok 12 - B5 default/missing/failure pause, empty explicit complete, reset and incomplete explicit retry
      ---
      duration_ms: 2630.980339
      type: 'test'
      ...
    # Subtest: B5 adapter source 101-tail honest prefix boundary and restart immutable H/tailH
    ok 13 - B5 adapter source 101-tail honest prefix boundary and restart immutable H/tailH
      ---
      duration_ms: 942.394106
      type: 'test'
      ...
    1..13
not ok 1 - F04B real PostgreSQL public stop and durable local operator polling
  ---
  duration_ms: 12461.237508
  type: 'test'
  location: '/app/tests/suppression-integration.test.ts:1:1745'
  failureType: 'subtestsFailed'
  error: '1 subtest failed'
  code: 'ERR_TEST_FAILURE'
  ...
1..1
# tests 14
# suites 0
# pass 12
# fail 2
# cancelled 0
# skipped 0
# todo 0
# duration_ms 13349.834376
