
> n7-cold-email-warmup@0.1.0 test
> tsx --test --test-concurrency=1 tests/*-unit.test.ts

TAP version 13
# Subtest: AC-F01-4 Unicode/password byte boundaries reject before invoking KDF
ok 1 - AC-F01-4 Unicode/password byte boundaries reject before invoking KDF
  ---
  duration_ms: 2.937931
  ...
# Subtest: AC-F01-4 exact PHC params/salt/output reject adversarial stored costs
ok 2 - AC-F01-4 exact PHC params/salt/output reject adversarial stored costs
  ---
  duration_ms: 1.035091
  ...
# Subtest: AC-F01-4 two active KDFs: no queue, unrelated free slot, release on rejection
ok 3 - AC-F01-4 two active KDFs: no queue, unrelated free slot, release on rejection
  ---
  duration_ms: 1.16008
  ...
# Subtest: AC-F01-2 opaque canonical cookie and absolute7day HMAC session
ok 4 - AC-F01-2 opaque canonical cookie and absolute7day HMAC session
  ---
  duration_ms: 2.975192
  ...
# Subtest: AC-F01-1 safety config fails closed without external runtime key/policy
ok 5 - AC-F01-1 safety config fails closed without external runtime key/policy
  ---
  duration_ms: 15.324945
  ...
# Subtest: F05 immutable server plans and closed checkout input
ok 6 - F05 immutable server plans and closed checkout input
  ---
  duration_ms: 3.434381
  ...
# Subtest: F05 bounded purpose HMAC cookie exact30day expiration and tamper
ok 7 - F05 bounded purpose HMAC cookie exact30day expiration and tamper
  ---
  duration_ms: 3.372841
  ...
# Subtest: A1 canonical bounds, missing fields, source/header injection and escaped preview
ok 8 - A1 canonical bounds, missing fields, source/header injection and escaped preview
  ---
  duration_ms: 5.495322
  ...
# Subtest: A2 versioned enrollment AEAD purpose, tenant/id substitution and separately keyed digest
ok 9 - A2 versioned enrollment AEAD purpose, tenant/id substitution and separately keyed digest
  ---
  duration_ms: 3.401742
  ...
# Subtest: B1 bounded manual observation input and explicit verification
ok 10 - B1 bounded manual observation input and explicit verification
  ---
  duration_ms: 5.121952
  ...
# Subtest: B2 exact 7days/+1ms, 28days/+1ms, equal UTC windows, future and reasons
ok 11 - B2 exact 7days/+1ms, 28days/+1ms, equal UTC windows, future and reasons
  ---
  duration_ms: 1.249381
  ...
# Subtest: B2 denominators 29/30 gate ratios and strict raw count improvement
ok 12 - B2 denominators 29/30 gate ratios and strict raw count improvement
  ---
  duration_ms: 1.11511
  ...
# Subtest: B3/B4 explicit public whitelist, escaping, historical copy and exactly one badge
ok 13 - B3/B4 explicit public whitelist, escaping, historical copy and exactly one badge
  ---
  duration_ms: 0.840911
  ...
# Subtest: B5 bounded history pagination
ok 14 - B5 bounded history pagination
  ---
  duration_ms: 1.68794
  ...
# Subtest: F1 primitive enums reject array/object/null before any write
ok 15 - F1 primitive enums reject array/object/null before any write
  ---
  duration_ms: 1.947301
  ...
# Subtest: F2 validated UUID uses canonical lowercase identity
ok 16 - F2 validated UUID uses canonical lowercase identity
  ---
  duration_ms: 0.64838
  ...
# Subtest: AEAD fresh nonce, ciphertext/tag/AAD substitution and retained versions fail closed before transport
ok 17 - AEAD fresh nonce, ciphertext/tag/AAD substitution and retained versions fail closed before transport
  ---
  duration_ms: 10.113763
  ...
# Subtest: operator host normalization and conservative public address oracle
ok 18 - operator host normalization and conservative public address oracle
  ---
  duration_ms: 9.897224
  ...
# Subtest: IANA reserved and unallocated IPv6 reject before any adapter call, alone or mixed
ok 19 - IANA reserved and unallocated IPv6 reject before any adapter call, alone or mixed
  ---
  duration_ms: 69.900155
  ...
# Subtest: save input enforces TLS ports and limits
ok 20 - save input enforces TLS ports and limits
  ---
  duration_ms: 0.97934
  ...
# Subtest: connector revalidation, IP pin/TLS identity, canary scrub and abort deadlines
ok 21 - connector revalidation, IP pin/TLS identity, canary scrub and abort deadlines
  ---
  duration_ms: 24.934119
  ...
# Subtest: F04a bounded header-only input normalization and optional incoming ID
ok 22 - F04a bounded header-only input normalization and optional incoming ID
  ---
  duration_ms: 5.766772
  ...
# Subtest: F04a explicit page/header/reference/range/validity limits reject before any writes
ok 23 - F04a explicit page/header/reference/range/validity limits reject before any writes
  ---
  duration_ms: 2.354451
  ...
# Subtest: B3 plain local test message, random bound token, one-click and reference headers
ok 24 - B3 plain local test message, random bound token, one-click and reference headers
  ---
  duration_ms: 3.370961
  ...
# Subtest: B4 retry delays/max3 and exact120s ceiling
ok 25 - B4 retry delays/max3 and exact120s ceiling
  ---
  duration_ms: 0.40066
  ...
# Subtest: operator distinct hash auth, malformed secrets and complaint payload bounds
ok 26 - operator distinct hash auth, malformed secrets and complaint payload bounds
  ---
  duration_ms: 5.663892
  ...
# Subtest: fixture header-only bounds and ordered source coverage; operation timeout
ok 27 - fixture header-only bounds and ordered source coverage; operation timeout
  ---
  duration_ms: 14.321195
  ...
# Subtest: A6 central401 clears private state, aborts pending, redirects; late success/error stay obsolete
ok 28 - A6 central401 clears private state, aborts pending, redirects; late success/error stay obsolete
  ---
  duration_ms: 39.580334
  ...
# Subtest: A1 session change fences old identity and body-resolution race
ok 29 - A1 session change fences old identity and body-resolution race
  ---
  duration_ms: 3.610801
  ...
# Subtest: A1 late action catch/finally cannot change fresh UI or release its pending bound
ok 30 - A1 late action catch/finally cannot change fresh UI or release its pending bound
  ---
  duration_ms: 0.5516
  ...
# Subtest: A6 product source security: explicit assets, same-origin shell, no private storage/untrusted HTML/operator access
ok 31 - A6 product source security: explicit assets, same-origin shell, no private storage/untrusted HTML/operator access
  ---
  duration_ms: 1.783751
  ...
1..31
# tests 31
# suites 0
# pass 31
# fail 0
# cancelled 0
# skipped 0
# todo 0
# duration_ms 3989.128224
