TAP version 13
# Subtest: R1 actual authScript passive valid identity redirects silently
not ok 1 - R1 actual authScript passive valid identity redirects silently
  ---
  duration_ms: 20.602587
  location: '/tmp/n7-f06a-r1/projects/07-cold-email-warmup/tests/auth-script-unit.test.ts:1:1491'
  failureType: 'testCodeFailure'
  error: |-
    Expected values to be strictly deep-equal:
    + actual - expected
    
    + [
    +   'login'
    + ]
    - []
  code: 'ERR_ASSERTION'
  name: 'AssertionError'
  expected:
  actual:
    0: 'login'
  operator: 'deepStrictEqual'
  stack: |-
    TestContext.<anonymous> (/tmp/n7-f06a-r1/projects/07-cold-email-warmup/tests/auth-script-unit.test.ts:18:86)
    async Test.run (node:internal/test_runner/test:797:9)
    async Test.processPendingSubtests (node:internal/test_runner/test:526:7)
  ...
# Subtest: R1 actual successful register notifies exactly once
ok 2 - R1 actual successful register notifies exactly once
  ---
  duration_ms: 5.826922
  ...
# Subtest: R1 actual successful login notifies exactly once
ok 3 - R1 actual successful login notifies exactly once
  ---
  duration_ms: 2.846571
  ...
# Subtest: R1 failed action/no identity emits zero false/true
ok 4 - R1 failed action/no identity emits zero false/true
  ---
  duration_ms: 3.401541
  ...
# Subtest: R1 failed action/no identity emits zero true/false
ok 5 - R1 failed action/no identity emits zero true/false
  ---
  duration_ms: 3.127351
  ...
# Subtest: R1 actual app channel login invalidates, aborts and passive followup never echoes
not ok 6 - R1 actual app channel login invalidates, aborts and passive followup never echoes
  ---
  duration_ms: 261.477074
  location: '/tmp/n7-f06a-r1/projects/07-cold-email-warmup/tests/auth-script-unit.test.ts:1:2490'
  failureType: 'testCodeFailure'
  error: |-
    Expected values to be strictly deep-equal:
    + actual - expected
    
    + [
    +   'login'
    + ]
    - []
  code: 'ERR_ASSERTION'
  name: 'AssertionError'
  expected:
  actual:
    0: 'login'
  operator: 'deepStrictEqual'
  stack: |-
    TestContext.<anonymous> (/tmp/n7-f06a-r1/projects/07-cold-email-warmup/tests/auth-script-unit.test.ts:36:96)
    async Test.run (node:internal/test_runner/test:797:9)
    async Test.processPendingSubtests (node:internal/test_runner/test:526:7)
  ...
# Subtest: R1 actual app channel logout invalidates, aborts and passive followup never echoes
not ok 7 - R1 actual app channel logout invalidates, aborts and passive followup never echoes
  ---
  duration_ms: 84.57059
  location: '/tmp/n7-f06a-r1/projects/07-cold-email-warmup/tests/auth-script-unit.test.ts:1:2490'
  failureType: 'testCodeFailure'
  error: |-
    Expected values to be strictly deep-equal:
    + actual - expected
    
    + [
    +   'login'
    + ]
    - []
  code: 'ERR_ASSERTION'
  name: 'AssertionError'
  expected:
  actual:
    0: 'login'
  operator: 'deepStrictEqual'
  stack: |-
    TestContext.<anonymous> (/tmp/n7-f06a-r1/projects/07-cold-email-warmup/tests/auth-script-unit.test.ts:36:96)
    async Test.run (node:internal/test_runner/test:797:9)
    async Test.processPendingSubtests (node:internal/test_runner/test:526:7)
  ...
1..7
# tests 7
# suites 0
# pass 4
# fail 3
# cancelled 0
# skipped 0
# todo 0
# duration_ms 2005.923606
