TAP version 13
# Subtest: AUTH-02 random 32-byte token, HMAC-only record and cookie flags
ok 1 - AUTH-02 random 32-byte token, HMAC-only record and cookie flags
  ---
  duration_ms: 2.725751
  type: 'test'
  ...
# Subtest: AUTH-01 all 128 Unicode characters affect bcrypt; dummy hash uses cost 10
ok 2 - AUTH-01 all 128 Unicode characters affect bcrypt; dummy hash uses cost 10
  ---
  duration_ms: 240.879436
  type: 'test'
  ...
# Subtest: UPLOAD-01 JPEG/PNG/WebP real decode, matching magic and invalid/truncated data
ok 3 - UPLOAD-01 JPEG/PNG/WebP real decode, matching magic and invalid/truncated data
  ---
  duration_ms: 98.934915
  type: 'test'
  ...
# Subtest: UPLOAD-01 exact byte limit and orientation normalization strips EXIF
ok 4 - UPLOAD-01 exact byte limit and orientation normalization strips EXIF
  ---
  duration_ms: 50.210808
  type: 'test'
  ...
# Subtest: UPLOAD-01 exact 20MP and one-row beyond for each allowed format
ok 5 - UPLOAD-01 exact 20MP and one-row beyond for each allowed format
  ---
  duration_ms: 9316.721626
  type: 'test'
  ...
1..5
# tests 5
# suites 0
# pass 5
# fail 0
# cancelled 0
# skipped 0
# todo 0
# duration_ms 9718.39113
