 M projects/08-interior-ai-redesign/tests/ui-app-races.test.js
 M projects/08-interior-ai-redesign/web/public/app.js
?? projects/08-interior-ai-redesign/docs/features/ui-logout-fix/actual-app-races-direct.log
?? projects/08-interior-ai-redesign/docs/features/ui-logout-fix/boundaries.log
?? projects/08-interior-ai-redesign/docs/features/ui-logout-fix/build.log
?? projects/08-interior-ai-redesign/docs/features/ui-logout-fix/candidate-hashes.json
?? projects/08-interior-ai-redesign/docs/features/ui-logout-fix/checks.json
?? projects/08-interior-ai-redesign/docs/features/ui-logout-fix/diff-check.log
?? projects/08-interior-ai-redesign/docs/features/ui-logout-fix/launch.json
?? projects/08-interior-ai-redesign/docs/features/ui-logout-fix/media.log
?? projects/08-interior-ai-redesign/docs/features/ui-logout-fix/model-evidence.txt
?? projects/08-interior-ai-redesign/docs/features/ui-logout-fix/mutation-restoration.json
?? projects/08-interior-ai-redesign/docs/features/ui-logout-fix/old-logic-mutation-direct.log
?? projects/08-interior-ai-redesign/docs/features/ui-logout-fix/old-logic-mutation.log
?? projects/08-interior-ai-redesign/docs/features/ui-logout-fix/progress.json
?? projects/08-interior-ai-redesign/docs/features/ui-logout-fix/route.log
?? projects/08-interior-ai-redesign/docs/features/ui-logout-fix/ui-auth-order.log
?? projects/08-interior-ai-redesign/docs/features/ui-logout-fix/ui-http.log
?? projects/08-interior-ai-redesign/docs/features/ui-logout-fix/ui-payment-fixture.log
?? projects/08-interior-ai-redesign/docs/features/ui-logout-fix/ui-state.log
?? projects/08-interior-ai-redesign/docs/features/ui-logout-fix/ui-upload.log
