TAP version 13
# Subtest: SEC-03 mutation oracle accepts only exact tagged owner assertion and rejects unrelated failures
ok 1 - SEC-03 mutation oracle accepts only exact tagged owner assertion and rejects unrelated failures
  ---
  duration_ms: 564.180341
  type: 'test'
  ...
# Subtest: SEC-03 baseline must pass before source changes; no-op and unexpected guards fail closed
ok 2 - SEC-03 baseline must pass before source changes; no-op and unexpected guards fail closed
  ---
  duration_ms: 178.710844
  type: 'test'
  ...
# Subtest: SEC-03 budget oracle requires exact assertion: expected one admission, actual two
ok 3 - SEC-03 budget oracle requires exact assertion: expected one admission, actual two
  ---
  duration_ms: 287.098803
  type: 'test'
  ...
# Subtest: PAY-02 payment mutation oracle targets only the exact merchant-binding assertion
ok 4 - PAY-02 payment mutation oracle targets only the exact merchant-binding assertion
  ---
  duration_ms: 100.157626
  type: 'test'
  ...
1..4
# tests 4
# suites 0
# pass 4
# fail 0
# cancelled 0
# skipped 0
# todo 0
# duration_ms 1141.285147
