TAP version 13
# Subtest: PARTNER-01 operator creates opaque active codes with specified existing owner; duplicate409 and missing owner404
ok 1 - PARTNER-01 operator creates opaque active codes with specified existing owner; duplicate409 and missing owner404
  ---
  duration_ms: 3.771811
  type: 'test'
  ...
# Subtest: PARTNER-01 activation input validated and operator aggregate shape exposes no private metadata
ok 2 - PARTNER-01 activation input validated and operator aggregate shape exposes no private metadata
  ---
  duration_ms: 1.801161
  type: 'test'
  ...
1..2
# tests 2
# suites 0
# pass 2
# fail 0
# cancelled 0
# skipped 0
# todo 0
# duration_ms 17.215036
