node:internal/modules/run_main:123
    triggerUncaughtException(
    ^

locator.click: Timeout 30000ms exceeded.
Call log:
  - waiting for locator('#logout')
    - locator resolved to <button hidden="" id="logout">Выйти</button>
  - attempting click action
    2 × waiting for element to be visible, enabled and stable
      - element is not visible
    - retrying click action
    - waiting 20ms
    2 × waiting for element to be visible, enabled and stable
      - element is not visible
    - retrying click action
      - waiting 100ms
    58 × waiting for element to be visible, enabled and stable
       - element is not visible
     - retrying click action
       - waiting 500ms

    at /app/scripts/ui/browser-cases.js:161:37
    at async check (/app/scripts/ui/browser.js:22:34)
    at async extendedCases (/app/scripts/ui/browser-cases.js:156:3)
    at async file:///app/scripts/ui/browser.js:119:5 {
  log: [
    "  - waiting for locator('#logout')",
    '    - locator resolved to <button hidden="" id="logout">Выйти</button>',
    '  - attempting click action',
    '    2 × waiting for element to be visible, enabled and stable',
    '      - element is not visible',
    '    - retrying click action',
    '    - waiting 20ms',
    '    2 × waiting for element to be visible, enabled and stable',
    '      - element is not visible',
    '    - retrying click action',
    '      - waiting 100ms',
    '    58 × waiting for element to be visible, enabled and stable',
    '       - element is not visible',
    '     - retrying click action',
    '       - waiting 500ms'
  ],
  name: 'TimeoutError'
}

Node.js v22.20.0
