#0 building with "default" instance using docker driver

#1 [internal] load build definition from Dockerfile
#1 transferring dockerfile: 381B done
#1 DONE 0.0s

#2 [internal] load metadata for docker.io/library/node:22.20.0-bookworm-slim
#2 DONE 0.0s

#3 [internal] load .dockerignore
#3 transferring context: 101B done
#3 DONE 0.0s

#4 [internal] load build context
#4 DONE 0.0s

#5 [1/8] FROM docker.io/library/node:22.20.0-bookworm-slim@sha256:b21fe589dfbe5cc39365d0544b9be3f1f33f55f3c86c87a76ff65a02f8f5848e
#5 resolve docker.io/library/node:22.20.0-bookworm-slim@sha256:b21fe589dfbe5cc39365d0544b9be3f1f33f55f3c86c87a76ff65a02f8f5848e 0.1s done
#5 DONE 0.1s

#4 [internal] load build context
#4 transferring context: 17.89kB done
#4 DONE 0.0s

#6 [2/8] WORKDIR /app
#6 CACHED

#7 [5/8] COPY web ./web
#7 CACHED

#8 [3/8] COPY package.json package-lock.json ./
#8 CACHED

#9 [4/8] RUN npm ci --omit=dev --include=optional && npm cache clean --force
#9 CACHED

#10 [6/8] COPY db ./db
#10 CACHED

#11 [7/8] COPY scripts ./scripts
#11 DONE 0.1s

#12 [8/8] RUN mkdir -p /private && chown node:node /private
#12 DONE 0.4s

#13 exporting to image
#13 exporting layers 0.1s done
#13 exporting manifest sha256:8d60fedd26d3f69403f8f122435bcb2aab124ad4db57cd0c0ec72a7615203122 0.0s done
#13 exporting config sha256:4af64cff15b0c680e0c10e07da13194baa9305614180e959677f36ff88cdde1c 0.0s done
#13 exporting attestation manifest sha256:f6c4abdc1bc789d2bfb41d6e944fc5553397ce61656057574d4bfbc8795ca1d8 0.0s done
#13 exporting manifest list sha256:4e7a89e41ff89625264c5e2f5216630da1bba31d84ac41bd8f3d68a31b933e36 0.0s done
#13 naming to docker.io/library/n8-ui-e2e-4:d05b458d
#13 naming to docker.io/library/n8-ui-e2e-4:d05b458d done
#13 unpacking to docker.io/library/n8-ui-e2e-4:d05b458d 0.1s done
#13 DONE 0.4s
