 Container n3-core-test-backend-run-1797cc2cc332 Creating
 Container n3-core-test-backend-run-1797cc2cc332 Created

> n3-four-variants@0.1.0 test
> node --test tests/*.test.mjs

TAP version 13
# Subtest: SC-US-103-2 historical transfer never hides newly eligible obligations in later registry revision
ok 1 - SC-US-103-2 historical transfer never hides newly eligible obligations in later registry revision
  ---
  duration_ms: 46.554137
  type: 'test'
  ...
# Subtest: real cookie HTTP protects CSRF, keeps tokens out of responses, and connects scoped MCP/A2A to PostgreSQL
ok 2 - real cookie HTTP protects CSRF, keeps tokens out of responses, and connects scoped MCP/A2A to PostgreSQL
  ---
  duration_ms: 507.591751
  type: 'test'
  ...
# Subtest: form work keeps successful controls enabled while blocking another submit
ok 3 - form work keeps successful controls enabled while blocking another submit
  ---
  duration_ms: 0.99532
  type: 'test'
  ...
# Subtest: overlapping form operations keep controls disabled until the final lease ends
ok 4 - overlapping form operations keep controls disabled until the final lease ends
  ---
  duration_ms: 0.31334
  type: 'test'
  ...
# Subtest: replaced account context rejects a delayed result even when transport ignores abort
ok 5 - replaced account context rejects a delayed result even when transport ignores abort
  ---
  duration_ms: 0.7265
  type: 'test'
  ...
# Subtest: official MCP SDK initializes protocol 2025-11-25, discovers tools and calls the real domain
ok 6 - official MCP SDK initializes protocol 2025-11-25, discovers tools and calls the real domain
  ---
  duration_ms: 180.481885
  type: 'test'
  ...
# Subtest: A2A card and durable application task mapping: replay, changed input, current get, terminal cancel
ok 7 - A2A card and durable application task mapping: replay, changed input, current get, terminal cancel
  ---
  duration_ms: 82.258149
  type: 'test'
  ...
# Subtest: A2A supports pending cancellation, forbids foreign task ownership and scopes
ok 8 - A2A supports pending cancellation, forbids foreign task ownership and scopes
  ---
  duration_ms: 20.804178
  type: 'test'
  ...
# Subtest: A2A rejects authority/context injection and unsupported protocol operations with JSON-RPC errors
ok 9 - A2A rejects authority/context injection and unsupported protocol operations with JSON-RPC errors
  ---
  duration_ms: 78.387958
  type: 'test'
  ...
# Subtest: standalone boundary: bearer, Origin, methods, body bounds, parsing, versions and notifications
ok 10 - standalone boundary: bearer, Origin, methods, body bounds, parsing, versions and notifications
  ---
  duration_ms: 93.501783
  type: 'test'
  ...
# Subtest: revocation during execution prevents result publication; internal errors never expose secrets
ok 11 - revocation during execution prevents result publication; internal errors never expose secrets
  ---
  duration_ms: 9.673834
  type: 'test'
  ...
# Subtest: cancellation loses a completion race safely and MCP rejects out-of-scope calls and injected input
ok 12 - cancellation loses a completion race safely and MCP rejects out-of-scope calls and injected input
  ---
  duration_ms: 20.730537
  type: 'test'
  ...
# Subtest: B embedding rejects wrong source origin and extra fields before showing offer
ok 13 - B embedding rejects wrong source origin and extra fields before showing offer
  ---
  duration_ms: 2.066381
  type: 'test'
  ...
# Subtest: B conflict refreshes the losing view but transport uncertainty never retries a mutation
ok 14 - B conflict refreshes the losing view but transport uncertainty never retries a mutation
  ---
  duration_ms: 6.736982
  type: 'test'
  ...
# Subtest: C failed optional lab load stays inactive and can retry without breaking partner history
ok 15 - C failed optional lab load stays inactive and can retry without breaking partner history
  ---
  duration_ms: 2.342101
  type: 'test'
  ...
# Subtest: C initial partner session does not request merchant lab authority
ok 16 - C initial partner session does not request merchant lab authority
  ---
  duration_ms: 1.822471
  type: 'test'
  ...
# Subtest: SC-US-001-1 SC-US-006-1 foreign tenant resource is denied across UI/MCP/A2A fixture contexts
ok 17 - SC-US-001-1 SC-US-006-1 foreign tenant resource is denied across UI/MCP/A2A fixture contexts
  ---
  duration_ms: 254.369401
  type: 'test'
  ...
# Subtest: SC-US-001-2 partner cannot read merchant registry or known other partner
ok 18 - SC-US-001-2 partner cannot read merchant registry or known other partner
  ---
  duration_ms: 166.204049
  type: 'test'
  ...
# Subtest: SC-US-001-3 server checks selected membership, limited token cannot gain merchant through variant switch
ok 19 - SC-US-001-3 server checks selected membership, limited token cannot gain merchant through variant switch
  ---
  duration_ms: 211.734306
  type: 'test'
  ...
# Subtest: strict schemas, idempotent input hash and atomic bootstrap limits fail closed
ok 20 - strict schemas, idempotent input hash and atomic bootstrap limits fail closed
  ---
  duration_ms: 250.307739
  type: 'test'
  ...
# Subtest: credit concurrency across processes never over-reserves balance or invoice; unknown retains, success applies once
ok 21 - credit concurrency across processes never over-reserves balance or invoice; unknown retains, success applies once
  ---
  duration_ms: 302.138068
  type: 'test'
  ...
# Subtest: failed billing releases once; late refund keeps prior invoice and exposes negative credit adjustment
ok 22 - failed billing releases once; late refund keeps prior invoice and exposes negative credit adjustment
  ---
  duration_ms: 239.732376
  type: 'test'
  ...
# Subtest: explicit enrollment is idempotent, branded share kit remains own scoped, credit cannot become cash
ok 23 - explicit enrollment is idempotent, branded share kit remains own scoped, credit cannot become cash
  ---
  duration_ms: 175.525642
  type: 'test'
  ...
# Subtest: SC-US-003-1 integer rounding preserves original reward under cumulative partial refunds
ok 24 - SC-US-003-1 integer rounding preserves original reward under cumulative partial refunds
  ---
  duration_ms: 7.551832
  type: 'test'
  ...
# Subtest: schema boundary rejects prototype injection, unknown fields and unsafe policies; CSV neutralizes formulas
ok 25 - schema boundary rejects prototype injection, unknown fields and unsafe policies; CSV neutralizes formulas
  ---
  duration_ms: 0.61064
  type: 'test'
  ...
# Subtest: SC-US-002-1 SC-US-006-3 concurrent business payment across processes and retry after restart accrues once
ok 26 - SC-US-002-1 SC-US-006-3 concurrent business payment across processes and retry after restart accrues once
  ---
  duration_ms: 354.928437
  type: 'test'
  ...
# Subtest: SC-US-002-2 recurring payment IDs accrue separately and frozen policy versions survive changes
ok 27 - SC-US-002-2 recurring payment IDs accrue separately and frozen policy versions survive changes
  ---
  duration_ms: 250.591769
  type: 'test'
  ...
# Subtest: SC-US-002-3 unverified and unknown events cannot claim identity; verified retry can
ok 28 - SC-US-002-3 unverified and unknown events cannot claim identity; verified retry can
  ---
  duration_ms: 222.01765
  type: 'test'
  ...
# Subtest: SC-US-002-4 explicit promo wins and invalid promo, self-referral and expired attribution explain zero reward
ok 29 - SC-US-002-4 explicit promo wins and invalid promo, self-referral and expired attribution explain zero reward
  ---
  duration_ms: 222.737569
  type: 'test'
  ...
# Subtest: SC-US-003-1 pending refund, cumulative rounding and duplicate refund preserve immutable ledger; failed transaction rolls back
ok 30 - SC-US-003-1 pending refund, cumulative rounding and duplicate refund preserve immutable ledger; failed transaction rolls back
  ---
  duration_ms: 292.791605
  type: 'test'
  ...
# Subtest: SC-US-003-3 refund after simulated sent fact creates debt exception and never frees sent obligations
ok 31 - SC-US-003-3 refund after simulated sent fact creates debt exception and never frees sent obligations
  ---
  duration_ms: 235.717204
  type: 'test'
  ...
# Subtest: SC-US-005-1 SC-US-005-3 SC-US-006-2 scoped deterministic task yields same persisted artifact for owner handoff
ok 32 - SC-US-005-1 SC-US-005-3 SC-US-006-2 scoped deterministic task yields same persisted artifact for owner handoff
  ---
  duration_ms: 305.949049
  type: 'test'
  ...
# Subtest: SC-US-005-2 revoked grants reject cached task results and reads while owner keeps independent artifact rights
ok 33 - SC-US-005-2 revoked grants reject cached task results and reads while owner keeps independent artifact rights
  ---
  duration_ms: 229.705292
  type: 'test'
  ...
# Subtest: SC-US-005-2 real clock expiry and expiry during publication fail closed; demo advance also expires grants
ok 34 - SC-US-005-2 real clock expiry and expiry during publication fail closed; demo advance also expires grants
  ---
  duration_ms: 209.025185
  type: 'test'
  ...
# Subtest: SC-US-005-4 canceled task ignores late execution and never publishes into another task
ok 35 - SC-US-005-4 canceled task ignores late execution and never publishes into another task
  ---
  duration_ms: 228.023961
  type: 'test'
  ...
# Subtest: grant schema denies privilege escalation and explicit artifact scope blocks different registry
ok 36 - grant schema denies privilege escalation and explicit artifact scope blocks different registry
  ---
  duration_ms: 284.483772
  type: 'test'
  ...
# Subtest: SC-US-003-2 SC-US-004-1 selected month cash registry explains held, refunded and credit exclusions
ok 37 - SC-US-003-2 SC-US-004-1 selected month cash registry explains held, refunded and credit exclusions
  ---
  duration_ms: 234.066584
  type: 'test'
  ...
# Subtest: SC-US-004-2 SC-US-004-7 refund invalidates approval, exports including cached command and releases only unsent allocations
ok 38 - SC-US-004-2 SC-US-004-7 refund invalidates approval, exports including cached command and releases only unsent allocations
  ---
  duration_ms: 257.354372
  type: 'test'
  ...
# Subtest: SC-US-004-2 stale draft cannot be approved when no previous approval exists to invalidate
ok 39 - SC-US-004-2 stale draft cannot be approved when no previous approval exists to invalidate
  ---
  duration_ms: 185.941646
  type: 'test'
  ...
# Subtest: SC-US-004-3 SC-US-004-6 export does not send; repeated send with new key preserves one fact; mixed partner sends survive
ok 40 - SC-US-004-3 SC-US-004-6 export does not send; repeated send with new key preserves one fact; mixed partner sends survive
  ---
  duration_ms: 245.238508
  type: 'test'
  ...
# Subtest: SC-US-004-4 SC-US-004-5 same artifact snapshot is stable and competing approvals cannot share obligations
ok 41 - SC-US-004-4 SC-US-004-5 same artifact snapshot is stable and competing approvals cannot share obligations
  ---
  duration_ms: 225.732801
  type: 'test'
  ...
# Subtest: SC-US-004-7 mixed sent row remains allocated after refund and remaining row can be reapproved
ok 42 - SC-US-004-7 mixed sent row remains allocated after refund and remaining row can be reapproved
  ---
  duration_ms: 214.724086
  type: 'test'
  ...
# Subtest: SC-US-004-8 historical CSV actual payment creates one reconciliation and never authorizes a second transfer
ok 43 - SC-US-004-8 historical CSV actual payment creates one reconciliation and never authorizes a second transfer
  ---
  duration_ms: 228.756212
  type: 'test'
  ...
# Subtest: D response must match both selected task ID and request generation
ok 44 - D response must match both selected task ID and request generation
  ---
  duration_ms: 2.383771
  type: 'test'
  ...
# Subtest: D refund explanation uses exact server source and artifact payment scope after reload
ok 45 - D refund explanation uses exact server source and artifact payment scope after reload
  ---
  duration_ms: 42.060385
  type: 'test'
  ...
# Subtest: HTTP refuses unsupported production mode
ok 46 - HTTP refuses unsupported production mode
  ---
  duration_ms: 1.444351
  type: 'test'
  ...
# Subtest: HTTP rejects missing token before application command
ok 47 - HTTP rejects missing token before application command
  ---
  duration_ms: 40.261234
  type: 'test'
  ...
# Subtest: HTTP rejects hostile origin and permits explicit cross-origin preflight
ok 48 - HTTP rejects hostile origin and permits explicit cross-origin preflight
  ---
  duration_ms: 10.496264
  type: 'test'
  ...
# Subtest: HTTP bounds body and rejects malformed JSON without invoking core
ok 49 - HTTP bounds body and rejects malformed JSON without invoking core
  ---
  duration_ms: 29.226521
  type: 'test'
  ...
# Subtest: HTTP forwards exact actor grant key and input; conceals internal errors
ok 50 - HTTP forwards exact actor grant key and input; conceals internal errors
  ---
  duration_ms: 15.204125
  type: 'test'
  ...
# Subtest: HTTP does not accept arbitrary methods or unknown routes
ok 51 - HTTP does not accept arbitrary methods or unknown routes
  ---
  duration_ms: 8.362523
  type: 'test'
  ...
# Subtest: api: malformed raw URL returns400 and server survives
ok 52 - api: malformed raw URL returns400 and server survives
  ---
  duration_ms: 48.496507
  type: 'test'
  ...
# Subtest: frontend: malformed raw URL returns400 and server survives
ok 53 - frontend: malformed raw URL returns400 and server survives
  ---
  duration_ms: 25.127868
  type: 'test'
  ...
# Subtest: UI formats money without treating unknown amount as zero
ok 54 - UI formats money without treating unknown amount as zero
  ---
  duration_ms: 21.002127
  type: 'test'
  ...
# Subtest: UI escapes untrusted provider names and status strings
ok 55 - UI escapes untrusted provider names and status strings
  ---
  duration_ms: 0.45948
  type: 'test'
  ...
# Subtest: real registration, persistent login, tenant isolation, fixture isolation and logout
ok 56 - real registration, persistent login, tenant isolation, fixture isolation and logout
  ---
  duration_ms: 411.122697
  type: 'test'
  ...
# Subtest: one-use role-bound invitations, concurrent acceptance, partner cannot take merchant authority
ok 57 - one-use role-bound invitations, concurrent acceptance, partner cannot take merchant authority
  ---
  duration_ms: 268.478636
  type: 'test'
  ...
# Subtest: agent token scopes, durable task replay, revocation and password rotation invalidate credentials
ok 58 - agent token scopes, durable task replay, revocation and password rotation invalidate credentials
  ---
  duration_ms: 319.731194
  type: 'test'
  ...
# Subtest: concurrent signup uniqueness and bounded authentication attempts
ok 59 - concurrent signup uniqueness and bounded authentication attempts
  ---
  duration_ms: 473.802189
  type: 'test'
  ...
# Subtest: session expiry while waiting for tenant lock cannot mint credentials; expired attempt counters are reclaimed
ok 60 - session expiry while waiting for tenant lock cannot mint credentials; expired attempt counters are reclaimed
  ---
  duration_ms: 368.343962
  type: 'test'
  ...
# Subtest: real durable checkout survives retry; verified duplicate and refund-before-payment accrue and reverse once
ok 61 - real durable checkout survives retry; verified duplicate and refund-before-payment accrue and reverse once
  ---
  duration_ms: 410.978576
  type: 'test'
  ...
# Subtest: forged and mismatched provider objects never reserve dedup; later authentic delivery succeeds with frozen policy
ok 62 - forged and mismatched provider objects never reserve dedup; later authentic delivery succeeds with frozen policy
  ---
  duration_ms: 316.117673
  type: 'test'
  ...
# Subtest: ambiguous creates older than23h require reconciliation
ok 63 - ambiguous creates older than23h require reconciliation
  ---
  duration_ms: 274.847858
  type: 'test'
  ...
# Subtest: shop rotation cannot retry an unbound order against a different merchant account
ok 64 - shop rotation cannot retry an unbound order against a different merchant account
  ---
  duration_ms: 308.885631
  type: 'test'
  ...
# Subtest: lost create response keeps durable order and retries same provider idempotence key without another payment
ok 65 - lost create response keeps durable order and retries same provider idempotence key without another payment
  ---
  duration_ms: 319.901474
  type: 'test'
  ...
# Subtest: public origins are exact HTTPS identities and reject lookalikes
ok 66 - public origins are exact HTTPS identities and reject lookalikes
  ---
  duration_ms: 47.666327
  type: 'test'
  ...
# Subtest: public frontend CSP names only configured frame parents and B child
ok 67 - public frontend CSP names only configured frame parents and B child
  ---
  duration_ms: 13.714585
  type: 'test'
  ...
# Subtest: D handoff pins the public A origin before attaching the session fragment
ok 68 - D handoff pins the public A origin before attaching the session fragment
  ---
  duration_ms: 1.04755
  type: 'test'
  ...
# Subtest: real payout due date stays with oldest unpaid earning month across clock changes
ok 69 - real payout due date stays with oldest unpaid earning month across clock changes
  ---
  duration_ms: 2.359791
  type: 'test'
  ...
# Subtest: real refunds remain possible after fixture event quota; maturity invalidates old source once
ok 70 - real refunds remain possible after fixture event quota; maturity invalidates old source once
  ---
  duration_ms: 10.175404
  type: 'test'
  ...
# Subtest: factory refuses absent, empty, malformed, and unknown configuration
ok 71 - factory refuses absent, empty, malformed, and unknown configuration
  ---
  duration_ms: 3.121822
  type: 'test'
  ...
# Subtest: createPayment uses fixed transport, exact RUB decimal, and the order UUID as stable key
ok 72 - createPayment uses fixed transport, exact RUB decimal, and the order UUID as stable key
  ---
  duration_ms: 28.15161
  type: 'test'
  ...
# Subtest: createPayment validates every caller-controlled boundary before transport
ok 73 - createPayment validates every caller-controlled boundary before transport
  ---
  duration_ms: 0.80423
  type: 'test'
  ...
# Subtest: getPayment makes an authenticated GET and returns authoritative normalized facts
ok 74 - getPayment makes an authenticated GET and returns authoritative normalized facts
  ---
  duration_ms: 0.77911
  type: 'test'
  ...
# Subtest: getPayment rejects wrong id, amount, currency, account, mode, status, and timestamp
ok 75 - getPayment rejects wrong id, amount, currency, account, mode, status, and timestamp
  ---
  duration_ms: 4.628322
  type: 'test'
  ...
# Subtest: verifyNotification ignores all events except succeeded without contacting YooKassa
ok 76 - verifyNotification ignores all events except succeeded without contacting YooKassa
  ---
  duration_ms: 0.51565
  type: 'test'
  ...
# Subtest: payment.succeeded is accepted only after authenticated read-back and exact comparison
ok 77 - payment.succeeded is accepted only after authenticated read-back and exact comparison
  ---
  duration_ms: 2.470641
  type: 'test'
  ...
# Subtest: payment notification rejects forged or mismatched provider facts
ok 78 - payment notification rejects forged or mismatched provider facts
  ---
  duration_ms: 2.495271
  type: 'test'
  ...
# Subtest: refund.succeeded verifies refund and then its originating succeeded payment
ok 79 - refund.succeeded verifies refund and then its originating succeeded payment
  ---
  duration_ms: 1.113
  type: 'test'
  ...
# Subtest: refund notification rejects refund mismatches and an unverified originating payment
ok 80 - refund notification rejects refund mismatches and an unverified originating payment
  ---
  duration_ms: 5.152742
  type: 'test'
  ...
# Subtest: notification body is raw, valid JSON, object-shaped, nonempty, and bounded
ok 81 - notification body is raw, valid JSON, object-shaped, nonempty, and bounded
  ---
  duration_ms: 0.703611
  type: 'test'
  ...
# Subtest: transport fails closed on timeout, network error, redirect, HTTP error, and non-JSON
ok 82 - transport fails closed on timeout, network error, redirect, HTTP error, and non-JSON
  ---
  duration_ms: 1.36801
  type: 'test'
  ...
# Subtest: provider response body is bounded by declared and actual bytes
ok 83 - provider response body is bounded by declared and actual bytes
  ---
  duration_ms: 1.02608
  type: 'test'
  ...
1..83
# tests 83
# suites 0
# pass 83
# fail 0
# cancelled 0
# skipped 0
# todo 0
# duration_ms 13725.78404
