TAP version 13
# Subtest: actual app: delayed A, B selection/submission, no overlap/stale render or mismatched intent
not ok 1 - actual app: delayed A, B selection/submission, no overlap/stale render or mismatched intent
  ---
  duration_ms: 30.64878
  type: 'test'
  location: '/tmp/n8-f04b-mutant-fydd2wi8/tests/ui-app-races.test.js:35:1'
  failureType: 'testCodeFailure'
  error: |-
    Expected values to be strictly equal:
    
    true !== false
    
  code: 'ERR_ASSERTION'
  name: 'AssertionError'
  expected: false
  actual: true
  operator: 'strictEqual'
  stack: |-
    TestContext.<anonymous> (file:///tmp/n8-f04b-mutant-fydd2wi8/tests/ui-app-races.test.js:51:10)
    async Test.run (node:internal/test_runner/test:1054:7)
    async startSubtestAfterBootstrap (node:internal/test_runner/harness:296:3)
  ...
# Subtest: actual app: old authentication_required after logout/new login keeps new account visible
ok 2 - actual app: old authentication_required after logout/new login keeps new account visible
  ---
  duration_ms: 10.774654
  type: 'test'
  ...
# Subtest: actual app: delayed logout blocks login until cookie-clearing response settles
ok 3 - actual app: delayed logout blocks login until cookie-clearing response settles
  ---
  duration_ms: 12.124104
  type: 'test'
  ...
# Subtest: actual app: selection changes while reservation detail loads cannot render former selection
ok 4 - actual app: selection changes while reservation detail loads cannot render former selection
  ---
  duration_ms: 5.611782
  type: 'test'
  ...
1..4
# tests 4
# suites 0
# pass 3
# fail 1
# cancelled 0
# skipped 0
# todo 0
# duration_ms 68.004674
