TAP version 13
# Subtest: uncertain response survives reload with same body/key; selection and account isolate
ok 1 - uncertain response survives reload with same body/key; selection and account isolate
  ---
  duration_ms: 3.659142
  type: 'test'
  ...
# Subtest: account switch aborts and rejects late former-owner image even if transport ignores abort
ok 2 - account switch aborts and rejects late former-owner image even if transport ignores abort
  ---
  duration_ms: 1.32894
  type: 'test'
  ...
# Subtest: native outcomes depend on promise; invocation starts immediately in user gesture
ok 3 - native outcomes depend on promise; invocation starts immediately in user gesture
  ---
  duration_ms: 2.709051
  type: 'test'
  ...
# Subtest: checkout rejects executable/insecure/credential URLs; fixture stays local
ok 4 - checkout rejects executable/insecure/credential URLs; fixture stays local
  ---
  duration_ms: 0.598661
  type: 'test'
  ...
# Subtest: late A resolution cannot bind A job to the submitted B body/key
not ok 5 - late A resolution cannot bind A job to the submitted B body/key
  ---
  duration_ms: 4.484721
  type: 'test'
  location: '/tmp/n8-f04b-mutant-_2_cxt9h/tests/ui-state.test.js:35:1'
  failureType: 'testCodeFailure'
  error: |-
    Expected values to be strictly equal:
    
    true !== false
    
  code: 'ERR_ASSERTION'
  name: 'AssertionError'
  expected: false
  actual: true
  operator: 'strictEqual'
  stack: |-
    TestContext.<anonymous> (file:///tmp/n8-f04b-mutant-_2_cxt9h/tests/ui-state.test.js:39:10)
    Test.runInAsyncScope (node:async_hooks:214:14)
    Test.run (node:internal/test_runner/test:1047:25)
    Test.processPendingSubtests (node:internal/test_runner/test:744:18)
    Test.postRun (node:internal/test_runner/test:1173:19)
    Test.run (node:internal/test_runner/test:1101:12)
    async Test.processPendingSubtests (node:internal/test_runner/test:744:7)
  ...
# Subtest: late authentication rejection across logout/login cannot escape to new account
ok 6 - late authentication rejection across logout/login cannot escape to new account
  ---
  duration_ms: 0.729271
  type: 'test'
  ...
1..6
# tests 6
# suites 0
# pass 5
# fail 1
# cancelled 0
# skipped 0
# todo 0
# duration_ms 35.510353
