TAP version 13
# Subtest: actual app: delayed A, B selection/submission, no overlap/stale render or mismatched intent
ok 1 - actual app: delayed A, B selection/submission, no overlap/stale render or mismatched intent
  ---
  duration_ms: 31.726091
  type: 'test'
  ...
# Subtest: actual app: old authentication_required after logout/new login keeps new account visible
not ok 2 - actual app: old authentication_required after logout/new login keeps new account visible
  ---
  duration_ms: 12.346894
  type: 'test'
  location: '/tmp/n8-f04b-mutant-cisos3m2/tests/ui-app-races.test.js:54:1'
  failureType: 'testCodeFailure'
  error: |-
    Expected values to be strictly equal:
    
    true !== false
    
  code: 'ERR_ASSERTION'
  name: 'AssertionError'
  expected: false
  actual: true
  operator: 'strictEqual'
  stack: |-
    TestContext.<anonymous> (file:///tmp/n8-f04b-mutant-cisos3m2/tests/ui-app-races.test.js:62:10)
    async Test.run (node:internal/test_runner/test:1054:7)
    async Test.processPendingSubtests (node:internal/test_runner/test:744:7)
  ...
# Subtest: actual app: delayed logout blocks login until cookie-clearing response settles
ok 3 - actual app: delayed logout blocks login until cookie-clearing response settles
  ---
  duration_ms: 12.175655
  type: 'test'
  ...
# Subtest: actual app: selection changes while reservation detail loads cannot render former selection
ok 4 - actual app: selection changes while reservation detail loads cannot render former selection
  ---
  duration_ms: 10.171473
  type: 'test'
  ...
1..4
# tests 4
# suites 0
# pass 3
# fail 1
# cancelled 0
# skipped 0
# todo 0
# duration_ms 75.725207
