TAP version 13
# Subtest: uncertain response survives reload with same body/key; selection and account isolate
not ok 1 - uncertain response survives reload with same body/key; selection and account isolate
  ---
  duration_ms: 5.267262
  type: 'test'
  location: '/tmp/n8-f04b-mutant-5i76o3uy/tests/ui-state.test.js:5:1'
  failureType: 'testCodeFailure'
  error: |-
    Expected values to be strictly deep-equal:
    + actual - expected
    
      {
    +   idempotency_key: '2',
    -   idempotency_key: '1',
        style: 'warm',
        upload_id: 'room1'
      }
    
  code: 'ERR_ASSERTION'
  name: 'AssertionError'
  expected:
    upload_id: 'room1'
    style: 'warm'
    idempotency_key: '1'
  actual:
    upload_id: 'room1'
    style: 'warm'
    idempotency_key: '2'
  operator: 'deepStrictEqual'
  stack: |-
    TestContext.<anonymous> (file:///tmp/n8-f04b-mutant-5i76o3uy/tests/ui-state.test.js:8:61)
    Test.runInAsyncScope (node:async_hooks:214:14)
    Test.run (node:internal/test_runner/test:1047:25)
    Test.start (node:internal/test_runner/test:944:17)
    startSubtestAfterBootstrap (node:internal/test_runner/harness:296:17)
  ...
# Subtest: account switch aborts and rejects late former-owner image even if transport ignores abort
ok 2 - account switch aborts and rejects late former-owner image even if transport ignores abort
  ---
  duration_ms: 1.395921
  type: 'test'
  ...
# Subtest: native outcomes depend on promise; invocation starts immediately in user gesture
ok 3 - native outcomes depend on promise; invocation starts immediately in user gesture
  ---
  duration_ms: 2.071071
  type: 'test'
  ...
# Subtest: checkout rejects executable/insecure/credential URLs; fixture stays local
ok 4 - checkout rejects executable/insecure/credential URLs; fixture stays local
  ---
  duration_ms: 0.41341
  type: 'test'
  ...
# Subtest: late A resolution cannot bind A job to the submitted B body/key
ok 5 - late A resolution cannot bind A job to the submitted B body/key
  ---
  duration_ms: 3.555491
  type: 'test'
  ...
# Subtest: late authentication rejection across logout/login cannot escape to new account
ok 6 - late authentication rejection across logout/login cannot escape to new account
  ---
  duration_ms: 0.701891
  type: 'test'
  ...
1..6
# tests 6
# suites 0
# pass 5
# fail 1
# cancelled 0
# skipped 0
# todo 0
# duration_ms 33.508972
