TAP version 13
# Subtest: actual app: delayed A, B selection/submission, no overlap/stale render or mismatched intent
ok 1 - actual app: delayed A, B selection/submission, no overlap/stale render or mismatched intent
  ---
  duration_ms: 26.23124
  type: 'test'
  ...
# Subtest: actual app: old authentication_required after logout/new login keeps new account visible
ok 2 - actual app: old authentication_required after logout/new login keeps new account visible
  ---
  duration_ms: 8.864883
  type: 'test'
  ...
1..2
# tests 2
# suites 0
# pass 2
# fail 0
# cancelled 0
# skipped 0
# todo 0
# duration_ms 45.219756
