TAP version 13
# Subtest: actual static handler allowlists modules and denies private/source traversal
ok 1 - actual static handler allowlists modules and denies private/source traversal
  ---
  duration_ms: 16.202206
  type: 'test'
  ...
# Subtest: fixture driver refuses shared/user DB and storage before any connection
ok 2 - fixture driver refuses shared/user DB and storage before any connection
  ---
  duration_ms: 1.22992
  type: 'test'
  ...
# Subtest: owned HTTPS fixture matches normal server secure-cookie validation
ok 3 - owned HTTPS fixture matches normal server secure-cookie validation
  ---
  duration_ms: 1.23768
  type: 'test'
  ...
# Subtest: schema SQL identifier and same-schema URL option are guarded before connection
ok 4 - schema SQL identifier and same-schema URL option are guarded before connection
  ---
  duration_ms: 0.5344
  type: 'test'
  ...
1..4
# tests 4
# suites 0
# pass 4
# fail 0
# cancelled 0
# skipped 0
# todo 0
# duration_ms 31.388801
