TAP version 13
# A34_AWAIT {"phase":"claim_begin","pid":167229,"utc":"2026-10-06T22:55:36.664Z"}
# A34_AWAIT {"phase":"claim_end","pid":167229,"utc":"2026-10-06T22:55:36.673Z","counts":1}
# A34_AWAIT {"phase":"cancel_begin","pid":167229,"utc":"2026-10-06T22:55:36.674Z"}
# A34_AWAIT {"phase":"cancel_end","pid":167229,"utc":"2026-10-06T22:55:36.680Z","counts":0}
# A34_AWAIT {"phase":"exact_unused_cleanup_begin","pid":167229,"utc":"2026-10-06T22:55:36.681Z"}
# A34_AWAIT {"phase":"exact_unused_cleanup_end","pid":167229,"utc":"2026-10-06T22:55:36.682Z","counts":0}
# A34_AWAIT {"phase":"pool_end_begin","pid":167229,"utc":"2026-10-06T22:55:36.682Z"}
# A34_AWAIT {"phase":"pool_end_end","pid":167229,"utc":"2026-10-06T22:55:36.682Z"}
# Subtest: A34 direct cancellation releases its never-started reservation
ok 1 - A34 direct cancellation releases its never-started reservation
  ---
  duration_ms: 409.604506
  type: 'test'
  ...
# A34_AWAIT {"phase":"runtime_begin","pid":167229,"utc":"2026-10-06T22:55:36.954Z"}
# A34_AWAIT {"phase":"abort_claim_begin","pid":167229,"utc":"2026-10-06T22:55:37.014Z"}
# A34_AWAIT {"phase":"abort_claim_begin","pid":167229,"utc":"2026-10-06T22:55:37.014Z"}
# A34_AWAIT {"phase":"abort_claim_begin","pid":167229,"utc":"2026-10-06T22:55:37.014Z"}
# A34_AWAIT {"phase":"abort_claim_begin","pid":167229,"utc":"2026-10-06T22:55:37.014Z"}
# A34_AWAIT {"phase":"abort_claim_begin","pid":167229,"utc":"2026-10-06T22:55:37.014Z"}
# A34_AWAIT {"phase":"abort_claim_begin","pid":167229,"utc":"2026-10-06T22:55:37.014Z"}
# A34_AWAIT {"phase":"abort_claim_begin","pid":167229,"utc":"2026-10-06T22:55:37.014Z"}
# A34_AWAIT {"phase":"abort_claim_end","pid":167229,"utc":"2026-10-06T22:55:37.049Z","counts":{"claimed":true,"reserved":true}}
# A34_AWAIT {"phase":"abort_claim_end","pid":167229,"utc":"2026-10-06T22:55:37.061Z","counts":{"claimed":true,"reserved":true}}
# A34_AWAIT {"phase":"abort_claim_end","pid":167229,"utc":"2026-10-06T22:55:37.074Z","counts":{"claimed":true,"reserved":true}}
# A34_AWAIT {"phase":"abort_claim_end","pid":167229,"utc":"2026-10-06T22:55:37.079Z","counts":{"claimed":false,"reserved":false}}
# A34_AWAIT {"phase":"abort_claim_end","pid":167229,"utc":"2026-10-06T22:55:37.092Z","counts":{"claimed":true,"reserved":true}}
# A34_AWAIT {"phase":"abort_claim_end","pid":167229,"utc":"2026-10-06T22:55:37.100Z","counts":{"claimed":false,"reserved":false}}
# A34_AWAIT {"phase":"abort_claim_end","pid":167229,"utc":"2026-10-06T22:55:37.105Z","counts":{"claimed":true,"reserved":false}}
# A34_AWAIT {"phase":"runtime_joined","pid":167229,"utc":"2026-10-06T22:55:37.132Z","counts":{"operations":0,"claimed":5,"slots":0}}
# A34_AWAIT {"phase":"abort_exact_unused_cleanup_begin","pid":167229,"utc":"2026-10-06T22:55:37.134Z"}
# A34_AWAIT {"phase":"abort_exact_unused_cleanup_end","pid":167229,"utc":"2026-10-06T22:55:37.135Z","counts":0}
# A34_AWAIT {"phase":"abort_pool_end_begin","pid":167229,"utc":"2026-10-06T22:55:37.135Z"}
# A34_AWAIT {"phase":"abort_pool_end_end","pid":167229,"utc":"2026-10-06T22:55:37.135Z"}
# Subtest: A34 abort after committed native claim releases slots before any operation
ok 2 - A34 abort after committed native claim releases slots before any operation
  ---
  duration_ms: 452.211911
  type: 'test'
  ...
1..2
# tests 2
# suites 0
# pass 2
# fail 0
# cancelled 0
# skipped 0
# todo 0
# duration_ms 1251.675667
