TAP version 13
# Subtest: F02b operator quality software validation, synthetic real-branch data
    # Subtest: normalized upload is actual WebP with bound hashes; output and depth stay PNG
    ok 1 - normalized upload is actual WebP with bound hashes; output and depth stay PNG
      ---
      duration_ms: 42.633466
      type: 'test'
      ...
    # Subtest: otherwise valid synthetic real branch accepts, evidence is canonical, final locks are account then job
    ok 2 - otherwise valid synthetic real branch accepts, evidence is canonical, final locks are account then job
      ---
      duration_ms: 33.810992
      type: 'test'
      ...
    # Subtest: GEOM-03 fixture-quality exclusion targeted assertion, otherwise-valid byte/report provenance
    not ok 3 - GEOM-03 fixture-quality exclusion targeted assertion, otherwise-valid byte/report provenance
      ---
      duration_ms: 33.971452
      type: 'test'
      location: '/tmp/n8-i7-fixture-proof-179Gt8/tests/quality.test.js:60:13'
      failureType: 'testCodeFailure'
      error: |-
        GEOM-03 fixture quality must be rejected with otherwise valid provenance
        
        false !== true
        
      code: 'ERR_ASSERTION'
      name: 'AssertionError'
      expected: true
      actual: false
      operator: 'strictEqual'
      stack: |-
        TestContext.<anonymous> (file:///tmp/n8-i7-fixture-proof-179Gt8/tests/quality.test.js:65:14)
        async Test.run (node:internal/test_runner/test:1054:7)
        async TestContext.<anonymous> (file:///tmp/n8-i7-fixture-proof-179Gt8/tests/quality.test.js:60:5)
        async Test.run (node:internal/test_runner/test:1054:7)
        async startSubtestAfterBootstrap (node:internal/test_runner/harness:296:3)
      ...
    # Subtest: ordinary actor, absent report, mismatched report, changed bytes and modified immutable evidence refuse
    ok 4 - ordinary actor, absent report, mismatched report, changed bytes and modified immutable evidence refuse
      ---
      duration_ms: 35.592273
      type: 'test'
      ...
    # Subtest: measured corpus thresholds, coverage, source, config, report hashes and synthetic flag
    ok 5 - measured corpus thresholds, coverage, source, config, report hashes and synthetic flag
      ---
      duration_ms: 32.579232
      type: 'test'
      ...
    # Subtest: 12 aliases of one complete input plus 11 single-style inputs cannot satisfy distinct 12x3 coverage
    ok 6 - 12 aliases of one complete input plus 11 single-style inputs cannot satisfy distinct 12x3 coverage
      ---
      duration_ms: 14.900175
      type: 'test'
      ...
    1..6
not ok 1 - F02b operator quality software validation, synthetic real-branch data
  ---
  duration_ms: 215.229797
  type: 'test'
  location: '/tmp/n8-i7-fixture-proof-179Gt8/tests/quality.test.js:33:1'
  failureType: 'subtestsFailed'
  error: '1 subtest failed'
  code: 'ERR_TEST_FAILURE'
  ...
1..1
# tests 7
# suites 0
# pass 5
# fail 2
# cancelled 0
# skipped 0
# todo 0
# duration_ms 221.793369
