TRACE contour=project specification=projects/07-cold-email-warmup/docs/Specification.md pseudocode=projects/07-cold-email-warmup/docs/Pseudocode.md
COUNT requirements=16 algorithms=16 missing-algorithm=0 orphan-algorithm=0
PASS contour=project bidirectional traceability complete
NOT-ESTABLISHED contour=project role=completion path=projects/07-cold-email-warmup/docs/projects/07-cold-email-warmup/docs/Completion.md missing or unreadable
TRACE contour=expanded-mvp specification=projects/07-cold-email-warmup/docs/features/expanded-mvp/01_specification.md pseudocode=projects/07-cold-email-warmup/docs/features/expanded-mvp/02_pseudocode.md
COUNT requirements=18 algorithms=18 missing-algorithm=0 orphan-algorithm=0
PASS contour=expanded-mvp bidirectional traceability complete
GAP contour=expanded-mvp completion AC-expanded-mvp-005 test file tests/expanded-mvp-05.test.ts does not exist
GAP contour=expanded-mvp completion AC-expanded-mvp-006 test file tests/expanded-mvp-06.test.ts does not exist
GAP contour=expanded-mvp completion AC-expanded-mvp-007 test file tests/expanded-mvp-07.test.ts does not exist
GAP contour=expanded-mvp completion AC-expanded-mvp-008 test file tests/expanded-mvp-08.test.ts does not exist
GAP contour=expanded-mvp completion AC-expanded-mvp-009 test file tests/expanded-mvp-09.test.ts does not exist
TRACE contour=f01-foundation-auth specification=projects/07-cold-email-warmup/docs/features/f01-foundation-auth/01_specification.md pseudocode=projects/07-cold-email-warmup/docs/features/f01-foundation-auth/02_pseudocode.md
COUNT requirements=6 algorithms=6 missing-algorithm=0 orphan-algorithm=0
PASS contour=f01-foundation-auth bidirectional traceability complete
TRACE contour=f02-mailboxes-consent specification=projects/07-cold-email-warmup/docs/features/f02-mailboxes-consent/01_specification.md pseudocode=projects/07-cold-email-warmup/docs/features/f02-mailboxes-consent/02_pseudocode.md
COUNT requirements=6 algorithms=6 missing-algorithm=0 orphan-algorithm=0
PASS contour=f02-mailboxes-consent bidirectional traceability complete
TRACE contour=f03-dispatch-pool-campaign specification=projects/07-cold-email-warmup/docs/features/f03-dispatch-pool-campaign/01_specification.md pseudocode=projects/07-cold-email-warmup/docs/features/f03-dispatch-pool-campaign/02_pseudocode.md
COUNT requirements=12 algorithms=12 missing-algorithm=0 orphan-algorithm=0
PASS contour=f03-dispatch-pool-campaign bidirectional traceability complete
GAP contour=f03-dispatch-pool-campaign completion AC-f03-dispatch-pool-campaign-010 test file tests/submission-integration.test.ts does not contain title "B4 proved pre-DATA only, exact5/30s, max3, re-enter guards/quota"
TRACE contour=f04-reply-suppression specification=projects/07-cold-email-warmup/docs/features/f04-reply-suppression/01_specification.md pseudocode=projects/07-cold-email-warmup/docs/features/f04-reply-suppression/02_pseudocode.md
COUNT requirements=12 algorithms=12 missing-algorithm=0 orphan-algorithm=0
PASS contour=f04-reply-suppression bidirectional traceability complete
TRACE contour=f05-evidence-billing-growth specification=projects/07-cold-email-warmup/docs/features/f05-evidence-billing-growth/01_specification.md pseudocode=projects/07-cold-email-warmup/docs/features/f05-evidence-billing-growth/02_pseudocode.md
COUNT requirements=12 algorithms=12 missing-algorithm=0 orphan-algorithm=0
PASS contour=f05-evidence-billing-growth bidirectional traceability complete
TRACE contour=f06-cabinet-e2e-delivery specification=projects/07-cold-email-warmup/docs/features/f06-cabinet-e2e-delivery/01_specification.md pseudocode=projects/07-cold-email-warmup/docs/features/f06-cabinet-e2e-delivery/02_pseudocode.md
COUNT requirements=12 algorithms=12 missing-algorithm=0 orphan-algorithm=0
PASS contour=f06-cabinet-e2e-delivery bidirectional traceability complete
GAP contour=f06-cabinet-e2e-delivery completion AC-f06-cabinet-e2e-delivery-011 test file is empty
GAP contour=f06-cabinet-e2e-delivery completion AC-f06-cabinet-e2e-delivery-012 test file is empty
TRACE contour=f07-connected-capacity specification=projects/07-cold-email-warmup/docs/features/f07-connected-capacity/01_specification.md pseudocode=projects/07-cold-email-warmup/docs/features/f07-connected-capacity/02_pseudocode.md
COUNT requirements=8 algorithms=8 missing-algorithm=0 orphan-algorithm=0
PASS contour=f07-connected-capacity bidirectional traceability complete
TRACE contour=f08-live-diagnostics specification=projects/07-cold-email-warmup/docs/features/f08-live-diagnostics/01_specification.md pseudocode=projects/07-cold-email-warmup/docs/features/f08-live-diagnostics/02_pseudocode.md
COUNT requirements=8 algorithms=8 missing-algorithm=0 orphan-algorithm=0
PASS contour=f08-live-diagnostics bidirectional traceability complete
TRACE contour=f09-live-transport specification=projects/07-cold-email-warmup/docs/features/f09-live-transport/01_specification.md pseudocode=projects/07-cold-email-warmup/docs/features/f09-live-transport/02_pseudocode.md
COUNT requirements=18 algorithms=18 missing-algorithm=0 orphan-algorithm=0
PASS contour=f09-live-transport bidirectional traceability complete
TRACE contour=f10-durable-runtime specification=projects/07-cold-email-warmup/docs/features/f10-durable-runtime/01_specification.md pseudocode=projects/07-cold-email-warmup/docs/features/f10-durable-runtime/02_pseudocode.md
COUNT requirements=14 algorithms=14 missing-algorithm=0 orphan-algorithm=0
PASS contour=f10-durable-runtime bidirectional traceability complete
VERDICT traceability=PASS features=11 gaps=0 inconclusive=0
VERDICT completion=NOT-ESTABLISHED features=11 gaps=8 inconclusive=1
VERDICT report-revision=PASS features=11 gaps=0 inconclusive=0
VERDICT criterion-scenarios=PASS features=11 gaps=0 inconclusive=0
