TAP version 13
# Subtest: F03b isolated real PostgreSQL consent, partner registry and verified first-conversion aggregates
    # Subtest: PARTNER-01 duplicate409 existing owner immutable binding, missing owner, inactive and self
    ok 1 - PARTNER-01 duplicate409 existing owner immutable binding, missing owner, inactive and self
      ---
      duration_ms: 124.364674
      type: 'test'
      ...
    # Subtest: ATTR-01 cookie consent proof, denied/blocked/tampered/cross-account, expiry and manual
    ok 2 - ATTR-01 cookie consent proof, denied/blocked/tampered/cross-account, expiry and manual
      ---
      duration_ms: 246.416178
      type: 'test'
      ...
    # Subtest: ATTR-02 manual override invalid input effects0 immutable snapshot and simultaneous create/deny
    ok 3 - ATTR-02 manual override invalid input effects0 immutable snapshot and simultaneous create/deny
      ---
      duration_ms: 282.2827
      type: 'test'
      ...
    # Subtest: PARTNER-02 two partner totals exclude replay repeat hold review refunds and inactive rows
    ok 4 - PARTNER-02 two partner totals exclude replay repeat hold review refunds and inactive rows
      ---
      duration_ms: 780.339108
      type: 'test'
      ...
    # Subtest: ATTR-03 differently attributed concurrent successes select exactly one permanent winner
    ok 5 - ATTR-03 differently attributed concurrent successes select exactly one permanent winner
      ---
      duration_ms: 126.179095
      type: 'test'
      ...
    # Subtest: HTTP exact Origin/authenticated bounded attribution; no public mint/edit/aggregate and essential session intact
    ok 6 - HTTP exact Origin/authenticated bounded attribution; no public mint/edit/aggregate and essential session intact
      ---
      duration_ms: 335.121089
      type: 'test'
      ...
    1..6
ok 1 - F03b isolated real PostgreSQL consent, partner registry and verified first-conversion aggregates
  ---
  duration_ms: 2399.286337
  type: 'test'
  ...
1..1
# tests 7
# suites 0
# pass 7
# fail 0
# cancelled 0
# skipped 0
# todo 0
# duration_ms 2411.749371
 Container n8-f04a-candidate-web-run-98da740b7660 Creating 
 Container n8-f04a-candidate-web-run-98da740b7660 Created 
