 Container n8-f04a-candidate-maintenance-1 Stopping 
 Container n8-f04a-candidate-maintenance-1 Stopped 
 Container n8-f04a-candidate-maintenance-1 Removing 
 Container n8-f04a-candidate-maintenance-1 Removed 
 Container n8-f04a-candidate-web-1 Stopping 
 Container n8-f04a-candidate-web-1 Stopped 
 Container n8-f04a-candidate-web-1 Removing 
 Container n8-f04a-candidate-web-1 Removed 
 Container n8-f04a-candidate-db-1 Stopping 
 Container n8-f04a-candidate-db-1 Stopped 
 Container n8-f04a-candidate-db-1 Removing 
 Container n8-f04a-candidate-db-1 Removed 
 Volume n8-f04a-candidate_database Removing 
 Volume n8-f04a-candidate_media Removing 
 Network n8-f04a-candidate_private Removing 
 Network n8-f04a-candidate_frontend Removing 
 Volume n8-f04a-candidate_database Removed 
 Volume n8-f04a-candidate_media Removed 
 Network n8-f04a-candidate_frontend Removed 
 Network n8-f04a-candidate_private Removed 
