 Network n8-ui-e2e Creating 
 Network n8-ui-e2e Creating 
 Volume n8-ui-e2e_private Creating 
 Volume n8-ui-e2e_private Creating 
 Volume n8-ui-e2e_private Created 
 Volume n8-ui-e2e_private Created 
 Network n8-ui-e2e Created 
 Network n8-ui-e2e Created 
 Container n8-ui-e2e-db-1 Creating 
 Container n8-ui-e2e-db-1 Created 
 Container n8-ui-e2e-init-1 Creating 
 Container n8-ui-e2e-init-1 Created 
 Container n8-ui-e2e-web-1 Creating 
 Container n8-ui-e2e-web-1 Created 
 Container n8-ui-e2e-proxy-1 Creating 
 Container n8-ui-e2e-maintenance-1 Creating 
 Container n8-ui-e2e-proxy-1 Created 
 Container n8-ui-e2e-maintenance-1 Created 
 Container n8-ui-e2e-db-1 Starting 
 Container n8-ui-e2e-db-1 Started 
 Container n8-ui-e2e-db-1 Waiting 
 Container n8-ui-e2e-db-1 Healthy 
 Container n8-ui-e2e-init-1 Starting 
 Container n8-ui-e2e-init-1 Started 
 Container n8-ui-e2e-init-1 Waiting 
 Container n8-ui-e2e-init-1 Exited 
 Container n8-ui-e2e-web-1 Starting 
 Container n8-ui-e2e-web-1 Started 
 Container n8-ui-e2e-web-1 Waiting 
 Container n8-ui-e2e-web-1 Waiting 
 Container n8-ui-e2e-web-1 Healthy 
 Container n8-ui-e2e-maintenance-1 Starting 
 Container n8-ui-e2e-web-1 Healthy 
 Container n8-ui-e2e-proxy-1 Starting 
 Container n8-ui-e2e-maintenance-1 Started 
 Container n8-ui-e2e-proxy-1 Started 
