
> n7-cold-email-warmup@0.1.0 test
> tsx --test --test-concurrency=1 tests/*-unit.test.ts

TAP version 13
# Subtest: R1 actual authScript passive valid identity redirects silently
ok 1 - R1 actual authScript passive valid identity redirects silently
  ---
  duration_ms: 10.707154
  type: 'test'
  ...
# Subtest: R1 actual successful register notifies exactly once
ok 2 - R1 actual successful register notifies exactly once
  ---
  duration_ms: 3.601581
  type: 'test'
  ...
# Subtest: R1 actual successful login notifies exactly once
ok 3 - R1 actual successful login notifies exactly once
  ---
  duration_ms: 2.947131
  type: 'test'
  ...
# Subtest: R1 failed action/no identity emits zero false/true
ok 4 - R1 failed action/no identity emits zero false/true
  ---
  duration_ms: 4.289242
  type: 'test'
  ...
# Subtest: R1 failed action/no identity emits zero true/false
ok 5 - R1 failed action/no identity emits zero true/false
  ---
  duration_ms: 3.468521
  type: 'test'
  ...
# Subtest: R1 actual app channel login invalidates, aborts and passive followup never echoes
ok 6 - R1 actual app channel login invalidates, aborts and passive followup never echoes
  ---
  duration_ms: 275.770518
  type: 'test'
  ...
# Subtest: R1 actual app channel logout invalidates, aborts and passive followup never echoes
ok 7 - R1 actual app channel logout invalidates, aborts and passive followup never echoes
  ---
  duration_ms: 109.42643
  type: 'test'
  ...
# Subtest: AC-F01-4 Unicode/password byte boundaries reject before invoking KDF
ok 8 - AC-F01-4 Unicode/password byte boundaries reject before invoking KDF
  ---
  duration_ms: 2.853512
  type: 'test'
  ...
# Subtest: AC-F01-4 exact PHC params/salt/output reject adversarial stored costs
ok 9 - AC-F01-4 exact PHC params/salt/output reject adversarial stored costs
  ---
  duration_ms: 0.98443
  type: 'test'
  ...
# Subtest: AC-F01-4 two active KDFs: no queue, unrelated free slot, release on rejection
ok 10 - AC-F01-4 two active KDFs: no queue, unrelated free slot, release on rejection
  ---
  duration_ms: 0.808711
  type: 'test'
  ...
# Subtest: AC-F01-2 opaque canonical cookie and absolute7day HMAC session
ok 11 - AC-F01-2 opaque canonical cookie and absolute7day HMAC session
  ---
  duration_ms: 2.27701
  type: 'test'
  ...
# Subtest: AC-F01-1 safety config fails closed without external runtime key/policy
ok 12 - AC-F01-1 safety config fails closed without external runtime key/policy
  ---
  duration_ms: 22.461268
  type: 'test'
  ...
# Subtest: F05 immutable server plans and closed checkout input
ok 13 - F05 immutable server plans and closed checkout input
  ---
  duration_ms: 3.159911
  type: 'test'
  ...
# Subtest: F05 bounded purpose HMAC cookie exact30day expiration and tamper
ok 14 - F05 bounded purpose HMAC cookie exact30day expiration and tamper
  ---
  duration_ms: 3.085741
  type: 'test'
  ...
# Subtest: F07 strict bounded pages and explicit closed capacity actions
ok 15 - F07 strict bounded pages and explicit closed capacity actions
  ---
  duration_ms: 4.753812
  type: 'test'
  ...
# Subtest: actual phase deadlines and trickle close sockets listeners timers and settle once
    # Subtest: dns
    ok 1 - dns
      ---
      duration_ms: 10333.526909
      type: 'test'
      ...
    # Subtest: connect
    ok 2 - connect
      ---
      duration_ms: 10355.052237
      type: 'test'
      ...
    # Subtest: tls
    not ok 3 - tls
      ---
      duration_ms: 319.276564
      type: 'test'
      location: '/tmp/n7-f10-implement-20261006/projects/07-cold-email-warmup/tests/diagnostics-deadline-unit.test.ts:1:527'
      failureType: 'testCodeFailure'
      error: 'fixture_dns_denied'
      code: 'ERR_TEST_FAILURE'
      stack: |-
        Object.denied (file:///tmp/n7-f10-frozen-verify-a11/guard.mjs:5:44)
        lookupAndListen (node:net:2196:7)
        Server.listen (node:net:2098:7)
        <anonymous> (/tmp/n7-f10-implement-20261006/projects/07-cold-email-warmup/tests/diagnostics-deadline-fixture.ts:10:185)
        new Promise (<anonymous>)
        blockedFixture (/tmp/n7-f10-implement-20261006/projects/07-cold-email-warmup/tests/diagnostics-deadline-fixture.ts:10:156)
        TestContext.<anonymous> (/tmp/n7-f10-implement-20261006/projects/07-cold-email-warmup/tests/diagnostics-deadline-unit.test.ts:10:22)
        Test.runInAsyncScope (node:async_hooks:214:14)
        Test.run (node:internal/test_runner/test:1047:25)
        Test.start (node:internal/test_runner/test:944:17)
      ...
    # Subtest: greeting
    not ok 4 - greeting
      ---
      duration_ms: 747.864397
      type: 'test'
      location: '/tmp/n7-f10-implement-20261006/projects/07-cold-email-warmup/tests/diagnostics-deadline-unit.test.ts:1:527'
      failureType: 'testCodeFailure'
      error: 'fixture_dns_denied'
      code: 'ERR_TEST_FAILURE'
      stack: |-
        Object.denied (file:///tmp/n7-f10-frozen-verify-a11/guard.mjs:5:44)
        lookupAndListen (node:net:2196:7)
        Server.listen (node:net:2098:7)
        <anonymous> (/tmp/n7-f10-implement-20261006/projects/07-cold-email-warmup/tests/diagnostics-fixture.ts:39:126)
        new Promise (<anonymous>)
        protocolFixture (/tmp/n7-f10-implement-20261006/projects/07-cold-email-warmup/tests/diagnostics-fixture.ts:39:98)
        blockedFixture (/tmp/n7-f10-implement-20261006/projects/07-cold-email-warmup/tests/diagnostics-deadline-fixture.ts:9:73)
        TestContext.<anonymous> (/tmp/n7-f10-implement-20261006/projects/07-cold-email-warmup/tests/diagnostics-deadline-unit.test.ts:10:22)
        Test.runInAsyncScope (node:async_hooks:214:14)
        Test.run (node:internal/test_runner/test:1047:25)
      ...
    # Subtest: auth
    not ok 5 - auth
      ---
      duration_ms: 474.8184
      type: 'test'
      location: '/tmp/n7-f10-implement-20261006/projects/07-cold-email-warmup/tests/diagnostics-deadline-unit.test.ts:1:527'
      failureType: 'testCodeFailure'
      error: 'fixture_dns_denied'
      code: 'ERR_TEST_FAILURE'
      stack: |-
        Object.denied (file:///tmp/n7-f10-frozen-verify-a11/guard.mjs:5:44)
        lookupAndListen (node:net:2196:7)
        Server.listen (node:net:2098:7)
        <anonymous> (/tmp/n7-f10-implement-20261006/projects/07-cold-email-warmup/tests/diagnostics-fixture.ts:39:126)
        new Promise (<anonymous>)
        protocolFixture (/tmp/n7-f10-implement-20261006/projects/07-cold-email-warmup/tests/diagnostics-fixture.ts:39:98)
        blockedFixture (/tmp/n7-f10-implement-20261006/projects/07-cold-email-warmup/tests/diagnostics-deadline-fixture.ts:9:73)
        TestContext.<anonymous> (/tmp/n7-f10-implement-20261006/projects/07-cold-email-warmup/tests/diagnostics-deadline-unit.test.ts:10:22)
        Test.runInAsyncScope (node:async_hooks:214:14)
        Test.run (node:internal/test_runner/test:1047:25)
      ...
    # Subtest: trickle
    not ok 6 - trickle
      ---
      duration_ms: 844.301551
      type: 'test'
      location: '/tmp/n7-f10-implement-20261006/projects/07-cold-email-warmup/tests/diagnostics-deadline-unit.test.ts:1:527'
      failureType: 'testCodeFailure'
      error: 'fixture_dns_denied'
      code: 'ERR_TEST_FAILURE'
      stack: |-
        Object.denied (file:///tmp/n7-f10-frozen-verify-a11/guard.mjs:5:44)
        lookupAndListen (node:net:2196:7)
        Server.listen (node:net:2098:7)
        <anonymous> (/tmp/n7-f10-implement-20261006/projects/07-cold-email-warmup/tests/diagnostics-fixture.ts:39:126)
        new Promise (<anonymous>)
        protocolFixture (/tmp/n7-f10-implement-20261006/projects/07-cold-email-warmup/tests/diagnostics-fixture.ts:39:98)
        blockedFixture (/tmp/n7-f10-implement-20261006/projects/07-cold-email-warmup/tests/diagnostics-deadline-fixture.ts:9:73)
        TestContext.<anonymous> (/tmp/n7-f10-implement-20261006/projects/07-cold-email-warmup/tests/diagnostics-deadline-unit.test.ts:10:22)
        Test.runInAsyncScope (node:async_hooks:214:14)
        Test.run (node:internal/test_runner/test:1047:25)
      ...
    1..6
not ok 16 - actual phase deadlines and trickle close sockets listeners timers and settle once
  ---
  duration_ms: 23078.104108
  type: 'test'
  location: '/tmp/n7-f10-implement-20261006/projects/07-cold-email-warmup/tests/diagnostics-deadline-unit.test.ts:1:350'
  failureType: 'subtestsFailed'
  error: '4 subtests failed'
  code: 'ERR_TEST_FAILURE'
  ...
# Subtest: simultaneous abort peer completion and error cannot publish late success
not ok 17 - simultaneous abort peer completion and error cannot publish late success
  ---
  duration_ms: 471.696538
  type: 'test'
  location: '/tmp/n7-f10-implement-20261006/projects/07-cold-email-warmup/tests/diagnostics-deadline-unit.test.ts:1:1195'
  failureType: 'testCodeFailure'
  error: 'fixture_dns_denied'
  code: 'ERR_TEST_FAILURE'
  stack: |-
    Object.denied (file:///tmp/n7-f10-frozen-verify-a11/guard.mjs:5:44)
    lookupAndListen (node:net:2196:7)
    Server.listen (node:net:2098:7)
    <anonymous> (/tmp/n7-f10-implement-20261006/projects/07-cold-email-warmup/tests/diagnostics-fixture.ts:39:126)
    new Promise (<anonymous>)
    protocolFixture (/tmp/n7-f10-implement-20261006/projects/07-cold-email-warmup/tests/diagnostics-fixture.ts:39:98)
    blockedFixture (/tmp/n7-f10-implement-20261006/projects/07-cold-email-warmup/tests/diagnostics-deadline-fixture.ts:9:73)
    TestContext.<anonymous> (/tmp/n7-f10-implement-20261006/projects/07-cold-email-warmup/tests/diagnostics-deadline-unit.test.ts:19:22)
    Test.runInAsyncScope (node:async_hooks:214:14)
    Test.run (node:internal/test_runner/test:1047:25)
  ...
# Subtest: diagnostic byte deadlines cancellation and admission are bounded
ok 18 - diagnostic byte deadlines cancellation and admission are bounded
  ---
  duration_ms: 44.033935
  type: 'test'
  ...
# Subtest: SMTP and IMAP authenticate independently without message commands
not ok 19 - SMTP and IMAP authenticate independently without message commands
  ---
  duration_ms: 877.723513
  type: 'test'
  location: '/tmp/n7-f10-implement-20261006/projects/07-cold-email-warmup/tests/diagnostics-unit.test.ts:1:1631'
  failureType: 'testCodeFailure'
  error: 'fixture_dns_denied'
  code: 'ERR_TEST_FAILURE'
  stack: |-
    Object.denied (file:///tmp/n7-f10-frozen-verify-a11/guard.mjs:5:44)
    lookupAndListen (node:net:2196:7)
    Server.listen (node:net:2098:7)
    <anonymous> (/tmp/n7-f10-implement-20261006/projects/07-cold-email-warmup/tests/diagnostics-fixture.ts:39:126)
    new Promise (<anonymous>)
    protocolFixture (/tmp/n7-f10-implement-20261006/projects/07-cold-email-warmup/tests/diagnostics-fixture.ts:39:98)
    TestContext.<anonymous> (/tmp/n7-f10-implement-20261006/projects/07-cold-email-warmup/tests/diagnostics-unit.test.ts:17:64)
    Test.runInAsyncScope (node:async_hooks:214:14)
    Test.run (node:internal/test_runner/test:1047:25)
    Test.processPendingSubtests (node:internal/test_runner/test:744:18)
  ...
# Subtest: production TLS adapter pins peer and rejects certificate downgrade rebinding
not ok 20 - production TLS adapter pins peer and rejects certificate downgrade rebinding
  ---
  duration_ms: 114.609681
  type: 'test'
  location: '/tmp/n7-f10-implement-20261006/projects/07-cold-email-warmup/tests/diagnostics-unit.test.ts:1:2388'
  failureType: 'testCodeFailure'
  error: 'fixture_dns_denied'
  code: 'ERR_TEST_FAILURE'
  stack: |-
    Object.denied (file:///tmp/n7-f10-frozen-verify-a11/guard.mjs:5:44)
    lookupAndListen (node:net:2196:7)
    Server.listen (node:net:2098:7)
    <anonymous> (/tmp/n7-f10-implement-20261006/projects/07-cold-email-warmup/tests/diagnostics-fixture.ts:39:126)
    new Promise (<anonymous>)
    protocolFixture (/tmp/n7-f10-implement-20261006/projects/07-cold-email-warmup/tests/diagnostics-fixture.ts:39:98)
    TestContext.<anonymous> (/tmp/n7-f10-implement-20261006/projects/07-cold-email-warmup/tests/diagnostics-unit.test.ts:24:22)
    Test.runInAsyncScope (node:async_hooks:214:14)
    Test.run (node:internal/test_runner/test:1047:25)
    Test.processPendingSubtests (node:internal/test_runner/test:744:18)
  ...
# Subtest: hostile TLS protocol states fail closed and cancellation destroys owned sockets
not ok 21 - hostile TLS protocol states fail closed and cancellation destroys owned sockets
  ---
  duration_ms: 469.101297
  type: 'test'
  location: '/tmp/n7-f10-implement-20261006/projects/07-cold-email-warmup/tests/diagnostics-unit.test.ts:1:4104'
  failureType: 'testCodeFailure'
  error: 'fixture_dns_denied'
  code: 'ERR_TEST_FAILURE'
  stack: |-
    Object.denied (file:///tmp/n7-f10-frozen-verify-a11/guard.mjs:5:44)
    lookupAndListen (node:net:2196:7)
    Server.listen (node:net:2098:7)
    <anonymous> (/tmp/n7-f10-implement-20261006/projects/07-cold-email-warmup/tests/diagnostics-fixture.ts:39:126)
    new Promise (<anonymous>)
    protocolFixture (/tmp/n7-f10-implement-20261006/projects/07-cold-email-warmup/tests/diagnostics-fixture.ts:39:98)
    TestContext.<anonymous> (/tmp/n7-f10-implement-20261006/projects/07-cold-email-warmup/tests/diagnostics-unit.test.ts:34:134)
    Test.runInAsyncScope (node:async_hooks:214:14)
    Test.run (node:internal/test_runner/test:1047:25)
    Test.processPendingSubtests (node:internal/test_runner/test:744:18)
  ...
# Subtest: untrusted certificates TLS downgrade and late cancelled DNS never authenticate
not ok 22 - untrusted certificates TLS downgrade and late cancelled DNS never authenticate
  ---
  duration_ms: 160.582988
  type: 'test'
  location: '/tmp/n7-f10-implement-20261006/projects/07-cold-email-warmup/tests/diagnostics-unit.test.ts:1:4941'
  failureType: 'testCodeFailure'
  error: 'fixture_dns_denied'
  code: 'ERR_TEST_FAILURE'
  stack: |-
    Object.denied (file:///tmp/n7-f10-frozen-verify-a11/guard.mjs:5:44)
    lookupAndListen (node:net:2196:7)
    Server.listen (node:net:2098:7)
    <anonymous> (/tmp/n7-f10-implement-20261006/projects/07-cold-email-warmup/tests/diagnostics-fixture.ts:39:126)
    new Promise (<anonymous>)
    protocolFixture (/tmp/n7-f10-implement-20261006/projects/07-cold-email-warmup/tests/diagnostics-fixture.ts:39:98)
    TestContext.<anonymous> (/tmp/n7-f10-implement-20261006/projects/07-cold-email-warmup/tests/diagnostics-unit.test.ts:40:22)
    Test.runInAsyncScope (node:async_hooks:214:14)
    Test.run (node:internal/test_runner/test:1047:25)
    Test.processPendingSubtests (node:internal/test_runner/test:744:18)
  ...
# Subtest: A1 canonical bounds, missing fields, source/header injection and escaped preview
ok 23 - A1 canonical bounds, missing fields, source/header injection and escaped preview
  ---
  duration_ms: 5.570002
  type: 'test'
  ...
# Subtest: A2 versioned enrollment AEAD purpose, tenant/id substitution and separately keyed digest
ok 24 - A2 versioned enrollment AEAD purpose, tenant/id substitution and separately keyed digest
  ---
  duration_ms: 2.908371
  type: 'test'
  ...
# Subtest: B1 bounded manual observation input and explicit verification
ok 25 - B1 bounded manual observation input and explicit verification
  ---
  duration_ms: 4.130961
  type: 'test'
  ...
# Subtest: B2 exact 7days/+1ms, 28days/+1ms, equal UTC windows, future and reasons
ok 26 - B2 exact 7days/+1ms, 28days/+1ms, equal UTC windows, future and reasons
  ---
  duration_ms: 0.878231
  type: 'test'
  ...
# Subtest: B2 denominators 29/30 gate ratios and strict raw count improvement
ok 27 - B2 denominators 29/30 gate ratios and strict raw count improvement
  ---
  duration_ms: 1.04465
  type: 'test'
  ...
# Subtest: B3/B4 explicit public whitelist, escaping, historical copy and exactly one badge
ok 28 - B3/B4 explicit public whitelist, escaping, historical copy and exactly one badge
  ---
  duration_ms: 0.7229
  type: 'test'
  ...
# Subtest: B5 bounded history pagination
ok 29 - B5 bounded history pagination
  ---
  duration_ms: 1.102831
  type: 'test'
  ...
# Subtest: F1 primitive enums reject array/object/null before any write
ok 30 - F1 primitive enums reject array/object/null before any write
  ---
  duration_ms: 1.73881
  type: 'test'
  ...
# Subtest: F2 validated UUID uses canonical lowercase identity
ok 31 - F2 validated UUID uses canonical lowercase identity
  ---
  duration_ms: 0.454341
  type: 'test'
  ...
# Subtest: live MIME enforces literal bounds and preserves seven bit wire
ok 32 - live MIME enforces literal bounds and preserves seven bit wire
  ---
  duration_ms: 4.142372
  type: 'test'
  ...
# Subtest: headers reject duplicates ambiguous sender oversized references and literal tags
ok 33 - headers reject duplicates ambiguous sender oversized references and literal tags
  ---
  duration_ms: 3.018681
  type: 'test'
  ...
# Subtest: transport phase deadlines and cancellation remain finite
ok 34 - transport phase deadlines and cancellation remain finite
  ---
  duration_ms: 10.760604
  type: 'test'
  ...
# Subtest: finite runtime lanes join owned operations on abort before returning
ok 35 - finite runtime lanes join owned operations on abort before returning
  ---
  duration_ms: 33.950612
  type: 'test'
  ...
# Subtest: database faults stop admission and abort the internal signal before joining sibling lanes
ok 36 - database faults stop admission and abort the internal signal before joining sibling lanes
  ---
  duration_ms: 23.007779
  type: 'test'
  ...
# Subtest: settled runtime operations yield to the event loop before another fair claim
ok 37 - settled runtime operations yield to the event loop before another fair claim
  ---
  duration_ms: 6.613482
  type: 'test'
  ...
# Subtest: maintenance reconciles after five seconds without an immediate duplicate sweep
ok 38 - maintenance reconciles after five seconds without an immediate duplicate sweep
  ---
  duration_ms: 5302.101563
  type: 'test'
  ...
# Subtest: AEAD fresh nonce, ciphertext/tag/AAD substitution and retained versions fail closed before transport
ok 39 - AEAD fresh nonce, ciphertext/tag/AAD substitution and retained versions fail closed before transport
  ---
  duration_ms: 6.621192
  type: 'test'
  ...
# Subtest: operator host normalization and conservative public address oracle
ok 40 - operator host normalization and conservative public address oracle
  ---
  duration_ms: 11.958165
  type: 'test'
  ...
# Subtest: IANA reserved and unallocated IPv6 reject before any adapter call, alone or mixed
ok 41 - IANA reserved and unallocated IPv6 reject before any adapter call, alone or mixed
  ---
  duration_ms: 67.973264
  type: 'test'
  ...
# Subtest: save input enforces TLS ports and limits
ok 42 - save input enforces TLS ports and limits
  ---
  duration_ms: 1.02768
  type: 'test'
  ...
# Subtest: connector revalidation, IP pin/TLS identity, canary scrub and abort deadlines
ok 43 - connector revalidation, IP pin/TLS identity, canary scrub and abort deadlines
  ---
  duration_ms: 22.966389
  type: 'test'
  ...
# Subtest: F04a bounded header-only input normalization and optional incoming ID
ok 44 - F04a bounded header-only input normalization and optional incoming ID
  ---
  duration_ms: 4.446192
  type: 'test'
  ...
# Subtest: F04a explicit page/header/reference/range/validity limits reject before any writes
ok 45 - F04a explicit page/header/reference/range/validity limits reject before any writes
  ---
  duration_ms: 1.837901
  type: 'test'
  ...
# Subtest: B3 plain local test message, random bound token, one-click and reference headers
ok 46 - B3 plain local test message, random bound token, one-click and reference headers
  ---
  duration_ms: 3.690221
  type: 'test'
  ...
# Subtest: B4 retry delays/max3 and exact120s ceiling
ok 47 - B4 retry delays/max3 and exact120s ceiling
  ---
  duration_ms: 0.580361
  type: 'test'
  ...
# Subtest: operator distinct hash auth, malformed secrets and complaint payload bounds
ok 48 - operator distinct hash auth, malformed secrets and complaint payload bounds
  ---
  duration_ms: 4.994922
  type: 'test'
  ...
# Subtest: fixture header-only bounds and ordered source coverage; operation timeout
ok 49 - fixture header-only bounds and ordered source coverage; operation timeout
  ---
  duration_ms: 8.395693
  type: 'test'
  ...
# Subtest: native default transport preserves its global receiver and injected transport still works
ok 50 - native default transport preserves its global receiver and injected transport still works
  ---
  duration_ms: 39.505744
  type: 'test'
  ...
# Subtest: A6 central401 clears private state, aborts pending, redirects; late success/error stay obsolete
ok 51 - A6 central401 clears private state, aborts pending, redirects; late success/error stay obsolete
  ---
  duration_ms: 1.61951
  type: 'test'
  ...
# Subtest: A1 session change fences old identity and body-resolution race
ok 52 - A1 session change fences old identity and body-resolution race
  ---
  duration_ms: 1.305761
  type: 'test'
  ...
# Subtest: A1 late action catch/finally cannot change fresh UI or release its pending bound
ok 53 - A1 late action catch/finally cannot change fresh UI or release its pending bound
  ---
  duration_ms: 0.67188
  type: 'test'
  ...
# Subtest: A6 product source security: explicit assets, same-origin shell, no private storage/untrusted HTML/operator access
ok 54 - A6 product source security: explicit assets, same-origin shell, no private storage/untrusted HTML/operator access
  ---
  duration_ms: 1.47491
  type: 'test'
  ...
# Subtest: diagnostic late success and error cannot repopulate a different session
ok 55 - diagnostic late success and error cannot repopulate a different session
  ---
  duration_ms: 1.1375
  type: 'test'
  ...
1..55
# tests 61
# suites 0
# pass 51
# fail 10
# cancelled 0
# skipped 0
# todo 0
# duration_ms 38459.850699
