
> n7-cold-email-warmup@0.1.0 test
> tsx --test --test-concurrency=1 tests/*-unit.test.ts

TAP version 13
# Subtest: R1 actual authScript passive valid identity redirects silently
ok 1 - R1 actual authScript passive valid identity redirects silently
  ---
  duration_ms: 7.759653
  type: 'test'
  ...
# Subtest: R1 actual successful register notifies exactly once
ok 2 - R1 actual successful register notifies exactly once
  ---
  duration_ms: 3.129922
  type: 'test'
  ...
# Subtest: R1 actual successful login notifies exactly once
ok 3 - R1 actual successful login notifies exactly once
  ---
  duration_ms: 3.766781
  type: 'test'
  ...
# Subtest: R1 failed action/no identity emits zero false/true
ok 4 - R1 failed action/no identity emits zero false/true
  ---
  duration_ms: 2.961831
  type: 'test'
  ...
# Subtest: R1 failed action/no identity emits zero true/false
ok 5 - R1 failed action/no identity emits zero true/false
  ---
  duration_ms: 2.588001
  type: 'test'
  ...
# Subtest: R1 actual app channel login invalidates, aborts and passive followup never echoes
ok 6 - R1 actual app channel login invalidates, aborts and passive followup never echoes
  ---
  duration_ms: 244.347127
  type: 'test'
  ...
# Subtest: R1 actual app channel logout invalidates, aborts and passive followup never echoes
ok 7 - R1 actual app channel logout invalidates, aborts and passive followup never echoes
  ---
  duration_ms: 105.859908
  type: 'test'
  ...
# Subtest: AC-F01-4 Unicode/password byte boundaries reject before invoking KDF
ok 8 - AC-F01-4 Unicode/password byte boundaries reject before invoking KDF
  ---
  duration_ms: 2.928411
  type: 'test'
  ...
# Subtest: AC-F01-4 exact PHC params/salt/output reject adversarial stored costs
ok 9 - AC-F01-4 exact PHC params/salt/output reject adversarial stored costs
  ---
  duration_ms: 1.085611
  type: 'test'
  ...
# Subtest: AC-F01-4 two active KDFs: no queue, unrelated free slot, release on rejection
ok 10 - AC-F01-4 two active KDFs: no queue, unrelated free slot, release on rejection
  ---
  duration_ms: 0.68467
  type: 'test'
  ...
# Subtest: AC-F01-2 opaque canonical cookie and absolute7day HMAC session
ok 11 - AC-F01-2 opaque canonical cookie and absolute7day HMAC session
  ---
  duration_ms: 1.75986
  type: 'test'
  ...
# Subtest: AC-F01-1 safety config fails closed without external runtime key/policy
ok 12 - AC-F01-1 safety config fails closed without external runtime key/policy
  ---
  duration_ms: 22.434418
  type: 'test'
  ...
# Subtest: F05 immutable server plans and closed checkout input
ok 13 - F05 immutable server plans and closed checkout input
  ---
  duration_ms: 4.869072
  type: 'test'
  ...
# Subtest: F05 bounded purpose HMAC cookie exact30day expiration and tamper
ok 14 - F05 bounded purpose HMAC cookie exact30day expiration and tamper
  ---
  duration_ms: 2.602401
  type: 'test'
  ...
# Subtest: F07 strict bounded pages and explicit closed capacity actions
ok 15 - F07 strict bounded pages and explicit closed capacity actions
  ---
  duration_ms: 3.735481
  type: 'test'
  ...
# Subtest: actual phase deadlines and trickle close sockets listeners timers and settle once
    # Subtest: dns
    ok 1 - dns
      ---
      duration_ms: 10658.743785
      type: 'test'
      ...
    # Subtest: connect
    ok 2 - connect
      ---
      duration_ms: 10528.186488
      type: 'test'
      ...
    # Subtest: tls
    ok 3 - tls
      ---
      duration_ms: 10466.592367
      type: 'test'
      ...
    # Subtest: greeting
    ok 4 - greeting
      ---
      duration_ms: 10551.119066
      type: 'test'
      ...
    # Subtest: auth
    ok 5 - auth
      ---
      duration_ms: 10831.961837
      type: 'test'
      ...
    # Subtest: trickle
    ok 6 - trickle
      ---
      duration_ms: 10630.055155
      type: 'test'
      ...
    1..6
ok 16 - actual phase deadlines and trickle close sockets listeners timers and settle once
  ---
  duration_ms: 63670.574619
  type: 'test'
  ...
# Subtest: simultaneous abort peer completion and error cannot publish late success
ok 17 - simultaneous abort peer completion and error cannot publish late success
  ---
  duration_ms: 585.982929
  type: 'test'
  ...
# Subtest: diagnostic byte deadlines cancellation and admission are bounded
ok 18 - diagnostic byte deadlines cancellation and admission are bounded
  ---
  duration_ms: 42.239986
  type: 'test'
  ...
# Subtest: SMTP and IMAP authenticate independently without message commands
ok 19 - SMTP and IMAP authenticate independently without message commands
  ---
  duration_ms: 757.89507
  type: 'test'
  ...
# Subtest: production TLS adapter pins peer and rejects certificate downgrade rebinding
ok 20 - production TLS adapter pins peer and rejects certificate downgrade rebinding
  ---
  duration_ms: 343.008153
  type: 'test'
  ...
# Subtest: hostile TLS protocol states fail closed and cancellation destroys owned sockets
ok 21 - hostile TLS protocol states fail closed and cancellation destroys owned sockets
  ---
  duration_ms: 2378.831169
  type: 'test'
  ...
# Subtest: untrusted certificates TLS downgrade and late cancelled DNS never authenticate
ok 22 - untrusted certificates TLS downgrade and late cancelled DNS never authenticate
  ---
  duration_ms: 1458.910581
  type: 'test'
  ...
# Subtest: A1 canonical bounds, missing fields, source/header injection and escaped preview
ok 23 - A1 canonical bounds, missing fields, source/header injection and escaped preview
  ---
  duration_ms: 4.733142
  type: 'test'
  ...
# Subtest: A2 versioned enrollment AEAD purpose, tenant/id substitution and separately keyed digest
ok 24 - A2 versioned enrollment AEAD purpose, tenant/id substitution and separately keyed digest
  ---
  duration_ms: 3.671272
  type: 'test'
  ...
# Subtest: B1 bounded manual observation input and explicit verification
ok 25 - B1 bounded manual observation input and explicit verification
  ---
  duration_ms: 4.957952
  type: 'test'
  ...
# Subtest: B2 exact 7days/+1ms, 28days/+1ms, equal UTC windows, future and reasons
ok 26 - B2 exact 7days/+1ms, 28days/+1ms, equal UTC windows, future and reasons
  ---
  duration_ms: 1.32921
  type: 'test'
  ...
# Subtest: B2 denominators 29/30 gate ratios and strict raw count improvement
ok 27 - B2 denominators 29/30 gate ratios and strict raw count improvement
  ---
  duration_ms: 0.961281
  type: 'test'
  ...
# Subtest: B3/B4 explicit public whitelist, escaping, historical copy and exactly one badge
ok 28 - B3/B4 explicit public whitelist, escaping, historical copy and exactly one badge
  ---
  duration_ms: 1.09967
  type: 'test'
  ...
# Subtest: B5 bounded history pagination
ok 29 - B5 bounded history pagination
  ---
  duration_ms: 1.322971
  type: 'test'
  ...
# Subtest: F1 primitive enums reject array/object/null before any write
ok 30 - F1 primitive enums reject array/object/null before any write
  ---
  duration_ms: 1.82768
  type: 'test'
  ...
# Subtest: F2 validated UUID uses canonical lowercase identity
ok 31 - F2 validated UUID uses canonical lowercase identity
  ---
  duration_ms: 0.469901
  type: 'test'
  ...
# Subtest: live MIME enforces literal bounds and preserves seven bit wire
ok 32 - live MIME enforces literal bounds and preserves seven bit wire
  ---
  duration_ms: 4.455232
  type: 'test'
  ...
# Subtest: headers reject duplicates ambiguous sender oversized references and literal tags
ok 33 - headers reject duplicates ambiguous sender oversized references and literal tags
  ---
  duration_ms: 2.797951
  type: 'test'
  ...
# Subtest: transport phase deadlines and cancellation remain finite
ok 34 - transport phase deadlines and cancellation remain finite
  ---
  duration_ms: 10.971824
  type: 'test'
  ...
# Subtest: finite runtime lanes join owned operations on abort before returning
ok 35 - finite runtime lanes join owned operations on abort before returning
  ---
  duration_ms: 33.915012
  type: 'test'
  ...
# Subtest: database faults stop admission and abort the internal signal before joining sibling lanes
ok 36 - database faults stop admission and abort the internal signal before joining sibling lanes
  ---
  duration_ms: 23.651598
  type: 'test'
  ...
# Subtest: settled runtime operations yield to the event loop before another fair claim
ok 37 - settled runtime operations yield to the event loop before another fair claim
  ---
  duration_ms: 4.493972
  type: 'test'
  ...
# Subtest: maintenance reconciles after five seconds without an immediate duplicate sweep
ok 38 - maintenance reconciles after five seconds without an immediate duplicate sweep
  ---
  duration_ms: 5303.075873
  type: 'test'
  ...
# Subtest: AEAD fresh nonce, ciphertext/tag/AAD substitution and retained versions fail closed before transport
ok 39 - AEAD fresh nonce, ciphertext/tag/AAD substitution and retained versions fail closed before transport
  ---
  duration_ms: 7.506803
  type: 'test'
  ...
# Subtest: operator host normalization and conservative public address oracle
ok 40 - operator host normalization and conservative public address oracle
  ---
  duration_ms: 16.865126
  type: 'test'
  ...
# Subtest: IANA reserved and unallocated IPv6 reject before any adapter call, alone or mixed
ok 41 - IANA reserved and unallocated IPv6 reject before any adapter call, alone or mixed
  ---
  duration_ms: 58.488391
  type: 'test'
  ...
# Subtest: save input enforces TLS ports and limits
ok 42 - save input enforces TLS ports and limits
  ---
  duration_ms: 1.468731
  type: 'test'
  ...
# Subtest: connector revalidation, IP pin/TLS identity, canary scrub and abort deadlines
ok 43 - connector revalidation, IP pin/TLS identity, canary scrub and abort deadlines
  ---
  duration_ms: 23.629448
  type: 'test'
  ...
# Subtest: F04a bounded header-only input normalization and optional incoming ID
ok 44 - F04a bounded header-only input normalization and optional incoming ID
  ---
  duration_ms: 5.086791
  type: 'test'
  ...
# Subtest: F04a explicit page/header/reference/range/validity limits reject before any writes
ok 45 - F04a explicit page/header/reference/range/validity limits reject before any writes
  ---
  duration_ms: 2.29245
  type: 'test'
  ...
# Subtest: B3 plain local test message, random bound token, one-click and reference headers
ok 46 - B3 plain local test message, random bound token, one-click and reference headers
  ---
  duration_ms: 3.438781
  type: 'test'
  ...
# Subtest: B4 retry delays/max3 and exact120s ceiling
ok 47 - B4 retry delays/max3 and exact120s ceiling
  ---
  duration_ms: 0.29784
  type: 'test'
  ...
# Subtest: operator distinct hash auth, malformed secrets and complaint payload bounds
ok 48 - operator distinct hash auth, malformed secrets and complaint payload bounds
  ---
  duration_ms: 5.335162
  type: 'test'
  ...
# Subtest: fixture header-only bounds and ordered source coverage; operation timeout
ok 49 - fixture header-only bounds and ordered source coverage; operation timeout
  ---
  duration_ms: 8.142223
  type: 'test'
  ...
# Subtest: native default transport preserves its global receiver and injected transport still works
ok 50 - native default transport preserves its global receiver and injected transport still works
  ---
  duration_ms: 42.162455
  type: 'test'
  ...
# Subtest: A6 central401 clears private state, aborts pending, redirects; late success/error stay obsolete
ok 51 - A6 central401 clears private state, aborts pending, redirects; late success/error stay obsolete
  ---
  duration_ms: 1.53367
  type: 'test'
  ...
# Subtest: A1 session change fences old identity and body-resolution race
ok 52 - A1 session change fences old identity and body-resolution race
  ---
  duration_ms: 1.311781
  type: 'test'
  ...
# Subtest: A1 late action catch/finally cannot change fresh UI or release its pending bound
ok 53 - A1 late action catch/finally cannot change fresh UI or release its pending bound
  ---
  duration_ms: 1.705221
  type: 'test'
  ...
# Subtest: A6 product source security: explicit assets, same-origin shell, no private storage/untrusted HTML/operator access
ok 54 - A6 product source security: explicit assets, same-origin shell, no private storage/untrusted HTML/operator access
  ---
  duration_ms: 1.83577
  type: 'test'
  ...
# Subtest: diagnostic late success and error cannot repopulate a different session
ok 55 - diagnostic late success and error cannot repopulate a different session
  ---
  duration_ms: 1.258821
  type: 'test'
  ...
1..55
# tests 61
# suites 0
# pass 61
# fail 0
# cancelled 0
# skipped 0
# todo 0
# duration_ms 82551.872399
