TAP version 13
# Subtest: complete proof becomes immediately eligible without resetting its selected fair turn
not ok 1 - complete proof becomes immediately eligible without resetting its selected fair turn
  ---
  duration_ms: 512.921873
  type: 'test'
  location: '/tmp/n7-f10-remaining-verify-a21/compact-shadow-v1/tests/f10-runtime-integration.test.ts:2:14023'
  failureType: 'testCodeFailure'
  error: |-
    completion retains the selected mailbox turn
    
    '0' !== '34970'
    
  code: 'ERR_ASSERTION'
  name: 'AssertionError'
  expected: '34970'
  actual: '0'
  operator: 'strictEqual'
  stack: |-
    TestContext.<anonymous> (/tmp/n7-f10-remaining-verify-a21/compact-shadow-v1/tests/f10-runtime-integration.test.ts:195:975)
    process.processTicksAndRejections (node:internal/process/task_queues:105:5)
    async Test.run (node:internal/test_runner/test:1054:7)
    async startSubtestAfterBootstrap (node:internal/test_runner/harness:296:3)
  ...
1..1
# tests 1
# suites 0
# pass 0
# fail 1
# cancelled 0
# skipped 0
# todo 0
# duration_ms 972.870278
