TAP version 13
# Subtest: F03b real PG durable final authority, all stop races, sink privacy and outcomes
    # Subtest: B1/B2 SC-US-003-4 revoke
    ok 1 - B1/B2 SC-US-003-4 revoke
      ---
      duration_ms: 577.529966
      type: 'test'
      ...
    # Subtest: B1/B2 SC-US-003-5 revoke
    ok 2 - B1/B2 SC-US-003-5 revoke
      ---
      duration_ms: 771.638776
      type: 'test'
      ...
    # Subtest: B1/B2 SC-US-003-4 version
    ok 3 - B1/B2 SC-US-003-4 version
      ---
      duration_ms: 698.357289
      type: 'test'
      ...
    # Subtest: B1/B2 SC-US-003-5 version
    ok 4 - B1/B2 SC-US-003-5 version
      ---
      duration_ms: 643.50029
      type: 'test'
      ...
    # Subtest: B1/B2 SC-US-003-4 pause
    ok 5 - B1/B2 SC-US-003-4 pause
      ---
      duration_ms: 578.093596
      type: 'test'
      ...
    # Subtest: B1/B2 SC-US-003-5 pause
    ok 6 - B1/B2 SC-US-003-5 pause
      ---
      duration_ms: 655.791434
      type: 'test'
      ...
    # Subtest: B1/B2 SC-US-003-4 sender_withdraw
    ok 7 - B1/B2 SC-US-003-4 sender_withdraw
      ---
      duration_ms: 760.588261
      type: 'test'
      ...
    # Subtest: B1/B2 SC-US-003-5 sender_withdraw
    ok 8 - B1/B2 SC-US-003-5 sender_withdraw
      ---
      duration_ms: 705.069701
      type: 'test'
      ...
    # Subtest: B1/B2 SC-US-003-4 recipient_withdraw
    ok 9 - B1/B2 SC-US-003-4 recipient_withdraw
      ---
      duration_ms: 451.152051
      type: 'test'
      ...
    # Subtest: B1/B2 SC-US-003-5 recipient_withdraw
    ok 10 - B1/B2 SC-US-003-5 recipient_withdraw
      ---
      duration_ms: 525.086137
      type: 'test'
      ...
    # Subtest: B1/B2 SC-US-003-4 reply
    ok 11 - B1/B2 SC-US-003-4 reply
      ---
      duration_ms: 705.127452
      type: 'test'
      ...
    # Subtest: B1/B2 SC-US-003-5 reply
    ok 12 - B1/B2 SC-US-003-5 reply
      ---
      duration_ms: 808.396549
      type: 'test'
      ...
    # Subtest: B1/B2 SC-US-003-4 unsubscribe
    ok 13 - B1/B2 SC-US-003-4 unsubscribe
      ---
      duration_ms: 602.199395
      type: 'test'
      ...
    # Subtest: B1/B2 SC-US-003-5 unsubscribe
    ok 14 - B1/B2 SC-US-003-5 unsubscribe
      ---
      duration_ms: 540.021633
      type: 'test'
      ...
    # Subtest: B1/B2 SC-US-003-4 complaint
    ok 15 - B1/B2 SC-US-003-4 complaint
      ---
      duration_ms: 678.261872
      type: 'test'
      ...
    # Subtest: B1/B2 SC-US-003-5 complaint
    ok 16 - B1/B2 SC-US-003-5 complaint
      ---
      duration_ms: 419.81847
      type: 'test'
      ...
    # Subtest: B1/B2 SC-US-003-4 disable
    ok 17 - B1/B2 SC-US-003-4 disable
      ---
      duration_ms: 365.61755
      type: 'test'
      ...
    # Subtest: B1/B2 SC-US-003-5 disable
    ok 18 - B1/B2 SC-US-003-5 disable
      ---
      duration_ms: 451.166831
      type: 'test'
      ...
    # Subtest: B1/B2 SC-US-003-4 limit
    ok 19 - B1/B2 SC-US-003-4 limit
      ---
      duration_ms: 889.706467
      type: 'test'
      ...
    # Subtest: B1/B2 SC-US-003-5 limit
    ok 20 - B1/B2 SC-US-003-5 limit
      ---
      duration_ms: 1033.503379
      type: 'test'
      ...
    # Subtest: B3 durable rendered sink/token/message refs with own OR intended pool peer read only
    ok 21 - B3 durable rendered sink/token/message refs with own OR intended pool peer read only
      ---
      duration_ms: 1310.885528
      type: 'test'
      ...
    # Subtest: R2 B5 authenticated disabled inspection unavailable before either reader
    ok 22 - R2 B5 authenticated disabled inspection unavailable before either reader
      ---
      duration_ms: 643.12643
      type: 'test'
      ...
    # Subtest: R1 post-lock clock lease45s rejects expired waiter with zero adapter calls
    ok 23 - R1 post-lock clock lease45s rejects expired waiter with zero adapter calls
      ---
      duration_ms: 408.604086
      type: 'test'
      ...
    # Subtest: R1 post-lock clock poll60s rejects stale waiter with live lease and zero adapter calls
    ok 24 - R1 post-lock clock poll60s rejects stale waiter with live lease and zero adapter calls
      ---
      duration_ms: 594.644122
      type: 'test'
      ...
    # Subtest: R1 post-lock clock retry120s rejects ceiling waiter with zero adapter calls
    ok 25 - R1 post-lock clock retry120s rejects ceiling waiter with zero adapter calls
      ---
      duration_ms: 701.822991
      type: 'test'
      ...
    # Subtest: R1 post-lock clock midnight concurrent waiters enforce new-day provider limit1 and reservations
    ok 26 - R1 post-lock clock midnight concurrent waiters enforce new-day provider limit1 and reservations
      ---
      duration_ms: 556.691029
      type: 'test'
      ...
    # Subtest: B1/B5 default disabled, wrong/expired lease, exact poll boundaries and incomplete scan
    ok 27 - B1/B5 default disabled, wrong/expired lease, exact poll boundaries and incomplete scan
      ---
      duration_ms: 3461.421525
      type: 'test'
      ...
    # Subtest: B5 midnight reservations move under concurrent final guard; provider lowered, no off-by-one
    ok 28 - B5 midnight reservations move under concurrent final guard; provider lowered, no off-by-one
      ---
      duration_ms: 508.369372
      type: 'test'
      ...
    # Subtest: B4 proved pre-DATA only, 60s pacing within original120s ceiling, re-enter guards/quota
    ok 29 - B4 proved pre-DATA only, 60s pacing within original120s ceiling, re-enter guards/quota
      ---
      duration_ms: 1121.45755
      type: 'test'
      ...
    # Subtest: B4/B5 retry120s exact ceiling, ambiguous timeout/crash retain quota, never recover resend
    ok 30 - B4/B5 retry120s exact ceiling, ambiguous timeout/crash retain quota, never recover resend
      ---
      duration_ms: 3517.187255
      type: 'test'
      ...
    1..30
ok 1 - F03b real PG durable final authority, all stop races, sink privacy and outcomes
  ---
  duration_ms: 25992.302759
  type: 'test'
  ...
1..1
# tests 31
# suites 0
# pass 31
# fail 0
# cancelled 0
# skipped 0
# todo 0
# duration_ms 26549.675557
