#0 building with "default" instance using docker driver

#1 [internal] load build definition from Dockerfile
#1 transferring dockerfile: 381B done
#1 DONE 0.0s

#2 [internal] load metadata for docker.io/library/node:22.20.0-bookworm-slim
#2 DONE 0.0s

#3 [internal] load .dockerignore
#3 transferring context: 101B done
#3 DONE 0.0s

#4 [internal] load build context
#4 DONE 0.0s

#5 [1/8] FROM docker.io/library/node:22.20.0-bookworm-slim@sha256:b21fe589dfbe5cc39365d0544b9be3f1f33f55f3c86c87a76ff65a02f8f5848e
#5 resolve docker.io/library/node:22.20.0-bookworm-slim@sha256:b21fe589dfbe5cc39365d0544b9be3f1f33f55f3c86c87a76ff65a02f8f5848e 0.0s done
#5 DONE 0.0s

#4 [internal] load build context
#4 transferring context: 2.12kB done
#4 DONE 0.0s

#6 [2/8] WORKDIR /app
#6 CACHED

#7 [4/8] RUN npm ci --omit=dev --include=optional && npm cache clean --force
#7 CACHED

#8 [6/8] COPY db ./db
#8 CACHED

#9 [7/8] COPY scripts ./scripts
#9 CACHED

#10 [5/8] COPY web ./web
#10 CACHED

#11 [3/8] COPY package.json package-lock.json ./
#11 CACHED

#12 [8/8] RUN mkdir -p /private && chown node:node /private
#12 CACHED

#13 exporting to image
#13 exporting layers done
#13 exporting manifest sha256:62a6795df423983da93442090497baae4aab6df9c6eda28b1e3b72a0fd26e54c done
#13 exporting config sha256:a9cb6f496ed12441692d5db82e1aa85c49ea79dcade2b1628bd4736b305d85f7 done
#13 exporting attestation manifest sha256:79e1bc7e667bed6bb820aad238f6ed8b79c2a09f57398c4d460993ec5af95c34 0.0s done
#13 exporting manifest list sha256:52d30fb7a98bd8a507b6ef6841d069215db6eb3e877e620ae1241256fde0a2e4 0.0s done
#13 naming to docker.io/library/n8-ui-e2e-3:63c19811 done
#13 unpacking to docker.io/library/n8-ui-e2e-3:63c19811 0.0s done
#13 DONE 0.1s
