TAP version 13
# Subtest: F02b operator quality software validation, synthetic real-branch data
    # Subtest: normalized upload is actual WebP with bound hashes; output and depth stay PNG
    not ok 1 - normalized upload is actual WebP with bound hashes; output and depth stay PNG
      ---
      duration_ms: 28.60005
      type: 'test'
      location: '/tmp/n8-f02b-fix-mut-tjx2v6gr/tests/quality.test.js:36:13'
      failureType: 'testCodeFailure'
      error: |-
        Expected values to be strictly equal:
        
        'png' !== 'webp'
        
      code: 'ERR_ASSERTION'
      name: 'AssertionError'
      expected: 'webp'
      actual: 'png'
      operator: 'strictEqual'
      stack: |-
        TestContext.<anonymous> (file:///tmp/n8-f02b-fix-mut-tjx2v6gr/tests/quality.test.js:39:14)
        async Test.run (node:internal/test_runner/test:1054:7)
        async TestContext.<anonymous> (file:///tmp/n8-f02b-fix-mut-tjx2v6gr/tests/quality.test.js:36:5)
        async Test.run (node:internal/test_runner/test:1054:7)
        async startSubtestAfterBootstrap (node:internal/test_runner/harness:296:3)
      ...
    # Subtest: otherwise valid synthetic real branch accepts, evidence is canonical, final locks are account then job
    ok 2 - otherwise valid synthetic real branch accepts, evidence is canonical, final locks are account then job
      ---
      duration_ms: 29.63845
      type: 'test'
      ...
    # Subtest: GEOM-03 fixture-quality exclusion targeted assertion, otherwise-valid byte/report provenance
    ok 3 - GEOM-03 fixture-quality exclusion targeted assertion, otherwise-valid byte/report provenance
      ---
      duration_ms: 14.115145
      type: 'test'
      ...
    # Subtest: ordinary actor, absent report, mismatched report, changed bytes and modified immutable evidence refuse
    ok 4 - ordinary actor, absent report, mismatched report, changed bytes and modified immutable evidence refuse
      ---
      duration_ms: 37.591663
      type: 'test'
      ...
    # Subtest: measured corpus thresholds, coverage, source, config, report hashes and synthetic flag
    ok 5 - measured corpus thresholds, coverage, source, config, report hashes and synthetic flag
      ---
      duration_ms: 33.384492
      type: 'test'
      ...
    # Subtest: 12 aliases of one complete input plus 11 single-style inputs cannot satisfy distinct 12x3 coverage
    ok 6 - 12 aliases of one complete input plus 11 single-style inputs cannot satisfy distinct 12x3 coverage
      ---
      duration_ms: 16.650066
      type: 'test'
      ...
    1..6
not ok 1 - F02b operator quality software validation, synthetic real-branch data
  ---
  duration_ms: 173.228872
  type: 'test'
  location: '/tmp/n8-f02b-fix-mut-tjx2v6gr/tests/quality.test.js:33:1'
  failureType: 'subtestsFailed'
  error: '1 subtest failed'
  code: 'ERR_TEST_FAILURE'
  ...
1..1
# tests 7
# suites 0
# pass 5
# fail 2
# cancelled 0
# skipped 0
# todo 0
# duration_ms 182.487525
