TAP version 13
# Subtest: F02b real subprocess bounds, cancellation, lease and cleanup
    # Subtest: one persistent subprocess survives two requests; fixture has actual independent hashes
    ok 1 - one persistent subprocess survives two requests; fixture has actual independent hashes
      ---
      duration_ms: 98.677735
      type: 'test'
      ...
    # Subtest: actual bytes/hash mismatch refuses completion and removes all orphan artifacts
    ok 2 - actual bytes/hash mismatch refuses completion and removes all orphan artifacts
      ---
      duration_ms: 99.693605
      type: 'test'
      ...
    # Subtest: deadline kills actual subprocess; partial artifacts removed
    ok 3 - deadline kills actual subprocess; partial artifacts removed
      ---
      duration_ms: 133.958618
      type: 'test'
      ...
    # Subtest: lost heartbeat cancels child and fences attach
    ok 4 - lost heartbeat cancels child and fences attach
      ---
      duration_ms: 32.679842
      type: 'test'
      ...
    # Subtest: external cancellation kills subprocess
    ok 5 - external cancellation kills subprocess
      ---
      duration_ms: 40.944645
      type: 'test'
      ...
    # Subtest: invalid and oversized stdout or stderr fail bounded protocol
    ok 6 - invalid and oversized stdout or stderr fail bounded protocol
      ---
      duration_ms: 174.780832
      type: 'test'
      ...
    # Subtest: malformed response then awaited stop terminates failed child before healthy restart
    ok 7 - malformed response then awaited stop terminates failed child before healthy restart
      ---
      duration_ms: 125.417795
      type: 'test'
      ...
    # Subtest: obsolete child exit cannot reject an immediate replacement request
    ok 8 - obsolete child exit cannot reject an immediate replacement request
      ---
      duration_ms: 127.268036
      type: 'test'
      ...
    # Subtest: concurrent requests still refuse engine_busy without disturbing active request
    ok 9 - concurrent requests still refuse engine_busy without disturbing active request
      ---
      duration_ms: 64.904163
      type: 'test'
      ...
    # Subtest: stale fence cleans otherwise valid result
    ok 10 - stale fence cleans otherwise valid result
      ---
      duration_ms: 78.807398
      type: 'test'
      ...
    # Subtest: symlinks and unbounded artifact bytes denied
    ok 11 - symlinks and unbounded artifact bytes denied
      ---
      duration_ms: 1.88845
      type: 'test'
      ...
    # Subtest: private reads enforce owner/rejection twice and exact immutable bytes
    ok 12 - private reads enforce owner/rejection twice and exact immutable bytes
      ---
      duration_ms: 5.349671
      type: 'test'
      ...
    1..12
ok 1 - F02b real subprocess bounds, cancellation, lease and cleanup
  ---
  duration_ms: 1020.320804
  type: 'test'
  ...
1..1
# tests 13
# suites 0
# pass 13
# fail 0
# cancelled 0
# skipped 0
# todo 0
# duration_ms 1027.805237
