TAP version 13
# Subtest: SEC-03 mutation oracle accepts only exact tagged owner assertion and rejects unrelated failures
ok 1 - SEC-03 mutation oracle accepts only exact tagged owner assertion and rejects unrelated failures
  ---
  duration_ms: 471.458019
  type: 'test'
  ...
# Subtest: SEC-03 baseline must pass before source changes; no-op and unexpected guards fail closed
ok 2 - SEC-03 baseline must pass before source changes; no-op and unexpected guards fail closed
  ---
  duration_ms: 175.054573
  type: 'test'
  ...
# Subtest: SEC-03 budget oracle requires exact assertion: expected one admission, actual two
ok 3 - SEC-03 budget oracle requires exact assertion: expected one admission, actual two
  ---
  duration_ms: 313.979812
  type: 'test'
  ...
1..3
# tests 3
# suites 0
# pass 3
# fail 0
# cancelled 0
# skipped 0
# todo 0
# duration_ms 971.837747
